Archive member included because of file (symbol)

/Applications/Marmalade.app/Contents/s3e/edk/lib/android/libedk.a(edk_helpers.o)
                              release/s3ePushWoosh_platform.os (s3eEdkThreadRunOnOS)
/Users/Max/android-ndk-r8e/sources/cxx-stl/gnu-libstdc++/4.4.3/libs/armeabi/libgnustl_static.a(string-inst.o)
                              release/s3ePushWoosh_platform.os (_ZNSs4_Rep20_S_empty_rep_storageE)
/Users/Max/android-ndk-r8e/sources/cxx-stl/gnu-libstdc++/4.4.3/libs/armeabi/libgnustl_static.a(atomicity.o)
                              release/s3ePushWoosh_platform.os (_ZN9__gnu_cxx18__exchange_and_addEPVii)
/Users/Max/android-ndk-r8e/sources/cxx-stl/gnu-libstdc++/4.4.3/libs/armeabi/libgnustl_static.a(atexit_arm.o)
                              release/s3ePushWoosh_platform.os (__aeabi_atexit)
/Users/Max/android-ndk-r8e/sources/cxx-stl/gnu-libstdc++/4.4.3/libs/armeabi/libgnustl_static.a(del_op.o)
                              /Users/Max/android-ndk-r8e/sources/cxx-stl/gnu-libstdc++/4.4.3/libs/armeabi/libgnustl_static.a(string-inst.o) (_ZdlPv)
/Users/Max/android-ndk-r8e/sources/cxx-stl/gnu-libstdc++/4.4.3/libs/armeabi/libgnustl_static.a(eh_alloc.o)
                              /Users/Max/android-ndk-r8e/sources/cxx-stl/gnu-libstdc++/4.4.3/libs/armeabi/libgnustl_static.a(atomicity.o) (__cxa_allocate_exception)
/Users/Max/android-ndk-r8e/sources/cxx-stl/gnu-libstdc++/4.4.3/libs/armeabi/libgnustl_static.a(eh_arm.o)
                              /Users/Max/android-ndk-r8e/sources/cxx-stl/gnu-libstdc++/4.4.3/libs/armeabi/libgnustl_static.a(string-inst.o) (__cxa_end_cleanup)
/Users/Max/android-ndk-r8e/sources/cxx-stl/gnu-libstdc++/4.4.3/libs/armeabi/libgnustl_static.a(eh_aux_runtime.o)
                              /Users/Max/android-ndk-r8e/sources/cxx-stl/gnu-libstdc++/4.4.3/libs/armeabi/libgnustl_static.a(eh_arm.o) (__cxa_bad_typeid)
/Users/Max/android-ndk-r8e/sources/cxx-stl/gnu-libstdc++/4.4.3/libs/armeabi/libgnustl_static.a(eh_call.o)
                              /Users/Max/android-ndk-r8e/sources/cxx-stl/gnu-libstdc++/4.4.3/libs/armeabi/libgnustl_static.a(string-inst.o) (__cxa_call_unexpected)
/Users/Max/android-ndk-r8e/sources/cxx-stl/gnu-libstdc++/4.4.3/libs/armeabi/libgnustl_static.a(eh_catch.o)
                              /Users/Max/android-ndk-r8e/sources/cxx-stl/gnu-libstdc++/4.4.3/libs/armeabi/libgnustl_static.a(eh_call.o) (__cxa_end_catch)
/Users/Max/android-ndk-r8e/sources/cxx-stl/gnu-libstdc++/4.4.3/libs/armeabi/libgnustl_static.a(eh_exception.o)
                              /Users/Max/android-ndk-r8e/sources/cxx-stl/gnu-libstdc++/4.4.3/libs/armeabi/libgnustl_static.a(atomicity.o) (_ZNSt9exceptionD2Ev)
/Users/Max/android-ndk-r8e/sources/cxx-stl/gnu-libstdc++/4.4.3/libs/armeabi/libgnustl_static.a(eh_globals.o)
                              /Users/Max/android-ndk-r8e/sources/cxx-stl/gnu-libstdc++/4.4.3/libs/armeabi/libgnustl_static.a(eh_call.o) (__cxa_get_globals_fast)
/Users/Max/android-ndk-r8e/sources/cxx-stl/gnu-libstdc++/4.4.3/libs/armeabi/libgnustl_static.a(eh_personality.o)
                              /Users/Max/android-ndk-r8e/sources/cxx-stl/gnu-libstdc++/4.4.3/libs/armeabi/libgnustl_static.a(string-inst.o) (__gxx_personality_v0)
/Users/Max/android-ndk-r8e/sources/cxx-stl/gnu-libstdc++/4.4.3/libs/armeabi/libgnustl_static.a(eh_terminate.o)
                              /Users/Max/android-ndk-r8e/sources/cxx-stl/gnu-libstdc++/4.4.3/libs/armeabi/libgnustl_static.a(eh_call.o) (_ZN10__cxxabiv111__terminateEPFvvE)
/Users/Max/android-ndk-r8e/sources/cxx-stl/gnu-libstdc++/4.4.3/libs/armeabi/libgnustl_static.a(eh_throw.o)
                              /Users/Max/android-ndk-r8e/sources/cxx-stl/gnu-libstdc++/4.4.3/libs/armeabi/libgnustl_static.a(eh_call.o) (__cxa_rethrow)
/Users/Max/android-ndk-r8e/sources/cxx-stl/gnu-libstdc++/4.4.3/libs/armeabi/libgnustl_static.a(eh_unex_handler.o)
                              /Users/Max/android-ndk-r8e/sources/cxx-stl/gnu-libstdc++/4.4.3/libs/armeabi/libgnustl_static.a(eh_terminate.o) (_ZN10__cxxabiv120__unexpected_handlerE)
/Users/Max/android-ndk-r8e/sources/cxx-stl/gnu-libstdc++/4.4.3/libs/armeabi/libgnustl_static.a(fundamental_type_info.o)
                              /Users/Max/android-ndk-r8e/sources/cxx-stl/gnu-libstdc++/4.4.3/libs/armeabi/libgnustl_static.a(eh_arm.o) (_ZTIv)
/Users/Max/android-ndk-r8e/sources/cxx-stl/gnu-libstdc++/4.4.3/libs/armeabi/libgnustl_static.a(guard.o)
                              /Users/Max/android-ndk-r8e/sources/cxx-stl/gnu-libstdc++/4.4.3/libs/armeabi/libgnustl_static.a(atomicity.o) (__cxa_guard_release)
/Users/Max/android-ndk-r8e/sources/cxx-stl/gnu-libstdc++/4.4.3/libs/armeabi/libgnustl_static.a(new_op.o)
                              /Users/Max/android-ndk-r8e/sources/cxx-stl/gnu-libstdc++/4.4.3/libs/armeabi/libgnustl_static.a(string-inst.o) (_Znwj)
/Users/Max/android-ndk-r8e/sources/cxx-stl/gnu-libstdc++/4.4.3/libs/armeabi/libgnustl_static.a(pointer_type_info.o)
[...]
Memory Configuration

Name             Origin             Length             Attributes
*default*        0x00000000         0xffffffff

Linker script and memory map

LOAD /Users/Max/android-ndk-r8e/platforms/android-9/arch-arm/usr/lib/crtbegin_so.o
LOAD release/s3ePushWoosh_platform.os
LOAD release/s3ePushWoosh.os
LOAD release/s3ePushWoosh_register.os
LOAD /Applications/Marmalade.app/Contents/s3e/edk/lib/android/libedk.a
LOAD /Applications/Marmalade.app/Contents/s3e/edk/lib/android/libplaceholderplaceholderplaceholderplaceholderplaceholder.so
LOAD /Users/Max/android-ndk-r8e/platforms/android-9/arch-arm/usr/lib/liblog.so
LOAD /Users/Max/android-ndk-r8e/sources/cxx-stl/gnu-libstdc++/4.4.3/libs/armeabi/libgnustl_static.a
LOAD /Users/Max/android-ndk-r8e/toolchains/arm-linux-androideabi-4.4.3/prebuilt/darwin-x86/bin/../lib/gcc/arm-linux-androideabi/4.4.3/libgcc.a
LOAD /Users/Max/android-ndk-r8e/platforms/android-9/arch-arm/usr/lib/libstdc++.so
LOAD /Users/Max/android-ndk-r8e/platforms/android-9/arch-arm/usr/lib/libm.so
LOAD /Users/Max/android-ndk-r8e/platforms/android-9/arch-arm/usr/lib/libc.so
LOAD /Users/Max/android-ndk-r8e/toolchains/arm-linux-androideabi-4.4.3/prebuilt/darwin-x86/bin/../lib/gcc/arm-linux-androideabi/4.4.3/libgcc.a
LOAD /Users/Max/android-ndk-r8e/platforms/android-9/arch-arm/usr/lib/libc.so
LOAD /Users/Max/android-ndk-r8e/platforms/android-9/arch-arm/usr/lib/libdl.so
LOAD /Users/Max/android-ndk-r8e/toolchains/arm-linux-androideabi-4.4.3/prebuilt/darwin-x86/bin/../lib/gcc/arm-linux-androideabi/4.4.3/libgcc.a
LOAD /Users/Max/android-ndk-r8e/platforms/android-9/arch-arm/usr/lib/crtend_so.o
                0x000000f4                . = (0x0 + SIZEOF_HEADERS)

.note.gnu.build-id
 *(.note.gnu.build-id)

.hash           0x000000f4      0x96c
 *(.hash)
 .hash          0x000000f4      0x96c /Users/Max/android-ndk-r8e/platforms/android-9/arch-arm/usr/lib/crtbegin_so.o

.gnu.hash
 *(.gnu.hash)

.dynsym         0x00000a60     0x1520
 *(.dynsym)
 .dynsym        0x00000a60     0x1520 /Users/Max/android-ndk-r8e/platforms/android-9/arch-arm/usr/lib/crtbegin_so.o

.dynstr         0x00001f80     0x19c7
 *(.dynstr)
 .dynstr        0x00001f80     0x19c7 /Users/Max/android-ndk-r8e/platforms/android-9/arch-arm/usr/lib/crtbegin_so.o

.gnu.version    0x00003948        0x0 load address 0x00003947
 *(.gnu.version)
 .gnu.version   0x00000000        0x0 /Users/Max/android-ndk-r8e/platforms/android-9/arch-arm/usr/lib/crtbegin_so.o

.gnu.version_d  0x00003948        0x0 load address 0x00003947
 *(.gnu.version_d)
 .gnu.version_d
                0x00000000        0x0 /Users/Max/android-ndk-r8e/platforms/android-9/arch-arm/usr/lib/crtbegin_so.o

.gnu.version_r  0x00003948        0x0 load address 0x00003947
 *(.gnu.version_r)
 .gnu.version_r
                0x00000000        0x0 /Users/Max/android-ndk-r8e/platforms/android-9/arch-arm/usr/lib/crtbegin_so.o

.rel.dyn        0x00003948     0x14b8
 *(.rel.init)
 *(.rel.text .rel.text.* .rel.gnu.linkonce.t.*)
 *(.rel.fini)
 *(.rel.rodata .rel.rodata.* .rel.gnu.linkonce.r.*)
 *(.rel.data.rel.ro* .rel.gnu.linkonce.d.rel.ro.*)
 .rel.data.rel.ro
                0x00003948       0x48 /Users/Max/android-ndk-r8e/platforms/android-9/arch-arm/usr/lib/crtbegin_so.o
 .rel.data.rel.ro._ZTIN9__gnu_cxx24__concurrence_lock_errorE
                0x00003990       0x18 /Users/Max/android-ndk-r8e/platforms/android-9/arch-arm/usr/lib/crtbegin_so.o
 .rel.data.rel.ro._ZTVN9__gnu_cxx24__concurrence_lock_errorE
                0x000039a8       0x20 /Users/Max/android-ndk-r8e/platforms/android-9/arch-arm/usr/lib/crtbegin_so.o
 .rel.data.rel.ro._ZTIN9__gnu_cxx26__concurrence_unlock_errorE
                0x000039c8       0x18 /Users/Max/android-ndk-r8e/platforms/android-9/arch-arm/usr/lib/crtbegin_so.o
 .rel.data.rel.ro._ZTVN9__gnu_cxx26__concurrence_unlock_errorE
                0x000039e0       0x20 /Users/Max/android-ndk-r8e/platforms/android-9/arch-arm/usr/lib/crtbegin_so.o
 .rel.data.rel.ro._ZTIN10__cxxabiv115__forced_unwindE
                0x00003a00       0x10 /Users/Max/android-ndk-r8e/platforms/android-9/arch-arm/usr/lib/crtbegin_so.o
 .rel.data.rel.ro._ZTISt9exception
                0x00003a10       0x10 /Users/Max/android-ndk-r8e/platforms/android-9/arch-arm/usr/lib/crtbegin_so.o
 .rel.data.rel.ro._ZTVSt13bad_exception
                0x00003a20       0x20 /Users/Max/android-ndk-r8e/platforms/android-9/arch-arm/usr/lib/crtbegin_so.o
 .rel.data.rel.ro._ZTISt13bad_exception
                0x00003a40       0x18 /Users/Max/android-ndk-r8e/platforms/android-9/arch-arm/usr/lib/crtbegin_so.o
 .rel.data.rel.ro._ZTIN10__cxxabiv119__foreign_exceptionE
                0x00003a58       0x10 /Users/Max/android-ndk-r8e/platforms/android-9/arch-arm/usr/lib/crtbegin_so.o
 .rel.data.rel.ro._ZTVN10__cxxabiv115__forced_unwindE
                0x00003a68       0x20 /Users/Max/android-ndk-r8e/platforms/android-9/arch-arm/usr/lib/crtbegin_so.o
 .rel.data.rel.ro._ZTVN10__cxxabiv119__foreign_exceptionE
                0x00003a88       0x20 /Users/Max/android-ndk-r8e/platforms/android-9/arch-arm/usr/lib/crtbegin_so.o
 .rel.data.rel.ro._ZTVSt9exception
                0x00003aa8       0x20 /Users/Max/android-ndk-r8e/platforms/android-9/arch-arm/usr/lib/crtbegin_so.o
 .rel.data.rel.ro._ZTIPKe
                0x00003ac8       0x18 /Users/Max/android-ndk-r8e/platforms/android-9/arch-arm/usr/lib/crtbegin_so.o
 .rel.data.rel.ro._ZTIPe
                0x00003ae0       0x18 /Users/Max/android-ndk-r8e/platforms/android-9/arch-arm/usr/lib/crtbegin_so.o
 .rel.data.rel.ro._ZTIe
                0x00003af8       0x10 /Users/Max/android-ndk-r8e/platforms/android-9/arch-arm/usr/lib/crtbegin_so.o
 .rel.data.rel.ro._ZTIPKd
                0x00003b08       0x18 /Users/Max/android-ndk-r8e/platforms/android-9/arch-arm/usr/lib/crtbegin_so.o
 .rel.data.rel.ro._ZTIPd
                0x00003b20       0x18 /Users/Max/android-ndk-r8e/platforms/android-9/arch-arm/usr/lib/crtbegin_so.o
 .rel.data.rel.ro._ZTId
                0x00003b38       0x10 /Users/Max/android-ndk-r8e/platforms/android-9/arch-arm/usr/lib/crtbegin_so.o
 .rel.data.rel.ro._ZTIPKf
                0x00003b48       0x18 /Users/Max/android-ndk-r8e/platforms/android-9/arch-arm/usr/lib/crtbegin_so.o
 .rel.data.rel.ro._ZTIPf
                0x00003b60       0x18 /Users/Max/android-ndk-r8e/platforms/android-9/arch-arm/usr/lib/crtbegin_so.o
 .rel.data.rel.ro._ZTIf
                0x00003b78       0x10 /Users/Max/android-ndk-r8e/platforms/android-9/arch-arm/usr/lib/crtbegin_so.o
 .rel.data.rel.ro._ZTIPKy
                0x00003b88       0x18 /Users/Max/android-ndk-r8e/platforms/android-9/arch-arm/usr/lib/crtbegin_so.o
 .rel.data.rel.ro._ZTIPy
                0x00003ba0       0x18 /Users/Max/android-ndk-r8e/platforms/android-9/arch-arm/usr/lib/crtbegin_so.o
 .rel.data.rel.ro._ZTIy
                0x00003bb8       0x10 /Users/Max/android-ndk-r8e/platforms/android-9/arch-arm/usr/lib/crtbegin_so.o
 .rel.data.rel.ro._ZTIPKx
                0x00003bc8       0x18 /Users/Max/android-ndk-r8e/platforms/android-9/arch-arm/usr/lib/crtbegin_so.o
 .rel.data.rel.ro._ZTIPx
                0x00003be0       0x18 /Users/Max/android-ndk-r8e/platforms/android-9/arch-arm/usr/lib/crtbegin_so.o
 .rel.data.rel.ro._ZTIx
                0x00003bf8       0x10 /Users/Max/android-ndk-r8e/platforms/android-9/arch-arm/usr/lib/crtbegin_so.o
 .rel.data.rel.ro._ZTIPKm
                0x00003c08       0x18 /Users/Max/android-ndk-r8e/platforms/android-9/arch-arm/usr/lib/crtbegin_so.o
 .rel.data.rel.ro._ZTIPm
                0x00003c20       0x18 /Users/Max/android-ndk-r8e/platforms/android-9/arch-arm/usr/lib/crtbegin_so.o
 .rel.data.rel.ro._ZTIm
                0x00003c38       0x10 /Users/Max/android-ndk-r8e/platforms/android-9/arch-arm/usr/lib/crtbegin_so.o
 .rel.data.rel.ro._ZTIPKl
                0x00003c48       0x18 /Users/Max/android-ndk-r8e/platforms/android-9/arch-arm/usr/lib/crtbegin_so.o
 .rel.data.rel.ro._ZTIPl
                0x00003c60       0x18 /Users/Max/android-ndk-r8e/platforms/android-9/arch-arm/usr/lib/crtbegin_so.o
 .rel.data.rel.ro._ZTIl
                0x00003c78       0x10 /Users/Max/android-ndk-r8e/platforms/android-9/arch-arm/usr/lib/crtbegin_so.o
 .rel.data.rel.ro._ZTIPKj
                0x00003c88       0x18 /Users/Max/android-ndk-r8e/platforms/android-9/arch-arm/usr/lib/crtbegin_so.o
 .rel.data.rel.ro._ZTIPj
                0x00003ca0       0x18 /Users/Max/android-ndk-r8e/platforms/android-9/arch-arm/usr/lib/crtbegin_so.o
 .rel.data.rel.ro._ZTIj
                0x00003cb8       0x10 /Users/Max/android-ndk-r8e/platforms/android-9/arch-arm/usr/lib/crtbegin_so.o
 .rel.data.rel.ro._ZTIPKi
                0x00003cc8       0x18 /Users/Max/android-ndk-r8e/platforms/android-9/arch-arm/usr/lib/crtbegin_so.o
 .rel.data.rel.ro._ZTIPi
                0x00003ce0       0x18 /Users/Max/android-ndk-r8e/platforms/android-9/arch-arm/usr/lib/crtbegin_so.o
 .rel.data.rel.ro._ZTIi
                0x00003cf8       0x10 /Users/Max/android-ndk-r8e/platforms/android-9/arch-arm/usr/lib/crtbegin_so.o
 .rel.data.rel.ro._ZTIPKt
                0x00003d08       0x18 /Users/Max/android-ndk-r8e/platforms/android-9/arch-arm/usr/lib/crtbegin_so.o
 .rel.data.rel.ro._ZTIPt
                0x00003d20       0x18 /Users/Max/android-ndk-r8e/platforms/android-9/arch-arm/usr/lib/crtbegin_so.o
 .rel.data.rel.ro._ZTIt
                0x00003d38       0x10 /Users/Max/android-ndk-r8e/platforms/android-9/arch-arm/usr/lib/crtbegin_so.o
 .rel.data.rel.ro._ZTIPKs
                0x00003d48       0x18 /Users/Max/android-ndk-r8e/platforms/android-9/arch-arm/usr/lib/crtbegin_so.o
 .rel.data.rel.ro._ZTIPs
                0x00003d60       0x18 /Users/Max/android-ndk-r8e/platforms/android-9/arch-arm/usr/lib/crtbegin_so.o
 .rel.data.rel.ro._ZTIs
                0x00003d78       0x10 /Users/Max/android-ndk-r8e/platforms/android-9/arch-arm/usr/lib/crtbegin_so.o
 .rel.data.rel.ro._ZTIPKh
                0x00003d88       0x18 /Users/Max/android-ndk-r8e/platforms/android-9/arch-arm/usr/lib/crtbegin_so.o
 .rel.data.rel.ro._ZTIPh
                0x00003da0       0x18 /Users/Max/android-ndk-r8e/platforms/android-9/arch-arm/usr/lib/crtbegin_so.o
 .rel.data.rel.ro._ZTIh
                0x00003db8       0x10 /Users/Max/android-ndk-r8e/platforms/android-9/arch-arm/usr/lib/crtbegin_so.o
 .rel.data.rel.ro._ZTIPKa
                0x00003dc8       0x18 /Users/Max/android-ndk-r8e/platforms/android-9/arch-arm/usr/lib/crtbegin_so.o
 .rel.data.rel.ro._ZTIPa
                0x00003de0       0x18 /Users/Max/android-ndk-r8e/platforms/android-9/arch-arm/usr/lib/crtbegin_so.o
 .rel.data.rel.ro._ZTIa
                0x00003df8       0x10 /Users/Max/android-ndk-r8e/platforms/android-9/arch-arm/usr/lib/crtbegin_so.o
 .rel.data.rel.ro._ZTIPKc
                0x00003e08       0x18 /Users/Max/android-ndk-r8e/platforms/android-9/arch-arm/usr/lib/crtbegin_so.o
 .rel.data.rel.ro._ZTIPc
                0x00003e20       0x18 /Users/Max/android-ndk-r8e/platforms/android-9/arch-arm/usr/lib/crtbegin_so.o
 .rel.data.rel.ro._ZTIc
                0x00003e38       0x10 /Users/Max/android-ndk-r8e/platforms/android-9/arch-arm/usr/lib/crtbegin_so.o
 .rel.data.rel.ro._ZTIPKDi
                0x00003e48       0x18 /Users/Max/android-ndk-r8e/platforms/android-9/arch-arm/usr/lib/crtbegin_so.o
 .rel.data.rel.ro._ZTIPDi
                0x00003e60       0x18 /Users/Max/android-ndk-r8e/platforms/android-9/arch-arm/usr/lib/crtbegin_so.o
 .rel.data.rel.ro._ZTIDi
                0x00003e78       0x10 /Users/Max/android-ndk-r8e/platforms/android-9/arch-arm/usr/lib/crtbegin_so.o
 .rel.data.rel.ro._ZTIPKDs
                0x00003e88       0x18 /Users/Max/android-ndk-r8e/platforms/android-9/arch-arm/usr/lib/crtbegin_so.o
 .rel.data.rel.ro._ZTIPDs
                0x00003ea0       0x18 /Users/Max/android-ndk-r8e/platforms/android-9/arch-arm/usr/lib/crtbegin_so.o
 .rel.data.rel.ro._ZTIDs
                0x00003eb8       0x10 /Users/Max/android-ndk-r8e/platforms/android-9/arch-arm/usr/lib/crtbegin_so.o
 .rel.data.rel.ro._ZTIPKw
                0x00003ec8       0x18 /Users/Max/android-ndk-r8e/platforms/android-9/arch-arm/usr/lib/crtbegin_so.o
 .rel.data.rel.ro._ZTIPw
                0x00003ee0       0x18 /Users/Max/android-ndk-r8e/platforms/android-9/arch-arm/usr/lib/crtbegin_so.o
 .rel.data.rel.ro._ZTIw
                0x00003ef8       0x10 /Users/Max/android-ndk-r8e/platforms/android-9/arch-arm/usr/lib/crtbegin_so.o
 .rel.data.rel.ro._ZTIPKb
                0x00003f08       0x18 /Users/Max/android-ndk-r8e/platforms/android-9/arch-arm/usr/lib/crtbegin_so.o
 .rel.data.rel.ro._ZTIPb
                0x00003f20       0x18 /Users/Max/android-ndk-r8e/platforms/android-9/arch-arm/usr/lib/crtbegin_so.o
 .rel.data.rel.ro._ZTIb
                0x00003f38       0x10 /Users/Max/android-ndk-r8e/platforms/android-9/arch-arm/usr/lib/crtbegin_so.o
 .rel.data.rel.ro._ZTIPKv
                0x00003f48       0x18 /Users/Max/android-ndk-r8e/platforms/android-9/arch-arm/usr/lib/crtbegin_so.o
 .rel.data.rel.ro._ZTIPv
                0x00003f60       0x18 /Users/Max/android-ndk-r8e/platforms/android-9/arch-arm/usr/lib/crtbegin_so.o
 .rel.data.rel.ro._ZTIv
                0x00003f78       0x10 /Users/Max/android-ndk-r8e/platforms/android-9/arch-arm/usr/lib/crtbegin_so.o
 .rel.data.rel.ro._ZTVN10__cxxabiv123__fundamental_type_infoE
                0x00003f88       0x38 /Users/Max/android-ndk-r8e/platforms/android-9/arch-arm/usr/lib/crtbegin_so.o
 .rel.data.rel.ro._ZTIN10__cxxabiv123__fundamental_type_infoE
                0x00003fc0       0x18 /Users/Max/android-ndk-r8e/platforms/android-9/arch-arm/usr/lib/crtbegin_so.o
 .rel.data.rel.ro._ZTIN9__gnu_cxx29__concurrence_broadcast_errorE
                0x00003fd8       0x18 /Users/Max/android-ndk-r8e/platforms/android-9/arch-arm/usr/lib/crtbegin_so.o
 .rel.data.rel.ro._ZTVN9__gnu_cxx29__concurrence_broadcast_errorE
                0x00003ff0       0x20 /Users/Max/android-ndk-r8e/platforms/android-9/arch-arm/usr/lib/crtbegin_so.o
 .rel.data.rel.ro._ZTIN9__gnu_cxx24__concurrence_wait_errorE
                0x00004010       0x18 /Users/Max/android-ndk-r8e/platforms/android-9/arch-arm/usr/lib/crtbegin_so.o
 .rel.data.rel.ro._ZTVN9__gnu_cxx24__concurrence_wait_errorE
                0x00004028       0x20 /Users/Max/android-ndk-r8e/platforms/android-9/arch-arm/usr/lib/crtbegin_so.o
 .rel.data.rel.ro._ZTVN9__gnu_cxx20recursive_init_errorE
                0x00004048       0x20 /Users/Max/android-ndk-r8e/platforms/android-9/arch-arm/usr/lib/crtbegin_so.o
 .rel.data.rel.ro._ZTIN9__gnu_cxx20recursive_init_errorE
                0x00004068       0x18 /Users/Max/android-ndk-r8e/platforms/android-9/arch-arm/usr/lib/crtbegin_so.o
 .rel.data.rel.ro._ZTIN10__cxxabiv119__pointer_type_infoE
                0x00004080       0x18 /Users/Max/android-ndk-r8e/platforms/android-9/arch-arm/usr/lib/crtbegin_so.o
 .rel.data.rel.ro._ZTVN10__cxxabiv119__pointer_type_infoE
                0x00004098       0x40 /Users/Max/android-ndk-r8e/platforms/android-9/arch-arm/usr/lib/crtbegin_so.o
 .rel.data.rel.ro._ZTVN10__cxxabiv120__si_class_type_infoE
                0x000040d8       0x50 /Users/Max/android-ndk-r8e/platforms/android-9/arch-arm/usr/lib/crtbegin_so.o
 .rel.data.rel.ro._ZTIN10__cxxabiv120__si_class_type_infoE
                0x00004128       0x18 /Users/Max/android-ndk-r8e/platforms/android-9/arch-arm/usr/lib/crtbegin_so.o
 .rel.data.rel.ro._ZTVSt9type_info
                0x00004140       0x38 /Users/Max/android-ndk-r8e/platforms/android-9/arch-arm/usr/lib/crtbegin_so.o
 .rel.data.rel.ro._ZTISt9type_info
                0x00004178       0x10 /Users/Max/android-ndk-r8e/platforms/android-9/arch-arm/usr/lib/crtbegin_so.o
 .rel.data.rel.ro._ZTISt15underflow_error
                0x00004188       0x18 /Users/Max/android-ndk-r8e/platforms/android-9/arch-arm/usr/lib/crtbegin_so.o
 .rel.data.rel.ro._ZTVSt15underflow_error
                0x000041a0       0x20 /Users/Max/android-ndk-r8e/platforms/android-9/arch-arm/usr/lib/crtbegin_so.o
 .rel.data.rel.ro._ZTISt14overflow_error
                0x000041c0       0x18 /Users/Max/android-ndk-r8e/platforms/android-9/arch-arm/usr/lib/crtbegin_so.o
 .rel.data.rel.ro._ZTVSt14overflow_error
                0x000041d8       0x20 /Users/Max/android-ndk-r8e/platforms/android-9/arch-arm/usr/lib/crtbegin_so.o
 .rel.data.rel.ro._ZTISt11range_error
                0x000041f8       0x18 /Users/Max/android-ndk-r8e/platforms/android-9/arch-arm/usr/lib/crtbegin_so.o
 .rel.data.rel.ro._ZTVSt11range_error
                0x00004210       0x20 /Users/Max/android-ndk-r8e/platforms/android-9/arch-arm/usr/lib/crtbegin_so.o
 .rel.data.rel.ro._ZTISt12out_of_range
                0x00004230       0x18 /Users/Max/android-ndk-r8e/platforms/android-9/arch-arm/usr/lib/crtbegin_so.o
 .rel.data.rel.ro._ZTVSt12out_of_range
                0x00004248       0x20 /Users/Max/android-ndk-r8e/platforms/android-9/arch-arm/usr/lib/crtbegin_so.o
 .rel.data.rel.ro._ZTISt12length_error
                0x00004268       0x18 /Users/Max/android-ndk-r8e/platforms/android-9/arch-arm/usr/lib/crtbegin_so.o
 .rel.data.rel.ro._ZTVSt12length_error
                0x00004280       0x20 /Users/Max/android-ndk-r8e/platforms/android-9/arch-arm/usr/lib/crtbegin_so.o
 .rel.data.rel.ro._ZTISt16invalid_argument
                0x000042a0       0x18 /Users/Max/android-ndk-r8e/platforms/android-9/arch-arm/usr/lib/crtbegin_so.o
 .rel.data.rel.ro._ZTVSt16invalid_argument
                0x000042b8       0x20 /Users/Max/android-ndk-r8e/platforms/android-9/arch-arm/usr/lib/crtbegin_so.o
 .rel.data.rel.ro._ZTISt12domain_error
                0x000042d8       0x18 /Users/Max/android-ndk-r8e/platforms/android-9/arch-arm/usr/lib/crtbegin_so.o
 .rel.data.rel.ro._ZTVSt12domain_error
                0x000042f0       0x20 /Users/Max/android-ndk-r8e/platforms/android-9/arch-arm/usr/lib/crtbegin_so.o
 .rel.data.rel.ro._ZTVNSt8ios_base7failureE
                0x00004310       0x20 /Users/Max/android-ndk-r8e/platforms/android-9/arch-arm/usr/lib/crtbegin_so.o
 .rel.data.rel.ro._ZTINSt8ios_base7failureE
                0x00004330       0x18 /Users/Max/android-ndk-r8e/platforms/android-9/arch-arm/usr/lib/crtbegin_so.o
 .rel.data.rel.ro._ZTISt13runtime_error
                0x00004348       0x18 /Users/Max/android-ndk-r8e/platforms/android-9/arch-arm/usr/lib/crtbegin_so.o
 .rel.data.rel.ro._ZTVSt11logic_error
                0x00004360       0x20 /Users/Max/android-ndk-r8e/platforms/android-9/arch-arm/usr/lib/crtbegin_so.o
 .rel.data.rel.ro._ZTVSt13runtime_error
                0x00004380       0x20 /Users/Max/android-ndk-r8e/platforms/android-9/arch-arm/usr/lib/crtbegin_so.o
 .rel.data.rel.ro._ZTISt11logic_error
                0x000043a0       0x18 /Users/Max/android-ndk-r8e/platforms/android-9/arch-arm/usr/lib/crtbegin_so.o
 .rel.data.rel.ro._ZTIN12_GLOBAL__N_121system_error_categoryE
                0x000043b8       0x18 /Users/Max/android-ndk-r8e/platforms/android-9/arch-arm/usr/lib/crtbegin_so.o
 .rel.data.rel.ro._ZTVSt12system_error
                0x000043d0       0x20 /Users/Max/android-ndk-r8e/platforms/android-9/arch-arm/usr/lib/crtbegin_so.o
 .rel.data.rel.ro._ZTVSt14error_category
                0x000043f0       0x40 /Users/Max/android-ndk-r8e/platforms/android-9/arch-arm/usr/lib/crtbegin_so.o
 .rel.data.rel.ro._ZTISt12system_error
                0x00004430       0x18 /Users/Max/android-ndk-r8e/platforms/android-9/arch-arm/usr/lib/crtbegin_so.o
 .rel.data.rel.ro._ZTVN12_GLOBAL__N_122generic_error_categoryE
                0x00004448       0x40 /Users/Max/android-ndk-r8e/platforms/android-9/arch-arm/usr/lib/crtbegin_so.o
 .rel.data.rel.ro._ZTISt14error_category
                0x00004488       0x10 /Users/Max/android-ndk-r8e/platforms/android-9/arch-arm/usr/lib/crtbegin_so.o
 .rel.data.rel.ro._ZTIN12_GLOBAL__N_122generic_error_categoryE
                0x00004498       0x18 /Users/Max/android-ndk-r8e/platforms/android-9/arch-arm/usr/lib/crtbegin_so.o
 .rel.data.rel.ro._ZTVN12_GLOBAL__N_121system_error_categoryE
                0x000044b0       0x40 /Users/Max/android-ndk-r8e/platforms/android-9/arch-arm/usr/lib/crtbegin_so.o
 .rel.data.rel.ro._ZTISt8bad_cast
                0x000044f0       0x18 /Users/Max/android-ndk-r8e/platforms/android-9/arch-arm/usr/lib/crtbegin_so.o
 .rel.data.rel.ro._ZTVSt8bad_cast
                0x00004508       0x20 /Users/Max/android-ndk-r8e/platforms/android-9/arch-arm/usr/lib/crtbegin_so.o
 .rel.data.rel.ro._ZTVSt10bad_typeid
                0x00004528       0x20 /Users/Max/android-ndk-r8e/platforms/android-9/arch-arm/usr/lib/crtbegin_so.o
 .rel.data.rel.ro._ZTISt10bad_typeid
                0x00004548       0x18 /Users/Max/android-ndk-r8e/platforms/android-9/arch-arm/usr/lib/crtbegin_so.o
 .rel.data.rel.ro._ZTVN10__cxxabiv117__class_type_infoE
                0x00004560       0x50 /Users/Max/android-ndk-r8e/platforms/android-9/arch-arm/usr/lib/crtbegin_so.o
 .rel.data.rel.ro._ZTIN10__cxxabiv117__class_type_infoE
                0x000045b0       0x18 /Users/Max/android-ndk-r8e/platforms/android-9/arch-arm/usr/lib/crtbegin_so.o
 .rel.data.rel.ro._ZTISt9bad_alloc
                0x000045c8       0x18 /Users/Max/android-ndk-r8e/platforms/android-9/arch-arm/usr/lib/crtbegin_so.o
 .rel.data.rel.ro._ZTVSt9bad_alloc
                0x000045e0       0x20 /Users/Max/android-ndk-r8e/platforms/android-9/arch-arm/usr/lib/crtbegin_so.o
 .rel.data.rel.ro._ZTVN10__cxxabiv117__pbase_type_infoE
                0x00004600       0x40 /Users/Max/android-ndk-r8e/platforms/android-9/arch-arm/usr/lib/crtbegin_so.o
 .rel.data.rel.ro._ZTIN10__cxxabiv117__pbase_type_infoE
                0x00004640       0x18 /Users/Max/android-ndk-r8e/platforms/android-9/arch-arm/usr/lib/crtbegin_so.o
 .rel.data.rel.ro.local
                0x00004658      0x590 /Users/Max/android-ndk-r8e/platforms/android-9/arch-arm/usr/lib/crtbegin_so.o
 *(.rel.data .rel.data.* .rel.gnu.linkonce.d.*)
 .rel.data.rel._ZN10__cxxabiv120__unexpected_handlerE
                0x00004be8        0x8 /Users/Max/android-ndk-r8e/platforms/android-9/arch-arm/usr/lib/crtbegin_so.o
 .rel.data.rel._ZN10__cxxabiv119__terminate_handlerE
                0x00004bf0        0x8 /Users/Max/android-ndk-r8e/platforms/android-9/arch-arm/usr/lib/crtbegin_so.o
 *(.rel.tdata .rel.tdata.* .rel.gnu.linkonce.td.*)
 *(.rel.tbss .rel.tbss.* .rel.gnu.linkonce.tb.*)
 *(.rel.ctors)
 *(.rel.dtors)
 *(.rel.got)
 .rel.got       0x00004bf8      0x1e0 /Users/Max/android-ndk-r8e/platforms/android-9/arch-arm/usr/lib/crtbegin_so.o
 *(.rel.bss .rel.bss.* .rel.gnu.linkonce.b.*)
 .rel.fini_array
                0x00004dd8        0x8 /Users/Max/android-ndk-r8e/platforms/android-9/arch-arm/usr/lib/crtbegin_so.o
 .rel.init_array
                0x00004de0       0x20 /Users/Max/android-ndk-r8e/platforms/android-9/arch-arm/usr/lib/crtbegin_so.o

.rela.dyn
 *(.rela.init)
 *(.rela.text .rela.text.* .rela.gnu.linkonce.t.*)
 *(.rela.fini)
 *(.rela.rodata .rela.rodata.* .rela.gnu.linkonce.r.*)
 *(.rela.data .rela.data.* .rela.gnu.linkonce.d.*)
 *(.rela.tdata .rela.tdata.* .rela.gnu.linkonce.td.*)
 *(.rela.tbss .rela.tbss.* .rela.gnu.linkonce.tb.*)
 *(.rela.ctors)
 *(.rela.dtors)
 *(.rela.got)
 *(.rela.bss .rela.bss.* .rela.gnu.linkonce.b.*)

.rel.plt        0x00004e00      0x140
 *(.rel.plt)
 .rel.plt       0x00004e00      0x140 /Users/Max/android-ndk-r8e/platforms/android-9/arch-arm/usr/lib/crtbegin_so.o

.rela.plt
 *(.rela.plt)

.init
 *(.init)

.plt            0x00004f40      0x1f4
 *(.plt)
 .plt           0x00004f40      0x1f4 /Users/Max/android-ndk-r8e/platforms/android-9/arch-arm/usr/lib/crtbegin_so.o

.text           0x00005134     0xe7b8
 *(.text .stub .text.* .gnu.linkonce.t.*)
 .text          0x00005134       0x14 /Users/Max/android-ndk-r8e/platforms/android-9/arch-arm/usr/lib/crtbegin_so.o
                0x00005134                atexit
 .text.exit     0x00005148       0x10 /Users/Max/android-ndk-r8e/platforms/android-9/arch-arm/usr/lib/crtbegin_so.o
                0x00005148                __on_dlclose
 .text          0x00005158      0xdb0 release/s3ePushWoosh_platform.os
                0x000053cc                _Z43s3ePushWooshNotificationUnRegister_platformv
                0x00005e1c                _Z35native_onNotificationsRegisterErrorP7_JNIEnvP7_jclassP8_jstring
                0x0000541c                _Z41s3ePushWooshNotificationRegister_platformv
                0x0000555c                _Z52s3ePushWooshSetAndroidNotificationMultiMode_platformb
                0x0000546c                _Z43s3ePushWooshNotificationsAvailable_platformv
                0x0000532c                _Z52s3ePushWooshNotificationRegisterWithPWAppID_platformPKc
                0x000055b4                _Z42s3ePushWooshNotificationSetIntTag_platformPKci
                0x0000515c                _Z47s3ePushWooshNotificationSetBadgeNumber_platformi
                0x0000562c                _Z45s3ePushWooshNotificationSetStringTag_platformPKcS0_
                0x00005d30                _Z21native_onPushReceivedP7_JNIEnvP7_jclassP8_jstringS4_
                0x00005248                _Z32native_onNotificationsRegisteredP7_JNIEnvP7_jclassP8_jstring
                0x000051e8                _Z13callbackPausePvS_
                0x0000550c                _Z42s3ePushWooshStartLocationTracking_platformv
                0x00005cd0                _Z15callbackUnpausePvS_
                0x00005158                _Z30s3ePushWooshTerminate_platformv
                0x000056bc                _Z46s3ePushWooshScheduleLocalNotification_platformPKciS0_
                0x0000537c                _Z44s3ePushWooshClearLocalNotifications_platformv
                0x000054bc                _Z41s3ePushWooshStopLocationTracking_platformv
                0x000058bc                _Z25s3ePushWooshInit_platformv
                0x0000575c                _Z29s3ePushWooshGetToken_platformv
 .text._ZN7_JNIEnv11GetMethodIDEP7_jclassPKcS3_
                0x00005f08       0x14 release/s3ePushWoosh_platform.os
                0x00005f08                _ZN7_JNIEnv11GetMethodIDEP7_jclassPKcS3_
 .text._ZN7_JNIEnv13CallIntMethodEP8_jobjectP10_jmethodIDz
                0x00005f1c       0x34 release/s3ePushWoosh_platform.os
                0x00005f1c                _ZN7_JNIEnv13CallIntMethodEP8_jobjectP10_jmethodIDz
 .text._ZN7_JNIEnv16CallObjectMethodEP8_jobjectP10_jmethodIDz
                0x00005f50       0x34 release/s3ePushWoosh_platform.os
                0x00005f50                _ZN7_JNIEnv16CallObjectMethodEP8_jobjectP10_jmethodIDz
 .text._ZN7_JNIEnv17CallBooleanMethodEP8_jobjectP10_jmethodIDz
                0x00005f84       0x34 release/s3ePushWoosh_platform.os
                0x00005f84                _ZN7_JNIEnv17CallBooleanMethodEP8_jobjectP10_jmethodIDz
 .text._ZN7_JNIEnv9NewObjectEP7_jclassP10_jmethodIDz
                0x00005fb8       0x34 release/s3ePushWoosh_platform.os
                0x00005fb8                _ZN7_JNIEnv9NewObjectEP7_jclassP10_jmethodIDz
 .text._ZN7_JNIEnv14CallVoidMethodEP8_jobjectP10_jmethodIDz
                0x00005fec       0x34 release/s3ePushWoosh_platform.os
                0x00005fec                _ZN7_JNIEnv14CallVoidMethodEP8_jobjectP10_jmethodIDz
 .text          0x00006020       0x3c release/s3ePushWoosh.os
                0x00006040                s3ePushWooshNotificationUnRegister
                0x00006038                s3ePushWooshNotificationSetStringTag
                0x00006050                s3ePushWooshNotificationsAvailable
                0x00006030                s3ePushWooshStartLocationTracking
                0x00006054                _Z21s3ePushWooshTerminatev
                0x0000602c                s3ePushWooshStopLocationTracking
                0x0000603c                s3ePushWooshNotificationSetIntTag
                0x00006024                s3ePushWooshSetAndroidNotificationMultiMode
                0x0000604c                s3ePushWooshNotificationRegister
                0x00006044                s3ePushWooshGetToken
                0x00006028                s3ePushWooshScheduleLocalNotification
                0x00006048                s3ePushWooshNotificationRegisterWithPWAppID
                0x00006020                s3ePushWooshNotificationSetBadgeNumber
                0x00006034                s3ePushWooshClearLocalNotifications
                0x00006058                _Z16s3ePushWooshInitv
 .text          0x0000605c      0x3a4 release/s3ePushWoosh_register.os
                0x0000605c                _Z23s3ePushWooshRegisterExtv
                0x0000622c                s3ePushWooshRegister
                0x000061fc                s3ePushWooshUnRegister
                0x00006260                RegisterExt
 .text          0x00006400        0x0 /Applications/Marmalade.app/Contents/s3e/edk/lib/android/libedk.a(edk_helpers.o)
 .text.s3eEdkThreadRunOnOSAsync
                0x00006400       0x30 /Applications/Marmalade.app/Contents/s3e/edk/lib/android/libedk.a(edk_helpers.o)
                0x00006400                s3eEdkThreadRunOnOSAsync
 .text.s3eEdkThreadRunOnOS
                0x00006430       0x30 /Applications/Marmalade.app/Contents/s3e/edk/lib/android/libedk.a(edk_helpers.o)
                0x00006430                s3eEdkThreadRunOnOS
 .text.s3eEdkErrorSetString
                0x00006460       0x30 /Applications/Marmalade.app/Contents/s3e/edk/lib/android/libedk.a(edk_helpers.o)
                0x00006460                s3eEdkErrorSetString
 .text          0x00006490        0x0 /Users/Max/android-ndk-r8e/sources/cxx-stl/gnu-libstdc++/4.4.3/libs/armeabi/libgnustl_static.a(string-inst.o)
 .text._ZNKSs7_M_dataEv
                0x00006490        0x8 /Users/Max/android-ndk-r8e/sources/cxx-stl/gnu-libstdc++/4.4.3/libs/armeabi/libgnustl_static.a(string-inst.o)
                0x00006490                _ZNKSs7_M_dataEv
 .text._ZNSs7_M_dataEPc
                0x00006498        0xc /Users/Max/android-ndk-r8e/sources/cxx-stl/gnu-libstdc++/4.4.3/libs/armeabi/libgnustl_static.a(string-inst.o)
                0x00006498                _ZNSs7_M_dataEPc
 .text._ZNKSs6_M_repEv
                0x000064a4        0xc /Users/Max/android-ndk-r8e/sources/cxx-stl/gnu-libstdc++/4.4.3/libs/armeabi/libgnustl_static.a(string-inst.o)
                0x000064a4                _ZNKSs6_M_repEv
 .text._ZNKSs9_M_ibeginEv
                0x000064b0        0x8 /Users/Max/android-ndk-r8e/sources/cxx-stl/gnu-libstdc++/4.4.3/libs/armeabi/libgnustl_static.a(string-inst.o)
                0x000064b0                _ZNKSs9_M_ibeginEv
 .text._ZNKSs7_M_iendEv
                0x000064b8       0x10 /Users/Max/android-ndk-r8e/sources/cxx-stl/gnu-libstdc++/4.4.3/libs/armeabi/libgnustl_static.a(string-inst.o)
                0x000064b8                _ZNKSs7_M_iendEv
 .text._ZNKSs8_M_limitEjj
                0x000064c8       0x18 /Users/Max/android-ndk-r8e/sources/cxx-stl/gnu-libstdc++/4.4.3/libs/armeabi/libgnustl_static.a(string-inst.o)
                0x000064c8                _ZNKSs8_M_limitEjj
 .text._ZNKSs11_M_disjunctEPKc
                0x000064e0       0x28 /Users/Max/android-ndk-r8e/sources/cxx-stl/gnu-libstdc++/4.4.3/libs/armeabi/libgnustl_static.a(string-inst.o)
                0x000064e0                _ZNKSs11_M_disjunctEPKc
 .text._ZNSs10_S_compareEjj
                0x00006508        0x8 /Users/Max/android-ndk-r8e/sources/cxx-stl/gnu-libstdc++/4.4.3/libs/armeabi/libgnustl_static.a(string-inst.o)
                0x00006508                _ZNSs10_S_compareEjj
 .text._ZNSs12_S_empty_repEv
                0x00006510       0x10 /Users/Max/android-ndk-r8e/sources/cxx-stl/gnu-libstdc++/4.4.3/libs/armeabi/libgnustl_static.a(string-inst.o)
                0x00006510                _ZNSs12_S_empty_repEv
 .text._ZNSsC2Ev
                0x00006520       0x18 /Users/Max/android-ndk-r8e/sources/cxx-stl/gnu-libstdc++/4.4.3/libs/armeabi/libgnustl_static.a(string-inst.o)
                0x00006520                _ZNSsC2Ev
 .text._ZNSsC1Ev
                0x00006538       0x18 /Users/Max/android-ndk-r8e/sources/cxx-stl/gnu-libstdc++/4.4.3/libs/armeabi/libgnustl_static.a(string-inst.o)
                0x00006538                _ZNSsC1Ev
 .text._ZNKSs5beginEv
                0x00006550        0x8 /Users/Max/android-ndk-r8e/sources/cxx-stl/gnu-libstdc++/4.4.3/libs/armeabi/libgnustl_static.a(string-inst.o)
                0x00006550                _ZNKSs5beginEv
 .text._ZNKSs3endEv
                0x00006558       0x10 /Users/Max/android-ndk-r8e/sources/cxx-stl/gnu-libstdc++/4.4.3/libs/armeabi/libgnustl_static.a(string-inst.o)
                0x00006558                _ZNKSs3endEv
 .text._ZNKSs6rbeginEv
                0x00006568       0x14 /Users/Max/android-ndk-r8e/sources/cxx-stl/gnu-libstdc++/4.4.3/libs/armeabi/libgnustl_static.a(string-inst.o)
                0x00006568                _ZNKSs6rbeginEv
 .text._ZNKSs4rendEv
                0x0000657c        0xc /Users/Max/android-ndk-r8e/sources/cxx-stl/gnu-libstdc++/4.4.3/libs/armeabi/libgnustl_static.a(string-inst.o)
                0x0000657c                _ZNKSs4rendEv
 .text._ZNKSs4sizeEv
                0x00006588        0xc /Users/Max/android-ndk-r8e/sources/cxx-stl/gnu-libstdc++/4.4.3/libs/armeabi/libgnustl_static.a(string-inst.o)
                0x00006588                _ZNKSs4sizeEv
 .text._ZNKSs6lengthEv
                0x00006594        0xc /Users/Max/android-ndk-r8e/sources/cxx-stl/gnu-libstdc++/4.4.3/libs/armeabi/libgnustl_static.a(string-inst.o)
                0x00006594                _ZNKSs6lengthEv
 .text._ZNKSs8max_sizeEv
                0x000065a0        0x8 /Users/Max/android-ndk-r8e/sources/cxx-stl/gnu-libstdc++/4.4.3/libs/armeabi/libgnustl_static.a(string-inst.o)
                0x000065a0                _ZNKSs8max_sizeEv
 .text._ZNKSs8capacityEv
                0x000065a8        0xc /Users/Max/android-ndk-r8e/sources/cxx-stl/gnu-libstdc++/4.4.3/libs/armeabi/libgnustl_static.a(string-inst.o)
                0x000065a8                _ZNKSs8capacityEv
 .text._ZNKSs5emptyEv
                0x000065b4       0x14 /Users/Max/android-ndk-r8e/sources/cxx-stl/gnu-libstdc++/4.4.3/libs/armeabi/libgnustl_static.a(string-inst.o)
                0x000065b4                _ZNKSs5emptyEv
 .text._ZNKSsixEj
                0x000065c8        0xc /Users/Max/android-ndk-r8e/sources/cxx-stl/gnu-libstdc++/4.4.3/libs/armeabi/libgnustl_static.a(string-inst.o)
                0x000065c8                _ZNKSsixEj
 .text._ZNSs4swapERSs
                0x000065d4       0x44 /Users/Max/android-ndk-r8e/sources/cxx-stl/gnu-libstdc++/4.4.3/libs/armeabi/libgnustl_static.a(string-inst.o)
                0x000065d4                _ZNSs4swapERSs
 .text._ZNKSs5c_strEv
                0x00006618        0x8 /Users/Max/android-ndk-r8e/sources/cxx-stl/gnu-libstdc++/4.4.3/libs/armeabi/libgnustl_static.a(string-inst.o)
                0x00006618                _ZNKSs5c_strEv
 .text._ZNKSs4dataEv
                0x00006620        0x8 /Users/Max/android-ndk-r8e/sources/cxx-stl/gnu-libstdc++/4.4.3/libs/armeabi/libgnustl_static.a(string-inst.o)
                0x00006620                _ZNKSs4dataEv
 .text._ZNKSs13get_allocatorEv
                0x00006628        0x4 /Users/Max/android-ndk-r8e/sources/cxx-stl/gnu-libstdc++/4.4.3/libs/armeabi/libgnustl_static.a(string-inst.o)
                0x00006628                _ZNKSs13get_allocatorEv
 .text._ZNKSs5rfindEcj
                0x0000662c       0x4c /Users/Max/android-ndk-r8e/sources/cxx-stl/gnu-libstdc++/4.4.3/libs/armeabi/libgnustl_static.a(string-inst.o)
                0x0000662c                _ZNKSs5rfindEcj
 .text._ZNKSs12find_last_ofEcj
                0x00006678        0x4 /Users/Max/android-ndk-r8e/sources/cxx-stl/gnu-libstdc++/4.4.3/libs/armeabi/libgnustl_static.a(string-inst.o)
                0x00006678                _ZNKSs12find_last_ofEcj
 .text._ZNKSs17find_first_not_ofEcj
                0x0000667c       0x48 /Users/Max/android-ndk-r8e/sources/cxx-stl/gnu-libstdc++/4.4.3/libs/armeabi/libgnustl_static.a(string-inst.o)
                0x0000667c                _ZNKSs17find_first_not_ofEcj
 .text._ZNKSs16find_last_not_ofEcj
                0x000066c4       0x44 /Users/Max/android-ndk-r8e/sources/cxx-stl/gnu-libstdc++/4.4.3/libs/armeabi/libgnustl_static.a(string-inst.o)
                0x000066c4                _ZNKSs16find_last_not_ofEcj
 .text._ZNSs12_Alloc_hiderC2EPcRKSaIcE
                0x00006708        0x8 /Users/Max/android-ndk-r8e/sources/cxx-stl/gnu-libstdc++/4.4.3/libs/armeabi/libgnustl_static.a(string-inst.o)
                0x00006708                _ZNSs12_Alloc_hiderC2EPcRKSaIcE
 .text._ZNSs12_Alloc_hiderC1EPcRKSaIcE
                0x00006710        0x8 /Users/Max/android-ndk-r8e/sources/cxx-stl/gnu-libstdc++/4.4.3/libs/armeabi/libgnustl_static.a(string-inst.o)
                0x00006710                _ZNSs12_Alloc_hiderC1EPcRKSaIcE
 .text._ZNSs4_Rep12_S_empty_repEv
                0x00006718       0x10 /Users/Max/android-ndk-r8e/sources/cxx-stl/gnu-libstdc++/4.4.3/libs/armeabi/libgnustl_static.a(string-inst.o)
                0x00006718                _ZNSs4_Rep12_S_empty_repEv
 .text._ZNKSs4_Rep12_M_is_leakedEv
                0x00006728        0xc /Users/Max/android-ndk-r8e/sources/cxx-stl/gnu-libstdc++/4.4.3/libs/armeabi/libgnustl_static.a(string-inst.o)
                0x00006728                _ZNKSs4_Rep12_M_is_leakedEv
 .text._ZNKSs4_Rep12_M_is_sharedEv
                0x00006734       0x14 /Users/Max/android-ndk-r8e/sources/cxx-stl/gnu-libstdc++/4.4.3/libs/armeabi/libgnustl_static.a(string-inst.o)
                0x00006734                _ZNKSs4_Rep12_M_is_sharedEv
 .text._ZNSs4_Rep13_M_set_leakedEv
                0x00006748        0xc /Users/Max/android-ndk-r8e/sources/cxx-stl/gnu-libstdc++/4.4.3/libs/armeabi/libgnustl_static.a(string-inst.o)
                0x00006748                _ZNSs4_Rep13_M_set_leakedEv
 .text._ZNSs4_Rep15_M_set_sharableEv
                0x00006754        0xc /Users/Max/android-ndk-r8e/sources/cxx-stl/gnu-libstdc++/4.4.3/libs/armeabi/libgnustl_static.a(string-inst.o)
                0x00006754                _ZNSs4_Rep15_M_set_sharableEv
 .text._ZNSs4_Rep26_M_set_length_and_sharableEj
                0x00006760       0x18 /Users/Max/android-ndk-r8e/sources/cxx-stl/gnu-libstdc++/4.4.3/libs/armeabi/libgnustl_static.a(string-inst.o)
                0x00006760                _ZNSs4_Rep26_M_set_length_and_sharableEj
 .text._ZNSs4_Rep10_M_refdataEv
                0x00006778        0x8 /Users/Max/android-ndk-r8e/sources/cxx-stl/gnu-libstdc++/4.4.3/libs/armeabi/libgnustl_static.a(string-inst.o)
                0x00006778                _ZNSs4_Rep10_M_refdataEv
 .text._ZN9__gnu_cxxeqIPcSsEEbRKNS_17__normal_iteratorIT_T0_EES7_
                0x00006780       0x18 /Users/Max/android-ndk-r8e/sources/cxx-stl/gnu-libstdc++/4.4.3/libs/armeabi/libgnustl_static.a(string-inst.o)
                0x00006780                _ZN9__gnu_cxxeqIPcSsEEbRKNS_17__normal_iteratorIT_T0_EES7_
 .text._ZN9__gnu_cxxeqIPKcSsEEbRKNS_17__normal_iteratorIT_T0_EES8_
                0x00006798       0x18 /Users/Max/android-ndk-r8e/sources/cxx-stl/gnu-libstdc++/4.4.3/libs/armeabi/libgnustl_static.a(string-inst.o)
                0x00006798                _ZN9__gnu_cxxeqIPKcSsEEbRKNS_17__normal_iteratorIT_T0_EES8_
 .text._ZNSs4_Rep10_M_refcopyEv
                0x000067b0       0x44 /Users/Max/android-ndk-r8e/sources/cxx-stl/gnu-libstdc++/4.4.3/libs/armeabi/libgnustl_static.a(string-inst.o)
                0x000067b0                _ZNSs4_Rep10_M_refcopyEv
 .text._ZNSs4_Rep10_M_destroyERKSaIcE
                0x000067f4        0x4 /Users/Max/android-ndk-r8e/sources/cxx-stl/gnu-libstdc++/4.4.3/libs/armeabi/libgnustl_static.a(string-inst.o)
                0x000067f4                _ZNSs4_Rep10_M_destroyERKSaIcE
 .text._ZNSs4_Rep10_M_disposeERKSaIcE
                0x000067f8       0x3c /Users/Max/android-ndk-r8e/sources/cxx-stl/gnu-libstdc++/4.4.3/libs/armeabi/libgnustl_static.a(string-inst.o)
                0x000067f8                _ZNSs4_Rep10_M_disposeERKSaIcE
 .text._ZNKSs15_M_check_lengthEjjPKc
                0x00006834       0x28 /Users/Max/android-ndk-r8e/sources/cxx-stl/gnu-libstdc++/4.4.3/libs/armeabi/libgnustl_static.a(string-inst.o)
                0x00006834                _ZNKSs15_M_check_lengthEjjPKc
 .text._ZNSs4_Rep9_S_createEjjRKSaIcE
                0x0000685c       0x8c /Users/Max/android-ndk-r8e/sources/cxx-stl/gnu-libstdc++/4.4.3/libs/armeabi/libgnustl_static.a(string-inst.o)
                0x0000685c                _ZNSs4_Rep9_S_createEjjRKSaIcE
 .text._ZNKSs16find_last_not_ofEPKcjj
                0x000068e8       0x5c /Users/Max/android-ndk-r8e/sources/cxx-stl/gnu-libstdc++/4.4.3/libs/armeabi/libgnustl_static.a(string-inst.o)
                0x000068e8                _ZNKSs16find_last_not_ofEPKcjj
 .text._ZNKSs16find_last_not_ofERKSsj
                0x00006944        0xc /Users/Max/android-ndk-r8e/sources/cxx-stl/gnu-libstdc++/4.4.3/libs/armeabi/libgnustl_static.a(string-inst.o)
                0x00006944                _ZNKSs16find_last_not_ofERKSsj
 .text._ZNKSs17find_first_not_ofEPKcjj
                0x00006950       0x60 /Users/Max/android-ndk-r8e/sources/cxx-stl/gnu-libstdc++/4.4.3/libs/armeabi/libgnustl_static.a(string-inst.o)
                0x00006950                _ZNKSs17find_first_not_ofEPKcjj
 .text._ZNKSs17find_first_not_ofERKSsj
                0x000069b0        0xc /Users/Max/android-ndk-r8e/sources/cxx-stl/gnu-libstdc++/4.4.3/libs/armeabi/libgnustl_static.a(string-inst.o)
                0x000069b0                _ZNKSs17find_first_not_ofERKSsj
 .text._ZNKSs12find_last_ofEPKcjj
                0x000069bc       0x60 /Users/Max/android-ndk-r8e/sources/cxx-stl/gnu-libstdc++/4.4.3/libs/armeabi/libgnustl_static.a(string-inst.o)
                0x000069bc                _ZNKSs12find_last_ofEPKcjj
 .text._ZNKSs12find_last_ofERKSsj
                0x00006a1c        0xc /Users/Max/android-ndk-r8e/sources/cxx-stl/gnu-libstdc++/4.4.3/libs/armeabi/libgnustl_static.a(string-inst.o)
                0x00006a1c                _ZNKSs12find_last_ofERKSsj
 .text._ZNKSs13find_first_ofEPKcjj
                0x00006a28       0x5c /Users/Max/android-ndk-r8e/sources/cxx-stl/gnu-libstdc++/4.4.3/libs/armeabi/libgnustl_static.a(string-inst.o)
                0x00006a28                _ZNKSs13find_first_ofEPKcjj
 .text._ZNKSs13find_first_ofERKSsj
                0x00006a84        0xc /Users/Max/android-ndk-r8e/sources/cxx-stl/gnu-libstdc++/4.4.3/libs/armeabi/libgnustl_static.a(string-inst.o)
                0x00006a84                _ZNKSs13find_first_ofERKSsj
 .text._ZNKSs4findEcj
                0x00006a90       0x38 /Users/Max/android-ndk-r8e/sources/cxx-stl/gnu-libstdc++/4.4.3/libs/armeabi/libgnustl_static.a(string-inst.o)
                0x00006a90                _ZNKSs4findEcj
 .text._ZNKSs13find_first_ofEcj
                0x00006ac8        0x4 /Users/Max/android-ndk-r8e/sources/cxx-stl/gnu-libstdc++/4.4.3/libs/armeabi/libgnustl_static.a(string-inst.o)
                0x00006ac8                _ZNKSs13find_first_ofEcj
 .text._ZNKSs2atEj
                0x00006acc       0x2c /Users/Max/android-ndk-r8e/sources/cxx-stl/gnu-libstdc++/4.4.3/libs/armeabi/libgnustl_static.a(string-inst.o)
                0x00006acc                _ZNKSs2atEj
 .text._ZNKSs8_M_checkEjPKc
                0x00006af8       0x24 /Users/Max/android-ndk-r8e/sources/cxx-stl/gnu-libstdc++/4.4.3/libs/armeabi/libgnustl_static.a(string-inst.o)
                0x00006af8                _ZNKSs8_M_checkEjPKc
 .text._ZNKSs7compareEjjRKSsjj
                0x00006b1c       0x88 /Users/Max/android-ndk-r8e/sources/cxx-stl/gnu-libstdc++/4.4.3/libs/armeabi/libgnustl_static.a(string-inst.o)
                0x00006b1c                _ZNKSs7compareEjjRKSsjj
 .text._ZNSs9_M_assignEPcjc
                0x00006ba4       0x1c /Users/Max/android-ndk-r8e/sources/cxx-stl/gnu-libstdc++/4.4.3/libs/armeabi/libgnustl_static.a(string-inst.o)
                0x00006ba4                _ZNSs9_M_assignEPcjc
 .text._ZNSs7_M_moveEPcPKcj
                0x00006bc0       0x18 /Users/Max/android-ndk-r8e/sources/cxx-stl/gnu-libstdc++/4.4.3/libs/armeabi/libgnustl_static.a(string-inst.o)
                0x00006bc0                _ZNSs7_M_moveEPcPKcj
 .text._ZNSs7_M_copyEPcPKcj
                0x00006bd8       0x18 /Users/Max/android-ndk-r8e/sources/cxx-stl/gnu-libstdc++/4.4.3/libs/armeabi/libgnustl_static.a(string-inst.o)
                0x00006bd8                _ZNSs7_M_copyEPcPKcj
 .text._ZNKSs5rfindEPKcjj
                0x00006bf0       0x60 /Users/Max/android-ndk-r8e/sources/cxx-stl/gnu-libstdc++/4.4.3/libs/armeabi/libgnustl_static.a(string-inst.o)
                0x00006bf0                _ZNKSs5rfindEPKcjj
 .text._ZNKSs5rfindERKSsj
                0x00006c50        0xc /Users/Max/android-ndk-r8e/sources/cxx-stl/gnu-libstdc++/4.4.3/libs/armeabi/libgnustl_static.a(string-inst.o)
                0x00006c50                _ZNKSs5rfindERKSsj
 .text._ZNKSs7compareERKSs
                0x00006c5c       0x30 /Users/Max/android-ndk-r8e/sources/cxx-stl/gnu-libstdc++/4.4.3/libs/armeabi/libgnustl_static.a(string-inst.o)
                0x00006c5c                _ZNKSs7compareERKSs
 .text._ZNKSs7compareEjjPKcj
                0x00006c8c       0x58 /Users/Max/android-ndk-r8e/sources/cxx-stl/gnu-libstdc++/4.4.3/libs/armeabi/libgnustl_static.a(string-inst.o)
                0x00006c8c                _ZNKSs7compareEjjPKcj
 .text._ZNKSs7compareEjjRKSs
                0x00006ce4       0x5c /Users/Max/android-ndk-r8e/sources/cxx-stl/gnu-libstdc++/4.4.3/libs/armeabi/libgnustl_static.a(string-inst.o)
                0x00006ce4                _ZNKSs7compareEjjRKSs
 .text._ZNKSs4findEPKcjj
                0x00006d40       0x8c /Users/Max/android-ndk-r8e/sources/cxx-stl/gnu-libstdc++/4.4.3/libs/armeabi/libgnustl_static.a(string-inst.o)
                0x00006d40                _ZNKSs4findEPKcjj
 .text._ZNKSs4findERKSsj
                0x00006dcc        0xc /Users/Max/android-ndk-r8e/sources/cxx-stl/gnu-libstdc++/4.4.3/libs/armeabi/libgnustl_static.a(string-inst.o)
                0x00006dcc                _ZNKSs4findERKSsj
 .text._ZNKSs5rfindEPKcj
                0x00006dd8       0x30 /Users/Max/android-ndk-r8e/sources/cxx-stl/gnu-libstdc++/4.4.3/libs/armeabi/libgnustl_static.a(string-inst.o)
                0x00006dd8                _ZNKSs5rfindEPKcj
 .text._ZNKSs4findEPKcj
                0x00006e08       0x30 /Users/Max/android-ndk-r8e/sources/cxx-stl/gnu-libstdc++/4.4.3/libs/armeabi/libgnustl_static.a(string-inst.o)
                0x00006e08                _ZNKSs4findEPKcj
 .text._ZNKSs16find_last_not_ofEPKcj
                0x00006e38       0x30 /Users/Max/android-ndk-r8e/sources/cxx-stl/gnu-libstdc++/4.4.3/libs/armeabi/libgnustl_static.a(string-inst.o)
                0x00006e38                _ZNKSs16find_last_not_ofEPKcj
 .text._ZNKSs17find_first_not_ofEPKcj
                0x00006e68       0x30 /Users/Max/android-ndk-r8e/sources/cxx-stl/gnu-libstdc++/4.4.3/libs/armeabi/libgnustl_static.a(string-inst.o)
                0x00006e68                _ZNKSs17find_first_not_ofEPKcj
 .text._ZNKSs13find_first_ofEPKcj
                0x00006e98       0x30 /Users/Max/android-ndk-r8e/sources/cxx-stl/gnu-libstdc++/4.4.3/libs/armeabi/libgnustl_static.a(string-inst.o)
                0x00006e98                _ZNKSs13find_first_ofEPKcj
 .text._ZNKSs12find_last_ofEPKcj
                0x00006ec8       0x30 /Users/Max/android-ndk-r8e/sources/cxx-stl/gnu-libstdc++/4.4.3/libs/armeabi/libgnustl_static.a(string-inst.o)
                0x00006ec8                _ZNKSs12find_last_ofEPKcj
 .text._ZNKSs7compareEPKc
                0x00006ef8       0x40 /Users/Max/android-ndk-r8e/sources/cxx-stl/gnu-libstdc++/4.4.3/libs/armeabi/libgnustl_static.a(string-inst.o)
                0x00006ef8                _ZNKSs7compareEPKc
 .text._ZNKSs7compareEjjPKc
                0x00006f38       0x68 /Users/Max/android-ndk-r8e/sources/cxx-stl/gnu-libstdc++/4.4.3/libs/armeabi/libgnustl_static.a(string-inst.o)
                0x00006f38                _ZNKSs7compareEjjPKc
 .text._ZNSs13_S_copy_charsEPcPKcS1_
                0x00006fa0       0x1c /Users/Max/android-ndk-r8e/sources/cxx-stl/gnu-libstdc++/4.4.3/libs/armeabi/libgnustl_static.a(string-inst.o)
                0x00006fa0                _ZNSs13_S_copy_charsEPcPKcS1_
 .text._ZNSs13_S_copy_charsEPcN9__gnu_cxx17__normal_iteratorIPKcSsEES4_
                0x00006fbc       0x1c /Users/Max/android-ndk-r8e/sources/cxx-stl/gnu-libstdc++/4.4.3/libs/armeabi/libgnustl_static.a(string-inst.o)
                0x00006fbc                _ZNSs13_S_copy_charsEPcN9__gnu_cxx17__normal_iteratorIPKcSsEES4_
 .text._ZNSs13_S_copy_charsEPcS_S_
                0x00006fd8       0x1c /Users/Max/android-ndk-r8e/sources/cxx-stl/gnu-libstdc++/4.4.3/libs/armeabi/libgnustl_static.a(string-inst.o)
                0x00006fd8                _ZNSs13_S_copy_charsEPcS_S_
 .text._ZNSs13_S_copy_charsEPcN9__gnu_cxx17__normal_iteratorIS_SsEES2_
                0x00006ff4       0x1c /Users/Max/android-ndk-r8e/sources/cxx-stl/gnu-libstdc++/4.4.3/libs/armeabi/libgnustl_static.a(string-inst.o)
                0x00006ff4                _ZNSs13_S_copy_charsEPcN9__gnu_cxx17__normal_iteratorIS_SsEES2_
 .text._ZNSs12_S_constructIPKcEEPcT_S3_RKSaIcESt20forward_iterator_tag
                0x00007010       0xb4 /Users/Max/android-ndk-r8e/sources/cxx-stl/gnu-libstdc++/4.4.3/libs/armeabi/libgnustl_static.a(string-inst.o)
                0x00007010                _ZNSs12_S_constructIPKcEEPcT_S3_RKSaIcESt20forward_iterator_tag
 .text._ZNSsC1IPKcEET_S2_RKSaIcE
                0x000070c4       0x28 /Users/Max/android-ndk-r8e/sources/cxx-stl/gnu-libstdc++/4.4.3/libs/armeabi/libgnustl_static.a(string-inst.o)
                0x000070c4                _ZNSsC1IPKcEET_S2_RKSaIcE
 .text._ZNSsC2IPKcEET_S2_RKSaIcE
                0x000070ec       0x28 /Users/Max/android-ndk-r8e/sources/cxx-stl/gnu-libstdc++/4.4.3/libs/armeabi/libgnustl_static.a(string-inst.o)
                0x000070ec                _ZNSsC2IPKcEET_S2_RKSaIcE
 .text._ZNSsC1ESt16initializer_listIcERKSaIcE
                0x00007114       0x3c /Users/Max/android-ndk-r8e/sources/cxx-stl/gnu-libstdc++/4.4.3/libs/armeabi/libgnustl_static.a(string-inst.o)
                0x00007114                _ZNSsC1ESt16initializer_listIcERKSaIcE
 .text._ZNSsC2ESt16initializer_listIcERKSaIcE
                0x00007150       0x3c /Users/Max/android-ndk-r8e/sources/cxx-stl/gnu-libstdc++/4.4.3/libs/armeabi/libgnustl_static.a(string-inst.o)
                0x00007150                _ZNSsC2ESt16initializer_listIcERKSaIcE
 .text._ZNSsC1EPKcRKSaIcE
                0x0000718c       0x40 /Users/Max/android-ndk-r8e/sources/cxx-stl/gnu-libstdc++/4.4.3/libs/armeabi/libgnustl_static.a(string-inst.o)
                0x0000718c                _ZNSsC1EPKcRKSaIcE
 .text._ZNSsC2EPKcRKSaIcE
                0x000071cc       0x40 /Users/Max/android-ndk-r8e/sources/cxx-stl/gnu-libstdc++/4.4.3/libs/armeabi/libgnustl_static.a(string-inst.o)
                0x000071cc                _ZNSsC2EPKcRKSaIcE
 .text._ZNSsC1EPKcjRKSaIcE
                0x0000720c       0x28 /Users/Max/android-ndk-r8e/sources/cxx-stl/gnu-libstdc++/4.4.3/libs/armeabi/libgnustl_static.a(string-inst.o)
                0x0000720c                _ZNSsC1EPKcjRKSaIcE
 .text._ZNSsC2EPKcjRKSaIcE
                0x00007234       0x28 /Users/Max/android-ndk-r8e/sources/cxx-stl/gnu-libstdc++/4.4.3/libs/armeabi/libgnustl_static.a(string-inst.o)
                0x00007234                _ZNSsC2EPKcjRKSaIcE
 .text._ZNSs12_S_constructIPcEES0_T_S1_RKSaIcESt20forward_iterator_tag
                0x0000725c       0xb4 /Users/Max/android-ndk-r8e/sources/cxx-stl/gnu-libstdc++/4.4.3/libs/armeabi/libgnustl_static.a(string-inst.o)
                0x0000725c                _ZNSs12_S_constructIPcEES0_T_S1_RKSaIcESt20forward_iterator_tag
 .text._ZNSsC1IPcEET_S1_RKSaIcE
                0x00007310       0x28 /Users/Max/android-ndk-r8e/sources/cxx-stl/gnu-libstdc++/4.4.3/libs/armeabi/libgnustl_static.a(string-inst.o)
                0x00007310                _ZNSsC1IPcEET_S1_RKSaIcE
 .text._ZNSsC2IPcEET_S1_RKSaIcE
                0x00007338       0x28 /Users/Max/android-ndk-r8e/sources/cxx-stl/gnu-libstdc++/4.4.3/libs/armeabi/libgnustl_static.a(string-inst.o)
                0x00007338                _ZNSsC2IPcEET_S1_RKSaIcE
 .text._ZNSsC1ERKSsjjRKSaIcE
                0x00007360       0x58 /Users/Max/android-ndk-r8e/sources/cxx-stl/gnu-libstdc++/4.4.3/libs/armeabi/libgnustl_static.a(string-inst.o)
                0x00007360                _ZNSsC1ERKSsjjRKSaIcE
 .text._ZNSsC2ERKSsjjRKSaIcE
                0x000073b8       0x58 /Users/Max/android-ndk-r8e/sources/cxx-stl/gnu-libstdc++/4.4.3/libs/armeabi/libgnustl_static.a(string-inst.o)
                0x000073b8                _ZNSsC2ERKSsjjRKSaIcE
 .text._ZNSsC1ERKSsjj
                0x00007410       0x64 /Users/Max/android-ndk-r8e/sources/cxx-stl/gnu-libstdc++/4.4.3/libs/armeabi/libgnustl_static.a(string-inst.o)
                0x00007410                _ZNSsC1ERKSsjj
 .text._ZNKSs6substrEjj
                0x00007474       0x34 /Users/Max/android-ndk-r8e/sources/cxx-stl/gnu-libstdc++/4.4.3/libs/armeabi/libgnustl_static.a(string-inst.o)
                0x00007474                _ZNKSs6substrEjj
 .text._ZNSsC2ERKSsjj
                0x000074a8       0x64 /Users/Max/android-ndk-r8e/sources/cxx-stl/gnu-libstdc++/4.4.3/libs/armeabi/libgnustl_static.a(string-inst.o)
                0x000074a8                _ZNSsC2ERKSsjj
 .text._ZNSsD1Ev
                0x0000750c       0x50 /Users/Max/android-ndk-r8e/sources/cxx-stl/gnu-libstdc++/4.4.3/libs/armeabi/libgnustl_static.a(string-inst.o)
                0x0000750c                _ZNSsD1Ev
 .text._ZNSsD2Ev
                0x0000755c       0x50 /Users/Max/android-ndk-r8e/sources/cxx-stl/gnu-libstdc++/4.4.3/libs/armeabi/libgnustl_static.a(string-inst.o)
                0x0000755c                _ZNSsD2Ev
 .text._ZNSs12_S_constructIN9__gnu_cxx17__normal_iteratorIPcSsEEEES2_T_S4_RKSaIcESt20forward_iterator_tag
                0x000075ac       0x7c /Users/Max/android-ndk-r8e/sources/cxx-stl/gnu-libstdc++/4.4.3/libs/armeabi/libgnustl_static.a(string-inst.o)
                0x000075ac                _ZNSs12_S_constructIN9__gnu_cxx17__normal_iteratorIPcSsEEEES2_T_S4_RKSaIcESt20forward_iterator_tag
 .text._ZNSsC1IN9__gnu_cxx17__normal_iteratorIPcSsEEEET_S4_RKSaIcE
                0x00007628       0x28 /Users/Max/android-ndk-r8e/sources/cxx-stl/gnu-libstdc++/4.4.3/libs/armeabi/libgnustl_static.a(string-inst.o)
                0x00007628                _ZNSsC1IN9__gnu_cxx17__normal_iteratorIPcSsEEEET_S4_RKSaIcE
 .text._ZNSsC2IN9__gnu_cxx17__normal_iteratorIPcSsEEEET_S4_RKSaIcE
                0x00007650       0x28 /Users/Max/android-ndk-r8e/sources/cxx-stl/gnu-libstdc++/4.4.3/libs/armeabi/libgnustl_static.a(string-inst.o)
                0x00007650                _ZNSsC2IN9__gnu_cxx17__normal_iteratorIPcSsEEEET_S4_RKSaIcE
 .text._ZNKSs4copyEPcjj
                0x00007678       0x74 /Users/Max/android-ndk-r8e/sources/cxx-stl/gnu-libstdc++/4.4.3/libs/armeabi/libgnustl_static.a(string-inst.o)
                0x00007678                _ZNKSs4copyEPcjj
 .text._ZNSs4_Rep8_M_cloneERKSaIcEj
                0x000076ec       0xa0 /Users/Max/android-ndk-r8e/sources/cxx-stl/gnu-libstdc++/4.4.3/libs/armeabi/libgnustl_static.a(string-inst.o)
                0x000076ec                _ZNSs4_Rep8_M_cloneERKSaIcEj
 .text._ZNSs7reserveEj
                0x0000778c       0x98 /Users/Max/android-ndk-r8e/sources/cxx-stl/gnu-libstdc++/4.4.3/libs/armeabi/libgnustl_static.a(string-inst.o)
                0x0000778c                _ZNSs7reserveEj
 .text._ZNSs9push_backEc
                0x00007824       0x70 /Users/Max/android-ndk-r8e/sources/cxx-stl/gnu-libstdc++/4.4.3/libs/armeabi/libgnustl_static.a(string-inst.o)
                0x00007824                _ZNSs9push_backEc
 .text._ZNSs6appendEjc
                0x00007894       0xc0 /Users/Max/android-ndk-r8e/sources/cxx-stl/gnu-libstdc++/4.4.3/libs/armeabi/libgnustl_static.a(string-inst.o)
                0x00007894                _ZNSs6appendEjc
 .text._ZNSs6appendEPKcj
                0x00007954       0xf4 /Users/Max/android-ndk-r8e/sources/cxx-stl/gnu-libstdc++/4.4.3/libs/armeabi/libgnustl_static.a(string-inst.o)
                0x00007954                _ZNSs6appendEPKcj
 .text._ZNSs6appendEPKc
                0x00007a48       0x28 /Users/Max/android-ndk-r8e/sources/cxx-stl/gnu-libstdc++/4.4.3/libs/armeabi/libgnustl_static.a(string-inst.o)
                0x00007a48                _ZNSs6appendEPKc
 .text._ZNSspLEPKc
                0x00007a70       0x28 /Users/Max/android-ndk-r8e/sources/cxx-stl/gnu-libstdc++/4.4.3/libs/armeabi/libgnustl_static.a(string-inst.o)
                0x00007a70                _ZNSspLEPKc
 .text._ZNSs6appendERKSsjj
                0x00007a98       0xcc /Users/Max/android-ndk-r8e/sources/cxx-stl/gnu-libstdc++/4.4.3/libs/armeabi/libgnustl_static.a(string-inst.o)
                0x00007a98                _ZNSs6appendERKSsjj
 .text._ZNSs6appendERKSs
                0x00007b64       0xa0 /Users/Max/android-ndk-r8e/sources/cxx-stl/gnu-libstdc++/4.4.3/libs/armeabi/libgnustl_static.a(string-inst.o)
                0x00007b64                _ZNSs6appendERKSs
 .text._ZNSspLERKSs
                0x00007c04        0x4 /Users/Max/android-ndk-r8e/sources/cxx-stl/gnu-libstdc++/4.4.3/libs/armeabi/libgnustl_static.a(string-inst.o)
                0x00007c04                _ZNSspLERKSs
 .text._ZStplIcSt11char_traitsIcESaIcEESbIT_T0_T1_ES3_RKS6_
                0x00007c08       0x6c /Users/Max/android-ndk-r8e/sources/cxx-stl/gnu-libstdc++/4.4.3/libs/armeabi/libgnustl_static.a(string-inst.o)
                0x00007c08                _ZStplIcSt11char_traitsIcESaIcEESbIT_T0_T1_ES3_RKS6_
 .text._ZStplIcSt11char_traitsIcESaIcEESbIT_T0_T1_EPKS3_RKS6_
                0x00007c74       0x7c /Users/Max/android-ndk-r8e/sources/cxx-stl/gnu-libstdc++/4.4.3/libs/armeabi/libgnustl_static.a(string-inst.o)
                0x00007c74                _ZStplIcSt11char_traitsIcESaIcEESbIT_T0_T1_EPKS3_RKS6_
 .text._ZNSspLEc
                0x00007cf0       0x70 /Users/Max/android-ndk-r8e/sources/cxx-stl/gnu-libstdc++/4.4.3/libs/armeabi/libgnustl_static.a(string-inst.o)
                0x00007cf0                _ZNSspLEc
 .text._ZNSsC2ERKSs
                0x00007d60       0x88 /Users/Max/android-ndk-r8e/sources/cxx-stl/gnu-libstdc++/4.4.3/libs/armeabi/libgnustl_static.a(string-inst.o)
                0x00007d60                _ZNSsC2ERKSs
 .text._ZNSs4_Rep7_M_grabERKSaIcES2_
                0x00007de8       0x5c /Users/Max/android-ndk-r8e/sources/cxx-stl/gnu-libstdc++/4.4.3/libs/armeabi/libgnustl_static.a(string-inst.o)
                0x00007de8                _ZNSs4_Rep7_M_grabERKSaIcES2_
 .text._ZNSsC1ERKSs
                0x00007e44       0x88 /Users/Max/android-ndk-r8e/sources/cxx-stl/gnu-libstdc++/4.4.3/libs/armeabi/libgnustl_static.a(string-inst.o)
                0x00007e44                _ZNSsC1ERKSs
 .text._ZStplIcSt11char_traitsIcESaIcEESbIT_T0_T1_ERKS6_S8_
                0x00007ecc       0x38 /Users/Max/android-ndk-r8e/sources/cxx-stl/gnu-libstdc++/4.4.3/libs/armeabi/libgnustl_static.a(string-inst.o)
                0x00007ecc                _ZStplIcSt11char_traitsIcESaIcEESbIT_T0_T1_ERKS6_S8_
 .text._ZNSs6assignERKSs
                0x00007f04       0xe0 /Users/Max/android-ndk-r8e/sources/cxx-stl/gnu-libstdc++/4.4.3/libs/armeabi/libgnustl_static.a(string-inst.o)
                0x00007f04                _ZNSs6assignERKSs
 .text._ZNSsaSERKSs
                0x00007fe4        0x4 /Users/Max/android-ndk-r8e/sources/cxx-stl/gnu-libstdc++/4.4.3/libs/armeabi/libgnustl_static.a(string-inst.o)
                0x00007fe4                _ZNSsaSERKSs
 .text._ZNSs9_M_mutateEjjj
                0x00007fe8      0x16c /Users/Max/android-ndk-r8e/sources/cxx-stl/gnu-libstdc++/4.4.3/libs/armeabi/libgnustl_static.a(string-inst.o)
                0x00007fe8                _ZNSs9_M_mutateEjjj
 .text._ZNSs14_M_replace_auxEjjjc
                0x00008154       0x7c /Users/Max/android-ndk-r8e/sources/cxx-stl/gnu-libstdc++/4.4.3/libs/armeabi/libgnustl_static.a(string-inst.o)
                0x00008154                _ZNSs14_M_replace_auxEjjjc
 .text._ZNSs7replaceEN9__gnu_cxx17__normal_iteratorIPcSsEES2_jc
                0x000081d0       0x18 /Users/Max/android-ndk-r8e/sources/cxx-stl/gnu-libstdc++/4.4.3/libs/armeabi/libgnustl_static.a(string-inst.o)
                0x000081d0                _ZNSs7replaceEN9__gnu_cxx17__normal_iteratorIPcSsEES2_jc
 .text._ZNSs7replaceEjjjc
                0x000081e8       0x40 /Users/Max/android-ndk-r8e/sources/cxx-stl/gnu-libstdc++/4.4.3/libs/armeabi/libgnustl_static.a(string-inst.o)
                0x000081e8                _ZNSs7replaceEjjjc
 .text._ZNSs6insertEN9__gnu_cxx17__normal_iteratorIPcSsEEc
                0x00008228       0x40 /Users/Max/android-ndk-r8e/sources/cxx-stl/gnu-libstdc++/4.4.3/libs/armeabi/libgnustl_static.a(string-inst.o)
                0x00008228                _ZNSs6insertEN9__gnu_cxx17__normal_iteratorIPcSsEEc
 .text._ZNSs6insertEjjc
                0x00008268       0x44 /Users/Max/android-ndk-r8e/sources/cxx-stl/gnu-libstdc++/4.4.3/libs/armeabi/libgnustl_static.a(string-inst.o)
                0x00008268                _ZNSs6insertEjjc
 .text._ZNSs6assignEjc
                0x000082ac       0x2c /Users/Max/android-ndk-r8e/sources/cxx-stl/gnu-libstdc++/4.4.3/libs/armeabi/libgnustl_static.a(string-inst.o)
                0x000082ac                _ZNSs6assignEjc
 .text._ZNSs6insertEN9__gnu_cxx17__normal_iteratorIPcSsEEjc
                0x000082d8       0x28 /Users/Max/android-ndk-r8e/sources/cxx-stl/gnu-libstdc++/4.4.3/libs/armeabi/libgnustl_static.a(string-inst.o)
                0x000082d8                _ZNSs6insertEN9__gnu_cxx17__normal_iteratorIPcSsEEjc
 .text._ZNSsaSEc
                0x00008300       0x30 /Users/Max/android-ndk-r8e/sources/cxx-stl/gnu-libstdc++/4.4.3/libs/armeabi/libgnustl_static.a(string-inst.o)
                0x00008300                _ZNSsaSEc
 .text._ZNSs5eraseEN9__gnu_cxx17__normal_iteratorIPcSsEES2_
                0x00008330       0x34 /Users/Max/android-ndk-r8e/sources/cxx-stl/gnu-libstdc++/4.4.3/libs/armeabi/libgnustl_static.a(string-inst.o)
                0x00008330                _ZNSs5eraseEN9__gnu_cxx17__normal_iteratorIPcSsEES2_
 .text._ZNSs5eraseEN9__gnu_cxx17__normal_iteratorIPcSsEE
                0x00008364       0x34 /Users/Max/android-ndk-r8e/sources/cxx-stl/gnu-libstdc++/4.4.3/libs/armeabi/libgnustl_static.a(string-inst.o)
                0x00008364                _ZNSs5eraseEN9__gnu_cxx17__normal_iteratorIPcSsEE
 .text._ZNSs5eraseEjj
                0x00008398       0x44 /Users/Max/android-ndk-r8e/sources/cxx-stl/gnu-libstdc++/4.4.3/libs/armeabi/libgnustl_static.a(string-inst.o)
                0x00008398                _ZNSs5eraseEjj
 .text._ZNSs5clearEv
                0x000083dc       0x14 /Users/Max/android-ndk-r8e/sources/cxx-stl/gnu-libstdc++/4.4.3/libs/armeabi/libgnustl_static.a(string-inst.o)
                0x000083dc                _ZNSs5clearEv
 .text._ZNSs12_M_leak_hardEv
                0x000083f0       0x54 /Users/Max/android-ndk-r8e/sources/cxx-stl/gnu-libstdc++/4.4.3/libs/armeabi/libgnustl_static.a(string-inst.o)
                0x000083f0                _ZNSs12_M_leak_hardEv
 .text._ZNSs7_M_leakEv
                0x00008444       0x14 /Users/Max/android-ndk-r8e/sources/cxx-stl/gnu-libstdc++/4.4.3/libs/armeabi/libgnustl_static.a(string-inst.o)
                0x00008444                _ZNSs7_M_leakEv
 .text._ZNSsixEj
                0x00008458       0x2c /Users/Max/android-ndk-r8e/sources/cxx-stl/gnu-libstdc++/4.4.3/libs/armeabi/libgnustl_static.a(string-inst.o)
                0x00008458                _ZNSsixEj
 .text._ZNSs5beginEv
                0x00008484       0x28 /Users/Max/android-ndk-r8e/sources/cxx-stl/gnu-libstdc++/4.4.3/libs/armeabi/libgnustl_static.a(string-inst.o)
                0x00008484                _ZNSs5beginEv
 .text._ZNSs4rendEv
                0x000084ac       0x34 /Users/Max/android-ndk-r8e/sources/cxx-stl/gnu-libstdc++/4.4.3/libs/armeabi/libgnustl_static.a(string-inst.o)
                0x000084ac                _ZNSs4rendEv
 .text._ZNSs3endEv
                0x000084e0       0x34 /Users/Max/android-ndk-r8e/sources/cxx-stl/gnu-libstdc++/4.4.3/libs/armeabi/libgnustl_static.a(string-inst.o)
                0x000084e0                _ZNSs3endEv
 .text._ZNSs2atEj
                0x00008514       0x4c /Users/Max/android-ndk-r8e/sources/cxx-stl/gnu-libstdc++/4.4.3/libs/armeabi/libgnustl_static.a(string-inst.o)
                0x00008514                _ZNSs2atEj
 .text._ZNSs6rbeginEv
                0x00008560       0x44 /Users/Max/android-ndk-r8e/sources/cxx-stl/gnu-libstdc++/4.4.3/libs/armeabi/libgnustl_static.a(string-inst.o)
                0x00008560                _ZNSs6rbeginEv
 .text._ZNSs15_M_replace_safeEjjPKcj
                0x000085a4       0x60 /Users/Max/android-ndk-r8e/sources/cxx-stl/gnu-libstdc++/4.4.3/libs/armeabi/libgnustl_static.a(string-inst.o)
                0x000085a4                _ZNSs15_M_replace_safeEjjPKcj
 .text._ZNSs6assignEPKcj
                0x00008604       0xec /Users/Max/android-ndk-r8e/sources/cxx-stl/gnu-libstdc++/4.4.3/libs/armeabi/libgnustl_static.a(string-inst.o)
                0x00008604                _ZNSs6assignEPKcj
 .text._ZNSs6assignEPKc
                0x000086f0       0x28 /Users/Max/android-ndk-r8e/sources/cxx-stl/gnu-libstdc++/4.4.3/libs/armeabi/libgnustl_static.a(string-inst.o)
                0x000086f0                _ZNSs6assignEPKc
 .text._ZNSs6assignERKSsjj
                0x00008718       0x40 /Users/Max/android-ndk-r8e/sources/cxx-stl/gnu-libstdc++/4.4.3/libs/armeabi/libgnustl_static.a(string-inst.o)
                0x00008718                _ZNSs6assignERKSsjj
 .text._ZNSsaSEPKc
                0x00008758       0x28 /Users/Max/android-ndk-r8e/sources/cxx-stl/gnu-libstdc++/4.4.3/libs/armeabi/libgnustl_static.a(string-inst.o)
                0x00008758                _ZNSsaSEPKc
 .text._ZNSs6insertEjPKcj
                0x00008780      0x168 /Users/Max/android-ndk-r8e/sources/cxx-stl/gnu-libstdc++/4.4.3/libs/armeabi/libgnustl_static.a(string-inst.o)
                0x00008780                _ZNSs6insertEjPKcj
 .text._ZNSs6insertEjPKc
                0x000088e8       0x30 /Users/Max/android-ndk-r8e/sources/cxx-stl/gnu-libstdc++/4.4.3/libs/armeabi/libgnustl_static.a(string-inst.o)
                0x000088e8                _ZNSs6insertEjPKc
 .text._ZNSs6insertEjRKSsjj
                0x00008918       0x44 /Users/Max/android-ndk-r8e/sources/cxx-stl/gnu-libstdc++/4.4.3/libs/armeabi/libgnustl_static.a(string-inst.o)
                0x00008918                _ZNSs6insertEjRKSsjj
 .text._ZNSs6insertEjRKSs
                0x0000895c        0xc /Users/Max/android-ndk-r8e/sources/cxx-stl/gnu-libstdc++/4.4.3/libs/armeabi/libgnustl_static.a(string-inst.o)
                0x0000895c                _ZNSs6insertEjRKSs
 .text._ZNSs6resizeEjc
                0x00008968       0x4c /Users/Max/android-ndk-r8e/sources/cxx-stl/gnu-libstdc++/4.4.3/libs/armeabi/libgnustl_static.a(string-inst.o)
                0x00008968                _ZNSs6resizeEjc
 .text._ZNSs6resizeEj
                0x000089b4        0x8 /Users/Max/android-ndk-r8e/sources/cxx-stl/gnu-libstdc++/4.4.3/libs/armeabi/libgnustl_static.a(string-inst.o)
                0x000089b4                _ZNSs6resizeEj
 .text._ZNSs12_S_constructEjcRKSaIcE
                0x000089bc       0x70 /Users/Max/android-ndk-r8e/sources/cxx-stl/gnu-libstdc++/4.4.3/libs/armeabi/libgnustl_static.a(string-inst.o)
                0x000089bc                _ZNSs12_S_constructEjcRKSaIcE
 .text._ZNSsC1EjcRKSaIcE
                0x00008a2c       0x24 /Users/Max/android-ndk-r8e/sources/cxx-stl/gnu-libstdc++/4.4.3/libs/armeabi/libgnustl_static.a(string-inst.o)
                0x00008a2c                _ZNSsC1EjcRKSaIcE
 .text._ZNSsC2EjcRKSaIcE
                0x00008a50       0x24 /Users/Max/android-ndk-r8e/sources/cxx-stl/gnu-libstdc++/4.4.3/libs/armeabi/libgnustl_static.a(string-inst.o)
                0x00008a50                _ZNSsC2EjcRKSaIcE
 .text._ZNSsC1ERKSaIcE
                0x00008a74       0x24 /Users/Max/android-ndk-r8e/sources/cxx-stl/gnu-libstdc++/4.4.3/libs/armeabi/libgnustl_static.a(string-inst.o)
                0x00008a74                _ZNSsC1ERKSaIcE
 .text._ZNSsC2ERKSaIcE
                0x00008a98       0x24 /Users/Max/android-ndk-r8e/sources/cxx-stl/gnu-libstdc++/4.4.3/libs/armeabi/libgnustl_static.a(string-inst.o)
                0x00008a98                _ZNSsC2ERKSaIcE
 .text._ZNSs7replaceEjjPKcj
                0x00008abc      0x1a8 /Users/Max/android-ndk-r8e/sources/cxx-stl/gnu-libstdc++/4.4.3/libs/armeabi/libgnustl_static.a(string-inst.o)
                0x00008abc                _ZNSs7replaceEjjPKcj
 .text._ZNSs7replaceEN9__gnu_cxx17__normal_iteratorIPcSsEES2_NS0_IPKcSsEES5_
                0x00008c64       0x24 /Users/Max/android-ndk-r8e/sources/cxx-stl/gnu-libstdc++/4.4.3/libs/armeabi/libgnustl_static.a(string-inst.o)
                0x00008c64                _ZNSs7replaceEN9__gnu_cxx17__normal_iteratorIPcSsEES2_NS0_IPKcSsEES5_
 .text._ZNSs7replaceEN9__gnu_cxx17__normal_iteratorIPcSsEES2_S2_S2_
                0x00008c88       0x24 /Users/Max/android-ndk-r8e/sources/cxx-stl/gnu-libstdc++/4.4.3/libs/armeabi/libgnustl_static.a(string-inst.o)
                0x00008c88                _ZNSs7replaceEN9__gnu_cxx17__normal_iteratorIPcSsEES2_S2_S2_
 .text._ZNSs7replaceEN9__gnu_cxx17__normal_iteratorIPcSsEES2_PKcS4_
                0x00008cac       0x24 /Users/Max/android-ndk-r8e/sources/cxx-stl/gnu-libstdc++/4.4.3/libs/armeabi/libgnustl_static.a(string-inst.o)
                0x00008cac                _ZNSs7replaceEN9__gnu_cxx17__normal_iteratorIPcSsEES2_PKcS4_
 .text._ZNSs7replaceEN9__gnu_cxx17__normal_iteratorIPcSsEES2_S1_S1_
                0x00008cd0       0x24 /Users/Max/android-ndk-r8e/sources/cxx-stl/gnu-libstdc++/4.4.3/libs/armeabi/libgnustl_static.a(string-inst.o)
                0x00008cd0                _ZNSs7replaceEN9__gnu_cxx17__normal_iteratorIPcSsEES2_S1_S1_
 .text._ZNSs7replaceEN9__gnu_cxx17__normal_iteratorIPcSsEES2_PKcj
                0x00008cf4       0x10 /Users/Max/android-ndk-r8e/sources/cxx-stl/gnu-libstdc++/4.4.3/libs/armeabi/libgnustl_static.a(string-inst.o)
                0x00008cf4                _ZNSs7replaceEN9__gnu_cxx17__normal_iteratorIPcSsEES2_PKcj
 .text._ZNSs7replaceEjjPKc
                0x00008d04       0x40 /Users/Max/android-ndk-r8e/sources/cxx-stl/gnu-libstdc++/4.4.3/libs/armeabi/libgnustl_static.a(string-inst.o)
                0x00008d04                _ZNSs7replaceEjjPKc
 .text._ZNSs7replaceEjjRKSsjj
                0x00008d44       0x48 /Users/Max/android-ndk-r8e/sources/cxx-stl/gnu-libstdc++/4.4.3/libs/armeabi/libgnustl_static.a(string-inst.o)
                0x00008d44                _ZNSs7replaceEjjRKSsjj
 .text._ZNSs7replaceEjjRKSs
                0x00008d8c       0x24 /Users/Max/android-ndk-r8e/sources/cxx-stl/gnu-libstdc++/4.4.3/libs/armeabi/libgnustl_static.a(string-inst.o)
                0x00008d8c                _ZNSs7replaceEjjRKSs
 .text._ZNSs7replaceEN9__gnu_cxx17__normal_iteratorIPcSsEES2_RKSs
                0x00008db0       0x30 /Users/Max/android-ndk-r8e/sources/cxx-stl/gnu-libstdc++/4.4.3/libs/armeabi/libgnustl_static.a(string-inst.o)
                0x00008db0                _ZNSs7replaceEN9__gnu_cxx17__normal_iteratorIPcSsEES2_RKSs
 .text._ZNSs7replaceEN9__gnu_cxx17__normal_iteratorIPcSsEES2_PKc
                0x00008de0       0x44 /Users/Max/android-ndk-r8e/sources/cxx-stl/gnu-libstdc++/4.4.3/libs/armeabi/libgnustl_static.a(string-inst.o)
                0x00008de0                _ZNSs7replaceEN9__gnu_cxx17__normal_iteratorIPcSsEES2_PKc
 .text._ZNSs7replaceEN9__gnu_cxx17__normal_iteratorIPcSsEES2_St16initializer_listIcE
                0x00008e24       0x1c /Users/Max/android-ndk-r8e/sources/cxx-stl/gnu-libstdc++/4.4.3/libs/armeabi/libgnustl_static.a(string-inst.o)
                0x00008e24                _ZNSs7replaceEN9__gnu_cxx17__normal_iteratorIPcSsEES2_St16initializer_listIcE
 .text._ZNSs6insertEN9__gnu_cxx17__normal_iteratorIPcSsEESt16initializer_listIcE
                0x00008e40       0x34 /Users/Max/android-ndk-r8e/sources/cxx-stl/gnu-libstdc++/4.4.3/libs/armeabi/libgnustl_static.a(string-inst.o)
                0x00008e40                _ZNSs6insertEN9__gnu_cxx17__normal_iteratorIPcSsEESt16initializer_listIcE
 .text._ZNSs6assignESt16initializer_listIcE
                0x00008e74       0x34 /Users/Max/android-ndk-r8e/sources/cxx-stl/gnu-libstdc++/4.4.3/libs/armeabi/libgnustl_static.a(string-inst.o)
                0x00008e74                _ZNSs6assignESt16initializer_listIcE
 .text._ZNSsaSESt16initializer_listIcE
                0x00008ea8       0x3c /Users/Max/android-ndk-r8e/sources/cxx-stl/gnu-libstdc++/4.4.3/libs/armeabi/libgnustl_static.a(string-inst.o)
                0x00008ea8                _ZNSsaSESt16initializer_listIcE
 .text._ZNSs6appendESt16initializer_listIcE
                0x00008ee4       0x34 /Users/Max/android-ndk-r8e/sources/cxx-stl/gnu-libstdc++/4.4.3/libs/armeabi/libgnustl_static.a(string-inst.o)
                0x00008ee4                _ZNSs6appendESt16initializer_listIcE
 .text._ZNSspLESt16initializer_listIcE
                0x00008f18       0x34 /Users/Max/android-ndk-r8e/sources/cxx-stl/gnu-libstdc++/4.4.3/libs/armeabi/libgnustl_static.a(string-inst.o)
                0x00008f18                _ZNSspLESt16initializer_listIcE
 .text          0x00008f4c        0x0 /Users/Max/android-ndk-r8e/sources/cxx-stl/gnu-libstdc++/4.4.3/libs/armeabi/libgnustl_static.a(atomicity.o)
 .text._ZNK9__gnu_cxx24__concurrence_lock_error4whatEv
                0x00008f4c       0x10 /Users/Max/android-ndk-r8e/sources/cxx-stl/gnu-libstdc++/4.4.3/libs/armeabi/libgnustl_static.a(atomicity.o)
                0x00008f4c                _ZNK9__gnu_cxx24__concurrence_lock_error4whatEv
 .text._ZNK9__gnu_cxx26__concurrence_unlock_error4whatEv
                0x00008f5c       0x10 /Users/Max/android-ndk-r8e/sources/cxx-stl/gnu-libstdc++/4.4.3/libs/armeabi/libgnustl_static.a(atomicity.o)
                0x00008f5c                _ZNK9__gnu_cxx26__concurrence_unlock_error4whatEv
 .text._ZN9__gnu_cxx24__concurrence_lock_errorD1Ev
                0x00008f6c       0x28 /Users/Max/android-ndk-r8e/sources/cxx-stl/gnu-libstdc++/4.4.3/libs/armeabi/libgnustl_static.a(atomicity.o)
                0x00008f6c                _ZN9__gnu_cxx24__concurrence_lock_errorD1Ev
 .text._ZN9__gnu_cxx26__concurrence_unlock_errorD1Ev
                0x00008f94       0x28 /Users/Max/android-ndk-r8e/sources/cxx-stl/gnu-libstdc++/4.4.3/libs/armeabi/libgnustl_static.a(atomicity.o)
                0x00008f94                _ZN9__gnu_cxx26__concurrence_unlock_errorD1Ev
 .text._ZN9__gnu_cxx18__exchange_and_addEPVii
                0x00008fbc      0x124 /Users/Max/android-ndk-r8e/sources/cxx-stl/gnu-libstdc++/4.4.3/libs/armeabi/libgnustl_static.a(atomicity.o)
                0x00008fbc                _ZN9__gnu_cxx18__exchange_and_addEPVii
 .text._ZN9__gnu_cxx12__atomic_addEPVii
                0x000090e0        0x4 /Users/Max/android-ndk-r8e/sources/cxx-stl/gnu-libstdc++/4.4.3/libs/armeabi/libgnustl_static.a(atomicity.o)
                0x000090e0                _ZN9__gnu_cxx12__atomic_addEPVii
 .text._ZN9__gnu_cxx26__concurrence_unlock_errorD0Ev
                0x000090e4       0x30 /Users/Max/android-ndk-r8e/sources/cxx-stl/gnu-libstdc++/4.4.3/libs/armeabi/libgnustl_static.a(atomicity.o)
                0x000090e4                _ZN9__gnu_cxx26__concurrence_unlock_errorD0Ev
 .text._ZN9__gnu_cxx24__concurrence_lock_errorD0Ev
                0x00009114       0x30 /Users/Max/android-ndk-r8e/sources/cxx-stl/gnu-libstdc++/4.4.3/libs/armeabi/libgnustl_static.a(atomicity.o)
                0x00009114                _ZN9__gnu_cxx24__concurrence_lock_errorD0Ev
 .text          0x00009144        0x0 /Users/Max/android-ndk-r8e/sources/cxx-stl/gnu-libstdc++/4.4.3/libs/armeabi/libgnustl_static.a(atexit_arm.o)
 .text.__aeabi_atexit
                0x00009144       0x10 /Users/Max/android-ndk-r8e/sources/cxx-stl/gnu-libstdc++/4.4.3/libs/armeabi/libgnustl_static.a(atexit_arm.o)
                0x00009144                __aeabi_atexit
 .text          0x00009154        0x0 /Users/Max/android-ndk-r8e/sources/cxx-stl/gnu-libstdc++/4.4.3/libs/armeabi/libgnustl_static.a(del_op.o)
 .text._ZdlPv   0x00009154        0xc /Users/Max/android-ndk-r8e/sources/cxx-stl/gnu-libstdc++/4.4.3/libs/armeabi/libgnustl_static.a(del_op.o)
                0x00009154                _ZdlPv
 .text          0x00009160        0x0 /Users/Max/android-ndk-r8e/sources/cxx-stl/gnu-libstdc++/4.4.3/libs/armeabi/libgnustl_static.a(eh_alloc.o)
 .text._GLOBAL__I_eh_alloc.cc
                0x00009160       0x28 /Users/Max/android-ndk-r8e/sources/cxx-stl/gnu-libstdc++/4.4.3/libs/armeabi/libgnustl_static.a(eh_alloc.o)
 .text._ZN9__gnu_cxx13__scoped_lockD1Ev
                0x00009188       0x68 /Users/Max/android-ndk-r8e/sources/cxx-stl/gnu-libstdc++/4.4.3/libs/armeabi/libgnustl_static.a(eh_alloc.o)
                0x00009188                _ZN9__gnu_cxx13__scoped_lockD1Ev
 .text.__cxa_free_dependent_exception
                0x000091f0      0x124 /Users/Max/android-ndk-r8e/sources/cxx-stl/gnu-libstdc++/4.4.3/libs/armeabi/libgnustl_static.a(eh_alloc.o)
                0x000091f0                __cxa_free_dependent_exception
 .text.__cxa_free_exception
                0x00009314      0x11c /Users/Max/android-ndk-r8e/sources/cxx-stl/gnu-libstdc++/4.4.3/libs/armeabi/libgnustl_static.a(eh_alloc.o)
                0x00009314                __cxa_free_exception
 .text.__cxa_allocate_dependent_exception
                0x00009430      0x18c /Users/Max/android-ndk-r8e/sources/cxx-stl/gnu-libstdc++/4.4.3/libs/armeabi/libgnustl_static.a(eh_alloc.o)
                0x00009430                __cxa_allocate_dependent_exception
 .text.__cxa_allocate_exception
                0x000095bc      0x18c /Users/Max/android-ndk-r8e/sources/cxx-stl/gnu-libstdc++/4.4.3/libs/armeabi/libgnustl_static.a(eh_alloc.o)
                0x000095bc                __cxa_allocate_exception
 .text          0x00009748       0x10 /Users/Max/android-ndk-r8e/sources/cxx-stl/gnu-libstdc++/4.4.3/libs/armeabi/libgnustl_static.a(eh_arm.o)
                0x00009748                __cxa_end_cleanup
 .text.__cxa_type_match
                0x00009758      0x1ac /Users/Max/android-ndk-r8e/sources/cxx-stl/gnu-libstdc++/4.4.3/libs/armeabi/libgnustl_static.a(eh_arm.o)
                0x00009758                __cxa_type_match
 .text.__cxa_begin_cleanup
                0x00009904       0xb4 /Users/Max/android-ndk-r8e/sources/cxx-stl/gnu-libstdc++/4.4.3/libs/armeabi/libgnustl_static.a(eh_arm.o)
                0x00009904                __cxa_begin_cleanup
 .text.__gnu_end_cleanup
                0x000099b8       0xb4 /Users/Max/android-ndk-r8e/sources/cxx-stl/gnu-libstdc++/4.4.3/libs/armeabi/libgnustl_static.a(eh_arm.o)
                0x000099b8                __gnu_end_cleanup
 .text          0x00009a6c        0x0 /Users/Max/android-ndk-r8e/sources/cxx-stl/gnu-libstdc++/4.4.3/libs/armeabi/libgnustl_static.a(eh_aux_runtime.o)
 .text.__cxa_bad_typeid
                0x00009a6c       0x48 /Users/Max/android-ndk-r8e/sources/cxx-stl/gnu-libstdc++/4.4.3/libs/armeabi/libgnustl_static.a(eh_aux_runtime.o)
                0x00009a6c                __cxa_bad_typeid
 .text.__cxa_bad_cast
                0x00009ab4       0x48 /Users/Max/android-ndk-r8e/sources/cxx-stl/gnu-libstdc++/4.4.3/libs/armeabi/libgnustl_static.a(eh_aux_runtime.o)
                0x00009ab4                __cxa_bad_cast
 .text          0x00009afc        0x0 /Users/Max/android-ndk-r8e/sources/cxx-stl/gnu-libstdc++/4.4.3/libs/armeabi/libgnustl_static.a(eh_call.o)
 .text.__cxa_call_terminate
                0x00009afc       0x7c /Users/Max/android-ndk-r8e/sources/cxx-stl/gnu-libstdc++/4.4.3/libs/armeabi/libgnustl_static.a(eh_call.o)
                0x00009afc                __cxa_call_terminate
 .text.__cxa_call_unexpected
                0x00009b78      0x1d0 /Users/Max/android-ndk-r8e/sources/cxx-stl/gnu-libstdc++/4.4.3/libs/armeabi/libgnustl_static.a(eh_call.o)
                0x00009b78                __cxa_call_unexpected
 .text          0x00009d48        0x0 /Users/Max/android-ndk-r8e/sources/cxx-stl/gnu-libstdc++/4.4.3/libs/armeabi/libgnustl_static.a(eh_catch.o)
 .text.__cxa_get_exception_ptr
                0x00009d48        0x8 /Users/Max/android-ndk-r8e/sources/cxx-stl/gnu-libstdc++/4.4.3/libs/armeabi/libgnustl_static.a(eh_catch.o)
                0x00009d48                __cxa_get_exception_ptr
 .text._ZSt18uncaught_exceptionv
                0x00009d50       0x18 /Users/Max/android-ndk-r8e/sources/cxx-stl/gnu-libstdc++/4.4.3/libs/armeabi/libgnustl_static.a(eh_catch.o)
                0x00009d50                _ZSt18uncaught_exceptionv
 .text.__cxa_end_catch
                0x00009d68       0xdc /Users/Max/android-ndk-r8e/sources/cxx-stl/gnu-libstdc++/4.4.3/libs/armeabi/libgnustl_static.a(eh_catch.o)
                0x00009d68                __cxa_end_catch
 .text.__cxa_begin_catch
                0x00009e44       0xdc /Users/Max/android-ndk-r8e/sources/cxx-stl/gnu-libstdc++/4.4.3/libs/armeabi/libgnustl_static.a(eh_catch.o)
                0x00009e44                __cxa_begin_catch
 .text          0x00009f20        0x0 /Users/Max/android-ndk-r8e/sources/cxx-stl/gnu-libstdc++/4.4.3/libs/armeabi/libgnustl_static.a(eh_exception.o)
 .text._ZNSt9exceptionD2Ev
                0x00009f20        0x4 /Users/Max/android-ndk-r8e/sources/cxx-stl/gnu-libstdc++/4.4.3/libs/armeabi/libgnustl_static.a(eh_exception.o)
                0x00009f20                _ZNSt9exceptionD2Ev
 .text._ZNSt9exceptionD1Ev
                0x00009f24        0x4 /Users/Max/android-ndk-r8e/sources/cxx-stl/gnu-libstdc++/4.4.3/libs/armeabi/libgnustl_static.a(eh_exception.o)
                0x00009f24                _ZNSt9exceptionD1Ev
 .text._ZNSt13bad_exceptionD2Ev
                0x00009f28       0x34 /Users/Max/android-ndk-r8e/sources/cxx-stl/gnu-libstdc++/4.4.3/libs/armeabi/libgnustl_static.a(eh_exception.o)
                0x00009f28                _ZNSt13bad_exceptionD2Ev
 .text._ZNSt13bad_exceptionD1Ev
                0x00009f5c       0x34 /Users/Max/android-ndk-r8e/sources/cxx-stl/gnu-libstdc++/4.4.3/libs/armeabi/libgnustl_static.a(eh_exception.o)
                0x00009f5c                _ZNSt13bad_exceptionD1Ev
 .text._ZN10__cxxabiv115__forced_unwindD2Ev
                0x00009f90        0x4 /Users/Max/android-ndk-r8e/sources/cxx-stl/gnu-libstdc++/4.4.3/libs/armeabi/libgnustl_static.a(eh_exception.o)
                0x00009f90                _ZN10__cxxabiv115__forced_unwindD2Ev
 .text._ZN10__cxxabiv115__forced_unwindD1Ev
                0x00009f94        0x4 /Users/Max/android-ndk-r8e/sources/cxx-stl/gnu-libstdc++/4.4.3/libs/armeabi/libgnustl_static.a(eh_exception.o)
                0x00009f94                _ZN10__cxxabiv115__forced_unwindD1Ev
 .text._ZN10__cxxabiv119__foreign_exceptionD2Ev
                0x00009f98        0x4 /Users/Max/android-ndk-r8e/sources/cxx-stl/gnu-libstdc++/4.4.3/libs/armeabi/libgnustl_static.a(eh_exception.o)
                0x00009f98                _ZN10__cxxabiv119__foreign_exceptionD2Ev
 .text._ZN10__cxxabiv119__foreign_exceptionD1Ev
                0x00009f9c        0x4 /Users/Max/android-ndk-r8e/sources/cxx-stl/gnu-libstdc++/4.4.3/libs/armeabi/libgnustl_static.a(eh_exception.o)
                0x00009f9c                _ZN10__cxxabiv119__foreign_exceptionD1Ev
 .text._ZNKSt9exception4whatEv
                0x00009fa0       0x10 /Users/Max/android-ndk-r8e/sources/cxx-stl/gnu-libstdc++/4.4.3/libs/armeabi/libgnustl_static.a(eh_exception.o)
                0x00009fa0                _ZNKSt9exception4whatEv
 .text._ZNKSt13bad_exception4whatEv
                0x00009fb0       0x10 /Users/Max/android-ndk-r8e/sources/cxx-stl/gnu-libstdc++/4.4.3/libs/armeabi/libgnustl_static.a(eh_exception.o)
                0x00009fb0                _ZNKSt13bad_exception4whatEv
 .text._ZN10__cxxabiv119__foreign_exceptionD0Ev
                0x00009fc0       0x1c /Users/Max/android-ndk-r8e/sources/cxx-stl/gnu-libstdc++/4.4.3/libs/armeabi/libgnustl_static.a(eh_exception.o)
                0x00009fc0                _ZN10__cxxabiv119__foreign_exceptionD0Ev
 .text._ZN10__cxxabiv115__forced_unwindD0Ev
                0x00009fdc       0x1c /Users/Max/android-ndk-r8e/sources/cxx-stl/gnu-libstdc++/4.4.3/libs/armeabi/libgnustl_static.a(eh_exception.o)
                0x00009fdc                _ZN10__cxxabiv115__forced_unwindD0Ev
 .text._ZNSt9exceptionD0Ev
                0x00009ff8       0x1c /Users/Max/android-ndk-r8e/sources/cxx-stl/gnu-libstdc++/4.4.3/libs/armeabi/libgnustl_static.a(eh_exception.o)
                0x00009ff8                _ZNSt9exceptionD0Ev
 .text._ZNSt13bad_exceptionD0Ev
                0x0000a014       0x1c /Users/Max/android-ndk-r8e/sources/cxx-stl/gnu-libstdc++/4.4.3/libs/armeabi/libgnustl_static.a(eh_exception.o)
                0x0000a014                _ZNSt13bad_exceptionD0Ev
 .text          0x0000a030        0x0 /Users/Max/android-ndk-r8e/sources/cxx-stl/gnu-libstdc++/4.4.3/libs/armeabi/libgnustl_static.a(eh_globals.o)
 .text._GLOBAL__I_eh_globals.cc
                0x0000a030       0x5c /Users/Max/android-ndk-r8e/sources/cxx-stl/gnu-libstdc++/4.4.3/libs/armeabi/libgnustl_static.a(eh_globals.o)
 .text._ZL15eh_globals_dtorPv
                0x0000a08c       0x38 /Users/Max/android-ndk-r8e/sources/cxx-stl/gnu-libstdc++/4.4.3/libs/armeabi/libgnustl_static.a(eh_globals.o)
 .text._ZN17__eh_globals_initD1Ev
                0x0000a0c4       0x34 /Users/Max/android-ndk-r8e/sources/cxx-stl/gnu-libstdc++/4.4.3/libs/armeabi/libgnustl_static.a(eh_globals.o)
                0x0000a0c4                _ZN17__eh_globals_initD1Ev
 .text.__cxa_get_globals_fast
                0x0000a0f8       0x48 /Users/Max/android-ndk-r8e/sources/cxx-stl/gnu-libstdc++/4.4.3/libs/armeabi/libgnustl_static.a(eh_globals.o)
                0x0000a0f8                __cxa_get_globals_fast
 .text.__cxa_get_globals
                0x0000a140       0x90 /Users/Max/android-ndk-r8e/sources/cxx-stl/gnu-libstdc++/4.4.3/libs/armeabi/libgnustl_static.a(eh_globals.o)
                0x0000a140                __cxa_get_globals
 .text          0x0000a1d0        0x0 /Users/Max/android-ndk-r8e/sources/cxx-stl/gnu-libstdc++/4.4.3/libs/armeabi/libgnustl_static.a(eh_personality.o)
 .text._ZL12read_sleb128PKhPl
                0x0000a1d0       0x44 /Users/Max/android-ndk-r8e/sources/cxx-stl/gnu-libstdc++/4.4.3/libs/armeabi/libgnustl_static.a(eh_personality.o)
 .text._ZL21base_of_encoded_valuehP15_Unwind_Context
                0x0000a214       0x78 /Users/Max/android-ndk-r8e/sources/cxx-stl/gnu-libstdc++/4.4.3/libs/armeabi/libgnustl_static.a(eh_personality.o)
 .text._ZL17parse_lsda_headerP15_Unwind_ContextPKhP16lsda_header_info
                0x0000a28c      0x214 /Users/Max/android-ndk-r8e/sources/cxx-stl/gnu-libstdc++/4.4.3/libs/armeabi/libgnustl_static.a(eh_personality.o)
 .text.__gxx_personality_v0
                0x0000a4a0      0x9d4 /Users/Max/android-ndk-r8e/sources/cxx-stl/gnu-libstdc++/4.4.3/libs/armeabi/libgnustl_static.a(eh_personality.o)
                0x0000a4a0                __gxx_personality_v0
 .text          0x0000ae74        0x0 /Users/Max/android-ndk-r8e/sources/cxx-stl/gnu-libstdc++/4.4.3/libs/armeabi/libgnustl_static.a(eh_terminate.o)
 .text._ZSt13set_terminatePFvvE
                0x0000ae74       0x2c /Users/Max/android-ndk-r8e/sources/cxx-stl/gnu-libstdc++/4.4.3/libs/armeabi/libgnustl_static.a(eh_terminate.o)
                0x0000ae74                _ZSt13set_terminatePFvvE
 .text._ZSt14set_unexpectedPFvvE
                0x0000aea0       0x2c /Users/Max/android-ndk-r8e/sources/cxx-stl/gnu-libstdc++/4.4.3/libs/armeabi/libgnustl_static.a(eh_terminate.o)
                0x0000aea0                _ZSt14set_unexpectedPFvvE
 .text._ZN10__cxxabiv111__terminateEPFvvE
                0x0000aecc       0x28 /Users/Max/android-ndk-r8e/sources/cxx-stl/gnu-libstdc++/4.4.3/libs/armeabi/libgnustl_static.a(eh_terminate.o)
                0x0000aecc                _ZN10__cxxabiv111__terminateEPFvvE
 .text._ZSt9terminatev
                0x0000aef4       0x1c /Users/Max/android-ndk-r8e/sources/cxx-stl/gnu-libstdc++/4.4.3/libs/armeabi/libgnustl_static.a(eh_terminate.o)
                0x0000aef4                _ZSt9terminatev
 .text._ZN10__cxxabiv112__unexpectedEPFvvE
                0x0000af10       0x10 /Users/Max/android-ndk-r8e/sources/cxx-stl/gnu-libstdc++/4.4.3/libs/armeabi/libgnustl_static.a(eh_terminate.o)
                0x0000af10                _ZN10__cxxabiv112__unexpectedEPFvvE
 .text._ZSt10unexpectedv
                0x0000af20       0x1c /Users/Max/android-ndk-r8e/sources/cxx-stl/gnu-libstdc++/4.4.3/libs/armeabi/libgnustl_static.a(eh_terminate.o)
                0x0000af20                _ZSt10unexpectedv
 .text          0x0000af3c        0x0 /Users/Max/android-ndk-r8e/sources/cxx-stl/gnu-libstdc++/4.4.3/libs/armeabi/libgnustl_static.a(eh_throw.o)
 .text.__cxa_rethrow
                0x0000af3c       0xb8 /Users/Max/android-ndk-r8e/sources/cxx-stl/gnu-libstdc++/4.4.3/libs/armeabi/libgnustl_static.a(eh_throw.o)
                0x0000af3c                __cxa_rethrow
 .text.__cxa_throw
                0x0000aff4       0xa4 /Users/Max/android-ndk-r8e/sources/cxx-stl/gnu-libstdc++/4.4.3/libs/armeabi/libgnustl_static.a(eh_throw.o)
                0x0000aff4                __cxa_throw
 .text._ZL23__gxx_exception_cleanup19_Unwind_Reason_CodeP21_Unwind_Control_Block
                0x0000b098       0x44 /Users/Max/android-ndk-r8e/sources/cxx-stl/gnu-libstdc++/4.4.3/libs/armeabi/libgnustl_static.a(eh_throw.o)
 .text          0x0000b0dc        0x0 /Users/Max/android-ndk-r8e/sources/cxx-stl/gnu-libstdc++/4.4.3/libs/armeabi/libgnustl_static.a(eh_unex_handler.o)
 .text          0x0000b0dc        0x0 /Users/Max/android-ndk-r8e/sources/cxx-stl/gnu-libstdc++/4.4.3/libs/armeabi/libgnustl_static.a(fundamental_type_info.o)
 .text._ZN10__cxxabiv123__fundamental_type_infoD1Ev
                0x0000b0dc       0x34 /Users/Max/android-ndk-r8e/sources/cxx-stl/gnu-libstdc++/4.4.3/libs/armeabi/libgnustl_static.a(fundamental_type_info.o)
                0x0000b0dc                _ZN10__cxxabiv123__fundamental_type_infoD1Ev
 .text._ZN10__cxxabiv123__fundamental_type_infoD0Ev
                0x0000b110       0x1c /Users/Max/android-ndk-r8e/sources/cxx-stl/gnu-libstdc++/4.4.3/libs/armeabi/libgnustl_static.a(fundamental_type_info.o)
                0x0000b110                _ZN10__cxxabiv123__fundamental_type_infoD0Ev
 .text._ZN10__cxxabiv123__fundamental_type_infoD2Ev
                0x0000b12c       0x34 /Users/Max/android-ndk-r8e/sources/cxx-stl/gnu-libstdc++/4.4.3/libs/armeabi/libgnustl_static.a(fundamental_type_info.o)
                0x0000b12c                _ZN10__cxxabiv123__fundamental_type_infoD2Ev
 .text          0x0000b160        0x0 /Users/Max/android-ndk-r8e/sources/cxx-stl/gnu-libstdc++/4.4.3/libs/armeabi/libgnustl_static.a(guard.o)
 .text._ZNK9__gnu_cxx29__concurrence_broadcast_error4whatEv
                0x0000b160       0x10 /Users/Max/android-ndk-r8e/sources/cxx-stl/gnu-libstdc++/4.4.3/libs/armeabi/libgnustl_static.a(guard.o)
                0x0000b160                _ZNK9__gnu_cxx29__concurrence_broadcast_error4whatEv
 .text._ZNK9__gnu_cxx24__concurrence_wait_error4whatEv
                0x0000b170       0x10 /Users/Max/android-ndk-r8e/sources/cxx-stl/gnu-libstdc++/4.4.3/libs/armeabi/libgnustl_static.a(guard.o)
                0x0000b170                _ZNK9__gnu_cxx24__concurrence_wait_error4whatEv
 .text._ZN12_GLOBAL__N_1L4initEv
                0x0000b180       0x38 /Users/Max/android-ndk-r8e/sources/cxx-stl/gnu-libstdc++/4.4.3/libs/armeabi/libgnustl_static.a(guard.o)
 .text._ZN12_GLOBAL__N_1L16init_static_condEv
                0x0000b1b8       0x38 /Users/Max/android-ndk-r8e/sources/cxx-stl/gnu-libstdc++/4.4.3/libs/armeabi/libgnustl_static.a(guard.o)
 .text._ZN9__gnu_cxx29__concurrence_broadcast_errorD1Ev
                0x0000b1f0       0x28 /Users/Max/android-ndk-r8e/sources/cxx-stl/gnu-libstdc++/4.4.3/libs/armeabi/libgnustl_static.a(guard.o)
                0x0000b1f0                _ZN9__gnu_cxx29__concurrence_broadcast_errorD1Ev
 .text._ZN9__gnu_cxx24__concurrence_wait_errorD1Ev
                0x0000b218       0x28 /Users/Max/android-ndk-r8e/sources/cxx-stl/gnu-libstdc++/4.4.3/libs/armeabi/libgnustl_static.a(guard.o)
                0x0000b218                _ZN9__gnu_cxx24__concurrence_wait_errorD1Ev
 .text._ZN9__gnu_cxx20recursive_init_errorD1Ev
                0x0000b240       0x28 /Users/Max/android-ndk-r8e/sources/cxx-stl/gnu-libstdc++/4.4.3/libs/armeabi/libgnustl_static.a(guard.o)
                0x0000b240                _ZN9__gnu_cxx20recursive_init_errorD1Ev
 .text._ZN9__gnu_cxx20recursive_init_errorD0Ev
                0x0000b268       0x1c /Users/Max/android-ndk-r8e/sources/cxx-stl/gnu-libstdc++/4.4.3/libs/armeabi/libgnustl_static.a(guard.o)
                0x0000b268                _ZN9__gnu_cxx20recursive_init_errorD0Ev
 .text._ZN9__gnu_cxx20recursive_init_errorD2Ev
                0x0000b284       0x28 /Users/Max/android-ndk-r8e/sources/cxx-stl/gnu-libstdc++/4.4.3/libs/armeabi/libgnustl_static.a(guard.o)
                0x0000b284                _ZN9__gnu_cxx20recursive_init_errorD2Ev
 .text._ZN12_GLOBAL__N_113mutex_wrapperD1Ev
                0x0000b2ac       0x6c /Users/Max/android-ndk-r8e/sources/cxx-stl/gnu-libstdc++/4.4.3/libs/armeabi/libgnustl_static.a(guard.o)
 .text._ZN9__gnu_cxx29__concurrence_broadcast_errorD0Ev
                0x0000b318       0x30 /Users/Max/android-ndk-r8e/sources/cxx-stl/gnu-libstdc++/4.4.3/libs/armeabi/libgnustl_static.a(guard.o)
                0x0000b318                _ZN9__gnu_cxx29__concurrence_broadcast_errorD0Ev
 .text._ZN9__gnu_cxx24__concurrence_wait_errorD0Ev
                0x0000b348       0x30 /Users/Max/android-ndk-r8e/sources/cxx-stl/gnu-libstdc++/4.4.3/libs/armeabi/libgnustl_static.a(guard.o)
                0x0000b348                _ZN9__gnu_cxx24__concurrence_wait_errorD0Ev
 .text.__cxa_guard_abort
                0x0000b378      0x168 /Users/Max/android-ndk-r8e/sources/cxx-stl/gnu-libstdc++/4.4.3/libs/armeabi/libgnustl_static.a(guard.o)
                0x0000b378                __cxa_guard_abort
 .text.__cxa_guard_release