Archive member included because of file (symbol)

/Applications/Marmalade.app/Contents/s3e/edk/lib/android/libedk.a(IwDebug.o)
                              debug/s3ePushWoosh_platform.os (IwDebugTraceSetTraceChannel)
/Applications/Marmalade.app/Contents/s3e/edk/lib/android/libedk.a(edk_helpers.o)
                              debug/s3ePushWoosh_platform.os (s3eEdkThreadRunOnOS)
/Users/Max/android-ndk-r8e/sources/cxx-stl/gnu-libstdc++/4.4.3/libs/armeabi/libgnustl_static.a(allocator-inst.o)
                              debug/s3ePushWoosh_platform.os (_ZNSaIcEC1Ev)
/Users/Max/android-ndk-r8e/sources/cxx-stl/gnu-libstdc++/4.4.3/libs/armeabi/libgnustl_static.a(string-inst.o)
                              debug/s3ePushWoosh_platform.os (_ZNSsC1Ev)
/Users/Max/android-ndk-r8e/sources/cxx-stl/gnu-libstdc++/4.4.3/libs/armeabi/libgnustl_static.a(atomicity.o)
                              /Users/Max/android-ndk-r8e/sources/cxx-stl/gnu-libstdc++/4.4.3/libs/armeabi/libgnustl_static.a(string-inst.o) (_ZN9__gnu_cxx18__exchange_and_addEPVii)
/Users/Max/android-ndk-r8e/sources/cxx-stl/gnu-libstdc++/4.4.3/libs/armeabi/libgnustl_static.a(atexit_arm.o)
                              debug/s3ePushWoosh_platform.os (__aeabi_atexit)
/Users/Max/android-ndk-r8e/sources/cxx-stl/gnu-libstdc++/4.4.3/libs/armeabi/libgnustl_static.a(del_op.o)
                              /Users/Max/android-ndk-r8e/sources/cxx-stl/gnu-libstdc++/4.4.3/libs/armeabi/libgnustl_static.a(string-inst.o) (_ZdlPv)
/Users/Max/android-ndk-r8e/sources/cxx-stl/gnu-libstdc++/4.4.3/libs/armeabi/libgnustl_static.a(eh_alloc.o)
                              /Users/Max/android-ndk-r8e/sources/cxx-stl/gnu-libstdc++/4.4.3/libs/armeabi/libgnustl_static.a(atomicity.o) (__cxa_allocate_exception)
/Users/Max/android-ndk-r8e/sources/cxx-stl/gnu-libstdc++/4.4.3/libs/armeabi/libgnustl_static.a(eh_arm.o)
                              /Users/Max/android-ndk-r8e/sources/cxx-stl/gnu-libstdc++/4.4.3/libs/armeabi/libgnustl_static.a(string-inst.o) (__cxa_end_cleanup)
/Users/Max/android-ndk-r8e/sources/cxx-stl/gnu-libstdc++/4.4.3/libs/armeabi/libgnustl_static.a(eh_aux_runtime.o)
                              /Users/Max/android-ndk-r8e/sources/cxx-stl/gnu-libstdc++/4.4.3/libs/armeabi/libgnustl_static.a(eh_arm.o) (__cxa_bad_typeid)
/Users/Max/android-ndk-r8e/sources/cxx-stl/gnu-libstdc++/4.4.3/libs/armeabi/libgnustl_static.a(eh_call.o)
                              /Users/Max/android-ndk-r8e/sources/cxx-stl/gnu-libstdc++/4.4.3/libs/armeabi/libgnustl_static.a(string-inst.o) (__cxa_call_unexpected)
/Users/Max/android-ndk-r8e/sources/cxx-stl/gnu-libstdc++/4.4.3/libs/armeabi/libgnustl_static.a(eh_catch.o)
                              /Users/Max/android-ndk-r8e/sources/cxx-stl/gnu-libstdc++/4.4.3/libs/armeabi/libgnustl_static.a(eh_call.o) (__cxa_end_catch)
/Users/Max/android-ndk-r8e/sources/cxx-stl/gnu-libstdc++/4.4.3/libs/armeabi/libgnustl_static.a(eh_exception.o)
                              /Users/Max/android-ndk-r8e/sources/cxx-stl/gnu-libstdc++/4.4.3/libs/armeabi/libgnustl_static.a(atomicity.o) (_ZNSt9exceptionD2Ev)
/Users/Max/android-ndk-r8e/sources/cxx-stl/gnu-libstdc++/4.4.3/libs/armeabi/libgnustl_static.a(eh_globals.o)
                              /Users/Max/android-ndk-r8e/sources/cxx-stl/gnu-libstdc++/4.4.3/libs/armeabi/libgnustl_static.a(eh_call.o) (__cxa_get_globals_fast)
/Users/Max/android-ndk-r8e/sources/cxx-stl/gnu-libstdc++/4.4.3/libs/armeabi/libgnustl_static.a(eh_personality.o)
                              /Users/Max/android-ndk-r8e/sources/cxx-stl/gnu-libstdc++/4.4.3/libs/armeabi/libgnustl_static.a(string-inst.o) (__gxx_personality_v0)
/Users/Max/android-ndk-r8e/sources/cxx-stl/gnu-libstdc++/4.4.3/libs/armeabi/libgnustl_static.a(eh_terminate.o)
                              /Users/Max/android-ndk-r8e/sources/cxx-stl/gnu-libstdc++/4.4.3/libs/armeabi/libgnustl_static.a(eh_call.o) (_ZN10__cxxabiv111__terminateEPFvvE)
/Users/Max/android-ndk-r8e/sources/cxx-stl/gnu-libstdc++/4.4.3/libs/armeabi/libgnustl_static.a(eh_throw.o)
                              /Users/Max/android-ndk-r8e/sources/cxx-stl/gnu-libstdc++/4.4.3/libs/armeabi/libgnustl_static.a(eh_call.o) (__cxa_rethrow)
/Users/Max/android-ndk-r8e/sources/cxx-stl/gnu-libstdc++/4.4.3/libs/armeabi/libgnustl_static.a(eh_unex_handler.o)
                              /Users/Max/android-ndk-r8e/sources/cxx-stl/gnu-libstdc++/4.4.3/libs/armeabi/libgnustl_static.a(eh_terminate.o) (_ZN10__cxxabiv120__unexpected_handlerE)
/Users/Max/android-ndk-r8e/sources/cxx-stl/gnu-libstdc++/4.4.3/libs/armeabi/libgnustl_static.a(fundamental_type_info.o)
                              /Users/Max/android-ndk-r8e/sources/cxx-stl/gnu-libstdc++/4.4.3/libs/armeabi/libgnustl_static.a(eh_arm.o) (_ZTIv)
/Users/Max/android-ndk-r8e/sources/cxx-stl/gnu-libstdc++/4.4.3/libs/armeabi/libgnustl_static.a(guard.o)
[...]
Memory Configuration

Name             Origin             Length             Attributes
*default*        0x00000000         0xffffffff

Linker script and memory map

LOAD /Users/Max/android-ndk-r8e/platforms/android-9/arch-arm/usr/lib/crtbegin_so.o
LOAD debug/s3ePushWoosh_platform.os
LOAD debug/s3ePushWoosh.os
LOAD debug/s3ePushWoosh_register.os
LOAD /Applications/Marmalade.app/Contents/s3e/edk/lib/android/libedk.a
LOAD /Applications/Marmalade.app/Contents/s3e/edk/lib/android/libplaceholderplaceholderplaceholderplaceholderplaceholder.so
LOAD /Users/Max/android-ndk-r8e/platforms/android-9/arch-arm/usr/lib/liblog.so
LOAD /Users/Max/android-ndk-r8e/sources/cxx-stl/gnu-libstdc++/4.4.3/libs/armeabi/libgnustl_static.a
LOAD /Users/Max/android-ndk-r8e/toolchains/arm-linux-androideabi-4.4.3/prebuilt/darwin-x86/bin/../lib/gcc/arm-linux-androideabi/4.4.3/libgcc.a
LOAD /Users/Max/android-ndk-r8e/platforms/android-9/arch-arm/usr/lib/libstdc++.so
LOAD /Users/Max/android-ndk-r8e/platforms/android-9/arch-arm/usr/lib/libm.so
LOAD /Users/Max/android-ndk-r8e/platforms/android-9/arch-arm/usr/lib/libc.so
LOAD /Users/Max/android-ndk-r8e/toolchains/arm-linux-androideabi-4.4.3/prebuilt/darwin-x86/bin/../lib/gcc/arm-linux-androideabi/4.4.3/libgcc.a
LOAD /Users/Max/android-ndk-r8e/platforms/android-9/arch-arm/usr/lib/libc.so
LOAD /Users/Max/android-ndk-r8e/platforms/android-9/arch-arm/usr/lib/libdl.so
LOAD /Users/Max/android-ndk-r8e/toolchains/arm-linux-androideabi-4.4.3/prebuilt/darwin-x86/bin/../lib/gcc/arm-linux-androideabi/4.4.3/libgcc.a
LOAD /Users/Max/android-ndk-r8e/platforms/android-9/arch-arm/usr/lib/crtend_so.o
                0x000000f4                . = (0x0 + SIZEOF_HEADERS)

.note.gnu.build-id
 *(.note.gnu.build-id)

.hash           0x000000f4      0x9cc
 *(.hash)
 .hash          0x000000f4      0x9cc /Users/Max/android-ndk-r8e/platforms/android-9/arch-arm/usr/lib/crtbegin_so.o

.gnu.hash
 *(.gnu.hash)

.dynsym         0x00000ac0     0x16a0
 *(.dynsym)
 .dynsym        0x00000ac0     0x16a0 /Users/Max/android-ndk-r8e/platforms/android-9/arch-arm/usr/lib/crtbegin_so.o

.dynstr         0x00002160     0x1af7
 *(.dynstr)
 .dynstr        0x00002160     0x1af7 /Users/Max/android-ndk-r8e/platforms/android-9/arch-arm/usr/lib/crtbegin_so.o

.gnu.version    0x00003c58        0x0 load address 0x00003c57
 *(.gnu.version)
 .gnu.version   0x00000000        0x0 /Users/Max/android-ndk-r8e/platforms/android-9/arch-arm/usr/lib/crtbegin_so.o

.gnu.version_d  0x00003c58        0x0 load address 0x00003c57
 *(.gnu.version_d)
 .gnu.version_d
                0x00000000        0x0 /Users/Max/android-ndk-r8e/platforms/android-9/arch-arm/usr/lib/crtbegin_so.o

.gnu.version_r  0x00003c58        0x0 load address 0x00003c57
 *(.gnu.version_r)
 .gnu.version_r
                0x00000000        0x0 /Users/Max/android-ndk-r8e/platforms/android-9/arch-arm/usr/lib/crtbegin_so.o

.rel.dyn        0x00003c58     0x14c0
 *(.rel.init)
 *(.rel.text .rel.text.* .rel.gnu.linkonce.t.*)
 *(.rel.fini)
 *(.rel.rodata .rel.rodata.* .rel.gnu.linkonce.r.*)
 *(.rel.data.rel.ro* .rel.gnu.linkonce.d.rel.ro.*)
 .rel.data.rel.ro
                0x00003c58       0x48 /Users/Max/android-ndk-r8e/platforms/android-9/arch-arm/usr/lib/crtbegin_so.o
 .rel.data.rel.ro._ZTIN9__gnu_cxx24__concurrence_lock_errorE
                0x00003ca0       0x18 /Users/Max/android-ndk-r8e/platforms/android-9/arch-arm/usr/lib/crtbegin_so.o
 .rel.data.rel.ro._ZTVN9__gnu_cxx24__concurrence_lock_errorE
                0x00003cb8       0x20 /Users/Max/android-ndk-r8e/platforms/android-9/arch-arm/usr/lib/crtbegin_so.o
 .rel.data.rel.ro._ZTIN9__gnu_cxx26__concurrence_unlock_errorE
                0x00003cd8       0x18 /Users/Max/android-ndk-r8e/platforms/android-9/arch-arm/usr/lib/crtbegin_so.o
 .rel.data.rel.ro._ZTVN9__gnu_cxx26__concurrence_unlock_errorE
                0x00003cf0       0x20 /Users/Max/android-ndk-r8e/platforms/android-9/arch-arm/usr/lib/crtbegin_so.o
 .rel.data.rel.ro._ZTIN10__cxxabiv115__forced_unwindE
                0x00003d10       0x10 /Users/Max/android-ndk-r8e/platforms/android-9/arch-arm/usr/lib/crtbegin_so.o
 .rel.data.rel.ro._ZTISt9exception
                0x00003d20       0x10 /Users/Max/android-ndk-r8e/platforms/android-9/arch-arm/usr/lib/crtbegin_so.o
 .rel.data.rel.ro._ZTVSt13bad_exception
                0x00003d30       0x20 /Users/Max/android-ndk-r8e/platforms/android-9/arch-arm/usr/lib/crtbegin_so.o
 .rel.data.rel.ro._ZTISt13bad_exception
                0x00003d50       0x18 /Users/Max/android-ndk-r8e/platforms/android-9/arch-arm/usr/lib/crtbegin_so.o
 .rel.data.rel.ro._ZTIN10__cxxabiv119__foreign_exceptionE
                0x00003d68       0x10 /Users/Max/android-ndk-r8e/platforms/android-9/arch-arm/usr/lib/crtbegin_so.o
 .rel.data.rel.ro._ZTVN10__cxxabiv115__forced_unwindE
                0x00003d78       0x20 /Users/Max/android-ndk-r8e/platforms/android-9/arch-arm/usr/lib/crtbegin_so.o
 .rel.data.rel.ro._ZTVN10__cxxabiv119__foreign_exceptionE
                0x00003d98       0x20 /Users/Max/android-ndk-r8e/platforms/android-9/arch-arm/usr/lib/crtbegin_so.o
 .rel.data.rel.ro._ZTVSt9exception
                0x00003db8       0x20 /Users/Max/android-ndk-r8e/platforms/android-9/arch-arm/usr/lib/crtbegin_so.o
 .rel.data.rel.ro._ZTIPKe
                0x00003dd8       0x18 /Users/Max/android-ndk-r8e/platforms/android-9/arch-arm/usr/lib/crtbegin_so.o
 .rel.data.rel.ro._ZTIPe
                0x00003df0       0x18 /Users/Max/android-ndk-r8e/platforms/android-9/arch-arm/usr/lib/crtbegin_so.o
 .rel.data.rel.ro._ZTIe
                0x00003e08       0x10 /Users/Max/android-ndk-r8e/platforms/android-9/arch-arm/usr/lib/crtbegin_so.o
 .rel.data.rel.ro._ZTIPKd
                0x00003e18       0x18 /Users/Max/android-ndk-r8e/platforms/android-9/arch-arm/usr/lib/crtbegin_so.o
 .rel.data.rel.ro._ZTIPd
                0x00003e30       0x18 /Users/Max/android-ndk-r8e/platforms/android-9/arch-arm/usr/lib/crtbegin_so.o
 .rel.data.rel.ro._ZTId
                0x00003e48       0x10 /Users/Max/android-ndk-r8e/platforms/android-9/arch-arm/usr/lib/crtbegin_so.o
 .rel.data.rel.ro._ZTIPKf
                0x00003e58       0x18 /Users/Max/android-ndk-r8e/platforms/android-9/arch-arm/usr/lib/crtbegin_so.o
 .rel.data.rel.ro._ZTIPf
                0x00003e70       0x18 /Users/Max/android-ndk-r8e/platforms/android-9/arch-arm/usr/lib/crtbegin_so.o
 .rel.data.rel.ro._ZTIf
                0x00003e88       0x10 /Users/Max/android-ndk-r8e/platforms/android-9/arch-arm/usr/lib/crtbegin_so.o
 .rel.data.rel.ro._ZTIPKy
                0x00003e98       0x18 /Users/Max/android-ndk-r8e/platforms/android-9/arch-arm/usr/lib/crtbegin_so.o
 .rel.data.rel.ro._ZTIPy
                0x00003eb0       0x18 /Users/Max/android-ndk-r8e/platforms/android-9/arch-arm/usr/lib/crtbegin_so.o
 .rel.data.rel.ro._ZTIy
                0x00003ec8       0x10 /Users/Max/android-ndk-r8e/platforms/android-9/arch-arm/usr/lib/crtbegin_so.o
 .rel.data.rel.ro._ZTIPKx
                0x00003ed8       0x18 /Users/Max/android-ndk-r8e/platforms/android-9/arch-arm/usr/lib/crtbegin_so.o
 .rel.data.rel.ro._ZTIPx
                0x00003ef0       0x18 /Users/Max/android-ndk-r8e/platforms/android-9/arch-arm/usr/lib/crtbegin_so.o
 .rel.data.rel.ro._ZTIx
                0x00003f08       0x10 /Users/Max/android-ndk-r8e/platforms/android-9/arch-arm/usr/lib/crtbegin_so.o
 .rel.data.rel.ro._ZTIPKm
                0x00003f18       0x18 /Users/Max/android-ndk-r8e/platforms/android-9/arch-arm/usr/lib/crtbegin_so.o
 .rel.data.rel.ro._ZTIPm
                0x00003f30       0x18 /Users/Max/android-ndk-r8e/platforms/android-9/arch-arm/usr/lib/crtbegin_so.o
 .rel.data.rel.ro._ZTIm
                0x00003f48       0x10 /Users/Max/android-ndk-r8e/platforms/android-9/arch-arm/usr/lib/crtbegin_so.o
 .rel.data.rel.ro._ZTIPKl
                0x00003f58       0x18 /Users/Max/android-ndk-r8e/platforms/android-9/arch-arm/usr/lib/crtbegin_so.o
 .rel.data.rel.ro._ZTIPl
                0x00003f70       0x18 /Users/Max/android-ndk-r8e/platforms/android-9/arch-arm/usr/lib/crtbegin_so.o
 .rel.data.rel.ro._ZTIl
                0x00003f88       0x10 /Users/Max/android-ndk-r8e/platforms/android-9/arch-arm/usr/lib/crtbegin_so.o
 .rel.data.rel.ro._ZTIPKj
                0x00003f98       0x18 /Users/Max/android-ndk-r8e/platforms/android-9/arch-arm/usr/lib/crtbegin_so.o
 .rel.data.rel.ro._ZTIPj
                0x00003fb0       0x18 /Users/Max/android-ndk-r8e/platforms/android-9/arch-arm/usr/lib/crtbegin_so.o
 .rel.data.rel.ro._ZTIj
                0x00003fc8       0x10 /Users/Max/android-ndk-r8e/platforms/android-9/arch-arm/usr/lib/crtbegin_so.o
 .rel.data.rel.ro._ZTIPKi
                0x00003fd8       0x18 /Users/Max/android-ndk-r8e/platforms/android-9/arch-arm/usr/lib/crtbegin_so.o
 .rel.data.rel.ro._ZTIPi
                0x00003ff0       0x18 /Users/Max/android-ndk-r8e/platforms/android-9/arch-arm/usr/lib/crtbegin_so.o
 .rel.data.rel.ro._ZTIi
                0x00004008       0x10 /Users/Max/android-ndk-r8e/platforms/android-9/arch-arm/usr/lib/crtbegin_so.o
 .rel.data.rel.ro._ZTIPKt
                0x00004018       0x18 /Users/Max/android-ndk-r8e/platforms/android-9/arch-arm/usr/lib/crtbegin_so.o
 .rel.data.rel.ro._ZTIPt
                0x00004030       0x18 /Users/Max/android-ndk-r8e/platforms/android-9/arch-arm/usr/lib/crtbegin_so.o
 .rel.data.rel.ro._ZTIt
                0x00004048       0x10 /Users/Max/android-ndk-r8e/platforms/android-9/arch-arm/usr/lib/crtbegin_so.o
 .rel.data.rel.ro._ZTIPKs
                0x00004058       0x18 /Users/Max/android-ndk-r8e/platforms/android-9/arch-arm/usr/lib/crtbegin_so.o
 .rel.data.rel.ro._ZTIPs
                0x00004070       0x18 /Users/Max/android-ndk-r8e/platforms/android-9/arch-arm/usr/lib/crtbegin_so.o
 .rel.data.rel.ro._ZTIs
                0x00004088       0x10 /Users/Max/android-ndk-r8e/platforms/android-9/arch-arm/usr/lib/crtbegin_so.o
 .rel.data.rel.ro._ZTIPKh
                0x00004098       0x18 /Users/Max/android-ndk-r8e/platforms/android-9/arch-arm/usr/lib/crtbegin_so.o
 .rel.data.rel.ro._ZTIPh
                0x000040b0       0x18 /Users/Max/android-ndk-r8e/platforms/android-9/arch-arm/usr/lib/crtbegin_so.o
 .rel.data.rel.ro._ZTIh
                0x000040c8       0x10 /Users/Max/android-ndk-r8e/platforms/android-9/arch-arm/usr/lib/crtbegin_so.o
 .rel.data.rel.ro._ZTIPKa
                0x000040d8       0x18 /Users/Max/android-ndk-r8e/platforms/android-9/arch-arm/usr/lib/crtbegin_so.o
 .rel.data.rel.ro._ZTIPa
                0x000040f0       0x18 /Users/Max/android-ndk-r8e/platforms/android-9/arch-arm/usr/lib/crtbegin_so.o
 .rel.data.rel.ro._ZTIa
                0x00004108       0x10 /Users/Max/android-ndk-r8e/platforms/android-9/arch-arm/usr/lib/crtbegin_so.o
 .rel.data.rel.ro._ZTIPKc
                0x00004118       0x18 /Users/Max/android-ndk-r8e/platforms/android-9/arch-arm/usr/lib/crtbegin_so.o
 .rel.data.rel.ro._ZTIPc
                0x00004130       0x18 /Users/Max/android-ndk-r8e/platforms/android-9/arch-arm/usr/lib/crtbegin_so.o
 .rel.data.rel.ro._ZTIc
                0x00004148       0x10 /Users/Max/android-ndk-r8e/platforms/android-9/arch-arm/usr/lib/crtbegin_so.o
 .rel.data.rel.ro._ZTIPKDi
                0x00004158       0x18 /Users/Max/android-ndk-r8e/platforms/android-9/arch-arm/usr/lib/crtbegin_so.o
 .rel.data.rel.ro._ZTIPDi
                0x00004170       0x18 /Users/Max/android-ndk-r8e/platforms/android-9/arch-arm/usr/lib/crtbegin_so.o
 .rel.data.rel.ro._ZTIDi
                0x00004188       0x10 /Users/Max/android-ndk-r8e/platforms/android-9/arch-arm/usr/lib/crtbegin_so.o
 .rel.data.rel.ro._ZTIPKDs
                0x00004198       0x18 /Users/Max/android-ndk-r8e/platforms/android-9/arch-arm/usr/lib/crtbegin_so.o
 .rel.data.rel.ro._ZTIPDs
                0x000041b0       0x18 /Users/Max/android-ndk-r8e/platforms/android-9/arch-arm/usr/lib/crtbegin_so.o
 .rel.data.rel.ro._ZTIDs
                0x000041c8       0x10 /Users/Max/android-ndk-r8e/platforms/android-9/arch-arm/usr/lib/crtbegin_so.o
 .rel.data.rel.ro._ZTIPKw
                0x000041d8       0x18 /Users/Max/android-ndk-r8e/platforms/android-9/arch-arm/usr/lib/crtbegin_so.o
 .rel.data.rel.ro._ZTIPw
                0x000041f0       0x18 /Users/Max/android-ndk-r8e/platforms/android-9/arch-arm/usr/lib/crtbegin_so.o
 .rel.data.rel.ro._ZTIw
                0x00004208       0x10 /Users/Max/android-ndk-r8e/platforms/android-9/arch-arm/usr/lib/crtbegin_so.o
 .rel.data.rel.ro._ZTIPKb
                0x00004218       0x18 /Users/Max/android-ndk-r8e/platforms/android-9/arch-arm/usr/lib/crtbegin_so.o
 .rel.data.rel.ro._ZTIPb
                0x00004230       0x18 /Users/Max/android-ndk-r8e/platforms/android-9/arch-arm/usr/lib/crtbegin_so.o
 .rel.data.rel.ro._ZTIb
                0x00004248       0x10 /Users/Max/android-ndk-r8e/platforms/android-9/arch-arm/usr/lib/crtbegin_so.o
 .rel.data.rel.ro._ZTIPKv
                0x00004258       0x18 /Users/Max/android-ndk-r8e/platforms/android-9/arch-arm/usr/lib/crtbegin_so.o
 .rel.data.rel.ro._ZTIPv
                0x00004270       0x18 /Users/Max/android-ndk-r8e/platforms/android-9/arch-arm/usr/lib/crtbegin_so.o
 .rel.data.rel.ro._ZTIv
                0x00004288       0x10 /Users/Max/android-ndk-r8e/platforms/android-9/arch-arm/usr/lib/crtbegin_so.o
 .rel.data.rel.ro._ZTVN10__cxxabiv123__fundamental_type_infoE
                0x00004298       0x38 /Users/Max/android-ndk-r8e/platforms/android-9/arch-arm/usr/lib/crtbegin_so.o
 .rel.data.rel.ro._ZTIN10__cxxabiv123__fundamental_type_infoE
                0x000042d0       0x18 /Users/Max/android-ndk-r8e/platforms/android-9/arch-arm/usr/lib/crtbegin_so.o
 .rel.data.rel.ro._ZTIN9__gnu_cxx29__concurrence_broadcast_errorE
                0x000042e8       0x18 /Users/Max/android-ndk-r8e/platforms/android-9/arch-arm/usr/lib/crtbegin_so.o
 .rel.data.rel.ro._ZTVN9__gnu_cxx29__concurrence_broadcast_errorE
                0x00004300       0x20 /Users/Max/android-ndk-r8e/platforms/android-9/arch-arm/usr/lib/crtbegin_so.o
 .rel.data.rel.ro._ZTIN9__gnu_cxx24__concurrence_wait_errorE
                0x00004320       0x18 /Users/Max/android-ndk-r8e/platforms/android-9/arch-arm/usr/lib/crtbegin_so.o
 .rel.data.rel.ro._ZTVN9__gnu_cxx24__concurrence_wait_errorE
                0x00004338       0x20 /Users/Max/android-ndk-r8e/platforms/android-9/arch-arm/usr/lib/crtbegin_so.o
 .rel.data.rel.ro._ZTVN9__gnu_cxx20recursive_init_errorE
                0x00004358       0x20 /Users/Max/android-ndk-r8e/platforms/android-9/arch-arm/usr/lib/crtbegin_so.o
 .rel.data.rel.ro._ZTIN9__gnu_cxx20recursive_init_errorE
                0x00004378       0x18 /Users/Max/android-ndk-r8e/platforms/android-9/arch-arm/usr/lib/crtbegin_so.o
 .rel.data.rel.ro._ZTIN10__cxxabiv119__pointer_type_infoE
                0x00004390       0x18 /Users/Max/android-ndk-r8e/platforms/android-9/arch-arm/usr/lib/crtbegin_so.o
 .rel.data.rel.ro._ZTVN10__cxxabiv119__pointer_type_infoE
                0x000043a8       0x40 /Users/Max/android-ndk-r8e/platforms/android-9/arch-arm/usr/lib/crtbegin_so.o
 .rel.data.rel.ro._ZTVN10__cxxabiv120__si_class_type_infoE
                0x000043e8       0x50 /Users/Max/android-ndk-r8e/platforms/android-9/arch-arm/usr/lib/crtbegin_so.o
 .rel.data.rel.ro._ZTIN10__cxxabiv120__si_class_type_infoE
                0x00004438       0x18 /Users/Max/android-ndk-r8e/platforms/android-9/arch-arm/usr/lib/crtbegin_so.o
 .rel.data.rel.ro._ZTVSt9type_info
                0x00004450       0x38 /Users/Max/android-ndk-r8e/platforms/android-9/arch-arm/usr/lib/crtbegin_so.o
 .rel.data.rel.ro._ZTISt9type_info
                0x00004488       0x10 /Users/Max/android-ndk-r8e/platforms/android-9/arch-arm/usr/lib/crtbegin_so.o
 .rel.data.rel.ro._ZTISt15underflow_error
                0x00004498       0x18 /Users/Max/android-ndk-r8e/platforms/android-9/arch-arm/usr/lib/crtbegin_so.o
 .rel.data.rel.ro._ZTVSt15underflow_error
                0x000044b0       0x20 /Users/Max/android-ndk-r8e/platforms/android-9/arch-arm/usr/lib/crtbegin_so.o
 .rel.data.rel.ro._ZTISt14overflow_error
                0x000044d0       0x18 /Users/Max/android-ndk-r8e/platforms/android-9/arch-arm/usr/lib/crtbegin_so.o
 .rel.data.rel.ro._ZTVSt14overflow_error
                0x000044e8       0x20 /Users/Max/android-ndk-r8e/platforms/android-9/arch-arm/usr/lib/crtbegin_so.o
 .rel.data.rel.ro._ZTISt11range_error
                0x00004508       0x18 /Users/Max/android-ndk-r8e/platforms/android-9/arch-arm/usr/lib/crtbegin_so.o
 .rel.data.rel.ro._ZTVSt11range_error
                0x00004520       0x20 /Users/Max/android-ndk-r8e/platforms/android-9/arch-arm/usr/lib/crtbegin_so.o
 .rel.data.rel.ro._ZTISt12out_of_range
                0x00004540       0x18 /Users/Max/android-ndk-r8e/platforms/android-9/arch-arm/usr/lib/crtbegin_so.o
 .rel.data.rel.ro._ZTVSt12out_of_range
                0x00004558       0x20 /Users/Max/android-ndk-r8e/platforms/android-9/arch-arm/usr/lib/crtbegin_so.o
 .rel.data.rel.ro._ZTISt12length_error
                0x00004578       0x18 /Users/Max/android-ndk-r8e/platforms/android-9/arch-arm/usr/lib/crtbegin_so.o
 .rel.data.rel.ro._ZTVSt12length_error
                0x00004590       0x20 /Users/Max/android-ndk-r8e/platforms/android-9/arch-arm/usr/lib/crtbegin_so.o
 .rel.data.rel.ro._ZTISt16invalid_argument
                0x000045b0       0x18 /Users/Max/android-ndk-r8e/platforms/android-9/arch-arm/usr/lib/crtbegin_so.o
 .rel.data.rel.ro._ZTVSt16invalid_argument
                0x000045c8       0x20 /Users/Max/android-ndk-r8e/platforms/android-9/arch-arm/usr/lib/crtbegin_so.o
 .rel.data.rel.ro._ZTISt12domain_error
                0x000045e8       0x18 /Users/Max/android-ndk-r8e/platforms/android-9/arch-arm/usr/lib/crtbegin_so.o
 .rel.data.rel.ro._ZTVSt12domain_error
                0x00004600       0x20 /Users/Max/android-ndk-r8e/platforms/android-9/arch-arm/usr/lib/crtbegin_so.o
 .rel.data.rel.ro._ZTVNSt8ios_base7failureE
                0x00004620       0x20 /Users/Max/android-ndk-r8e/platforms/android-9/arch-arm/usr/lib/crtbegin_so.o
 .rel.data.rel.ro._ZTINSt8ios_base7failureE
                0x00004640       0x18 /Users/Max/android-ndk-r8e/platforms/android-9/arch-arm/usr/lib/crtbegin_so.o
 .rel.data.rel.ro._ZTISt13runtime_error
                0x00004658       0x18 /Users/Max/android-ndk-r8e/platforms/android-9/arch-arm/usr/lib/crtbegin_so.o
 .rel.data.rel.ro._ZTVSt11logic_error
                0x00004670       0x20 /Users/Max/android-ndk-r8e/platforms/android-9/arch-arm/usr/lib/crtbegin_so.o
 .rel.data.rel.ro._ZTVSt13runtime_error
                0x00004690       0x20 /Users/Max/android-ndk-r8e/platforms/android-9/arch-arm/usr/lib/crtbegin_so.o
 .rel.data.rel.ro._ZTISt11logic_error
                0x000046b0       0x18 /Users/Max/android-ndk-r8e/platforms/android-9/arch-arm/usr/lib/crtbegin_so.o
 .rel.data.rel.ro._ZTIN12_GLOBAL__N_121system_error_categoryE
                0x000046c8       0x18 /Users/Max/android-ndk-r8e/platforms/android-9/arch-arm/usr/lib/crtbegin_so.o
 .rel.data.rel.ro._ZTVSt12system_error
                0x000046e0       0x20 /Users/Max/android-ndk-r8e/platforms/android-9/arch-arm/usr/lib/crtbegin_so.o
 .rel.data.rel.ro._ZTVSt14error_category
                0x00004700       0x40 /Users/Max/android-ndk-r8e/platforms/android-9/arch-arm/usr/lib/crtbegin_so.o
 .rel.data.rel.ro._ZTISt12system_error
                0x00004740       0x18 /Users/Max/android-ndk-r8e/platforms/android-9/arch-arm/usr/lib/crtbegin_so.o
 .rel.data.rel.ro._ZTVN12_GLOBAL__N_122generic_error_categoryE
                0x00004758       0x40 /Users/Max/android-ndk-r8e/platforms/android-9/arch-arm/usr/lib/crtbegin_so.o
 .rel.data.rel.ro._ZTISt14error_category
                0x00004798       0x10 /Users/Max/android-ndk-r8e/platforms/android-9/arch-arm/usr/lib/crtbegin_so.o
 .rel.data.rel.ro._ZTIN12_GLOBAL__N_122generic_error_categoryE
                0x000047a8       0x18 /Users/Max/android-ndk-r8e/platforms/android-9/arch-arm/usr/lib/crtbegin_so.o
 .rel.data.rel.ro._ZTVN12_GLOBAL__N_121system_error_categoryE
                0x000047c0       0x40 /Users/Max/android-ndk-r8e/platforms/android-9/arch-arm/usr/lib/crtbegin_so.o
 .rel.data.rel.ro._ZTISt8bad_cast
                0x00004800       0x18 /Users/Max/android-ndk-r8e/platforms/android-9/arch-arm/usr/lib/crtbegin_so.o
 .rel.data.rel.ro._ZTVSt8bad_cast
                0x00004818       0x20 /Users/Max/android-ndk-r8e/platforms/android-9/arch-arm/usr/lib/crtbegin_so.o
 .rel.data.rel.ro._ZTVSt10bad_typeid
                0x00004838       0x20 /Users/Max/android-ndk-r8e/platforms/android-9/arch-arm/usr/lib/crtbegin_so.o
 .rel.data.rel.ro._ZTISt10bad_typeid
                0x00004858       0x18 /Users/Max/android-ndk-r8e/platforms/android-9/arch-arm/usr/lib/crtbegin_so.o
 .rel.data.rel.ro._ZTVN10__cxxabiv117__class_type_infoE
                0x00004870       0x50 /Users/Max/android-ndk-r8e/platforms/android-9/arch-arm/usr/lib/crtbegin_so.o
 .rel.data.rel.ro._ZTIN10__cxxabiv117__class_type_infoE
                0x000048c0       0x18 /Users/Max/android-ndk-r8e/platforms/android-9/arch-arm/usr/lib/crtbegin_so.o
 .rel.data.rel.ro._ZTISt9bad_alloc
                0x000048d8       0x18 /Users/Max/android-ndk-r8e/platforms/android-9/arch-arm/usr/lib/crtbegin_so.o
 .rel.data.rel.ro._ZTVSt9bad_alloc
                0x000048f0       0x20 /Users/Max/android-ndk-r8e/platforms/android-9/arch-arm/usr/lib/crtbegin_so.o
 .rel.data.rel.ro._ZTVN10__cxxabiv117__pbase_type_infoE
                0x00004910       0x40 /Users/Max/android-ndk-r8e/platforms/android-9/arch-arm/usr/lib/crtbegin_so.o
 .rel.data.rel.ro._ZTIN10__cxxabiv117__pbase_type_infoE
                0x00004950       0x18 /Users/Max/android-ndk-r8e/platforms/android-9/arch-arm/usr/lib/crtbegin_so.o
 .rel.data.rel.ro.local
                0x00004968      0x590 /Users/Max/android-ndk-r8e/platforms/android-9/arch-arm/usr/lib/crtbegin_so.o
 *(.rel.data .rel.data.* .rel.gnu.linkonce.d.*)
 .rel.data.rel._ZN10__cxxabiv120__unexpected_handlerE
                0x00004ef8        0x8 /Users/Max/android-ndk-r8e/platforms/android-9/arch-arm/usr/lib/crtbegin_so.o
 .rel.data.rel._ZN10__cxxabiv119__terminate_handlerE
                0x00004f00        0x8 /Users/Max/android-ndk-r8e/platforms/android-9/arch-arm/usr/lib/crtbegin_so.o
 *(.rel.tdata .rel.tdata.* .rel.gnu.linkonce.td.*)
 *(.rel.tbss .rel.tbss.* .rel.gnu.linkonce.tb.*)
 *(.rel.ctors)
 *(.rel.dtors)
 *(.rel.got)
 .rel.got       0x00004f08      0x1e0 /Users/Max/android-ndk-r8e/platforms/android-9/arch-arm/usr/lib/crtbegin_so.o
 *(.rel.bss .rel.bss.* .rel.gnu.linkonce.b.*)
 .rel.fini_array
                0x000050e8        0x8 /Users/Max/android-ndk-r8e/platforms/android-9/arch-arm/usr/lib/crtbegin_so.o
 .rel.init_array
                0x000050f0       0x28 /Users/Max/android-ndk-r8e/platforms/android-9/arch-arm/usr/lib/crtbegin_so.o

.rela.dyn
 *(.rela.init)
 *(.rela.text .rela.text.* .rela.gnu.linkonce.t.*)
 *(.rela.fini)
 *(.rela.rodata .rela.rodata.* .rela.gnu.linkonce.r.*)
 *(.rela.data .rela.data.* .rela.gnu.linkonce.d.*)
 *(.rela.tdata .rela.tdata.* .rela.gnu.linkonce.td.*)
 *(.rela.tbss .rela.tbss.* .rela.gnu.linkonce.tb.*)
 *(.rela.ctors)
 *(.rela.dtors)
 *(.rela.got)
 *(.rela.bss .rela.bss.* .rela.gnu.linkonce.b.*)

.rel.plt        0x00005118      0x1b8
 *(.rel.plt)
 .rel.plt       0x00005118      0x1b8 /Users/Max/android-ndk-r8e/platforms/android-9/arch-arm/usr/lib/crtbegin_so.o

.rela.plt
 *(.rela.plt)

.init
 *(.init)

.plt            0x000052d0      0x2a8
 *(.plt)
 .plt           0x000052d0      0x2a8 /Users/Max/android-ndk-r8e/platforms/android-9/arch-arm/usr/lib/crtbegin_so.o

.text           0x00005578    0x10d18
 *(.text .stub .text.* .gnu.linkonce.t.*)
 .text          0x00005578       0x14 /Users/Max/android-ndk-r8e/platforms/android-9/arch-arm/usr/lib/crtbegin_so.o
                0x00005578                atexit
 .text.exit     0x0000558c       0x10 /Users/Max/android-ndk-r8e/platforms/android-9/arch-arm/usr/lib/crtbegin_so.o
                0x0000558c                __on_dlclose
 .text          0x0000559c     0x1258 debug/s3ePushWoosh_platform.os
                0x00006174                _Z35native_onNotificationsRegisterErrorP7_JNIEnvP7_jclassP8_jstring
                0x000056bc                _Z13callbackPausePvS_
                0x00006604                _Z42s3ePushWooshStartLocationTracking_platformv
                0x000064fc                _Z46s3ePushWooshScheduleLocalNotification_platformPKciS0_
                0x000066ac                _Z47s3ePushWooshNotificationSetBadgeNumber_platformi
                0x00005eb4                _Z43s3ePushWooshNotificationsAvailable_platformv
                0x000064a8                _Z44s3ePushWooshClearLocalNotifications_platformv
                0x0000639c                _Z42s3ePushWooshNotificationSetIntTag_platformPKci
                0x00006030                _Z32native_onNotificationsRegisteredP7_JNIEnvP7_jclassP8_jstring
                0x00006658                _Z41s3ePushWooshStopLocationTracking_platformv
                0x00005eb0                _Z30s3ePushWooshTerminate_platformv
                0x0000625c                _Z21native_onPushReceivedP7_JNIEnvP7_jclassP8_jstringS4_
                0x00005738                _Z15callbackUnpausePvS_
                0x00006348                _Z43s3ePushWooshNotificationUnRegister_platformv
                0x00005f7c                _Z29s3ePushWooshGetToken_platformv
                0x00006418                _Z45s3ePushWooshNotificationSetStringTag_platformPKcS0_
                0x00005f08                _Z41s3ePushWooshNotificationRegister_platformv
                0x000057b4                _Z25s3ePushWooshInit_platformv
                0x00005f5c                _Z52s3ePushWooshNotificationRegisterWithPWAppID_platformPKc
                0x000065ac                _Z52s3ePushWooshSetAndroidNotificationMultiMode_platformb
 .text._ZN7_JNIEnv9FindClassEPKc
                0x000067f4       0x38 debug/s3ePushWoosh_platform.os
                0x000067f4                _ZN7_JNIEnv9FindClassEPKc
 .text._ZN7_JNIEnv17ExceptionOccurredEv
                0x0000682c       0x30 debug/s3ePushWoosh_platform.os
                0x0000682c                _ZN7_JNIEnv17ExceptionOccurredEv
 .text._ZN7_JNIEnv17ExceptionDescribeEv
                0x0000685c       0x28 debug/s3ePushWoosh_platform.os
                0x0000685c                _ZN7_JNIEnv17ExceptionDescribeEv
 .text._ZN7_JNIEnv14ExceptionClearEv
                0x00006884       0x28 debug/s3ePushWoosh_platform.os
                0x00006884                _ZN7_JNIEnv14ExceptionClearEv
 .text._ZN7_JNIEnv12NewGlobalRefEP8_jobject
                0x000068ac       0x38 debug/s3ePushWoosh_platform.os
                0x000068ac                _ZN7_JNIEnv12NewGlobalRefEP8_jobject
 .text._ZN7_JNIEnv15DeleteGlobalRefEP8_jobject
                0x000068e4       0x30 debug/s3ePushWoosh_platform.os
                0x000068e4                _ZN7_JNIEnv15DeleteGlobalRefEP8_jobject
 .text._ZN7_JNIEnv14DeleteLocalRefEP8_jobject
                0x00006914       0x30 debug/s3ePushWoosh_platform.os
                0x00006914                _ZN7_JNIEnv14DeleteLocalRefEP8_jobject
 .text._ZN7_JNIEnv9NewObjectEP7_jclassP10_jmethodIDz
                0x00006944       0x5c debug/s3ePushWoosh_platform.os
                0x00006944                _ZN7_JNIEnv9NewObjectEP7_jclassP10_jmethodIDz
 .text._ZN7_JNIEnv11GetMethodIDEP7_jclassPKcS3_
                0x000069a0       0x48 debug/s3ePushWoosh_platform.os
                0x000069a0                _ZN7_JNIEnv11GetMethodIDEP7_jclassPKcS3_
 .text._ZN7_JNIEnv16CallObjectMethodEP8_jobjectP10_jmethodIDz
                0x000069e8       0x5c debug/s3ePushWoosh_platform.os
                0x000069e8                _ZN7_JNIEnv16CallObjectMethodEP8_jobjectP10_jmethodIDz
 .text._ZN7_JNIEnv17CallBooleanMethodEP8_jobjectP10_jmethodIDz
                0x00006a44       0x5c debug/s3ePushWoosh_platform.os
                0x00006a44                _ZN7_JNIEnv17CallBooleanMethodEP8_jobjectP10_jmethodIDz
 .text._ZN7_JNIEnv13CallIntMethodEP8_jobjectP10_jmethodIDz
                0x00006aa0       0x5c debug/s3ePushWoosh_platform.os
                0x00006aa0                _ZN7_JNIEnv13CallIntMethodEP8_jobjectP10_jmethodIDz
 .text._ZN7_JNIEnv14CallVoidMethodEP8_jobjectP10_jmethodIDz
                0x00006afc       0x4c debug/s3ePushWoosh_platform.os
                0x00006afc                _ZN7_JNIEnv14CallVoidMethodEP8_jobjectP10_jmethodIDz
 .text._ZN7_JNIEnv12NewStringUTFEPKc
                0x00006b48       0x38 debug/s3ePushWoosh_platform.os
                0x00006b48                _ZN7_JNIEnv12NewStringUTFEPKc
 .text._ZN7_JNIEnv17GetStringUTFCharsEP8_jstringPh
                0x00006b80       0x40 debug/s3ePushWoosh_platform.os
                0x00006b80                _ZN7_JNIEnv17GetStringUTFCharsEP8_jstringPh
 .text._ZN7_JNIEnv21ReleaseStringUTFCharsEP8_jstringPKc
                0x00006bc0       0x38 debug/s3ePushWoosh_platform.os
                0x00006bc0                _ZN7_JNIEnv21ReleaseStringUTFCharsEP8_jstringPKc
 .text._ZN7_JNIEnv15RegisterNativesEP7_jclassPK15JNINativeMethodi
                0x00006bf8       0x48 debug/s3ePushWoosh_platform.os
                0x00006bf8                _ZN7_JNIEnv15RegisterNativesEP7_jclassPK15JNINativeMethodi
 .text._ZN7_JavaVM6GetEnvEPPvi
                0x00006c40       0x40 debug/s3ePushWoosh_platform.os
                0x00006c40                _ZN7_JavaVM6GetEnvEPPvi
 .text._ZN19AutoJniStringBufferC1EP7_JNIEnvP8_jstring
                0x00006c80       0x58 debug/s3ePushWoosh_platform.os
                0x00006c80                _ZN19AutoJniStringBufferC1EP7_JNIEnvP8_jstring
 .text._ZN19AutoJniStringBufferD1Ev
                0x00006cd8       0x44 debug/s3ePushWoosh_platform.os
                0x00006cd8                _ZN19AutoJniStringBufferD1Ev
 .text          0x00006d1c      0x1ac debug/s3ePushWoosh.os
                0x00006e08                s3ePushWooshClearLocalNotifications
                0x00006d1c                _Z16s3ePushWooshInitv
                0x00006ddc                s3ePushWooshNotificationSetStringTag
                0x00006db0                s3ePushWooshNotificationSetIntTag
                0x00006ea4                s3ePushWooshNotificationSetBadgeNumber
                0x00006d30                _Z21s3ePushWooshTerminatev
                0x00006d88                s3ePushWooshGetToken
                0x00006e1c                s3ePushWooshStartLocationTracking
                0x00006e78                s3ePushWooshSetAndroidNotificationMultiMode
                0x00006d64                s3ePushWooshNotificationRegisterWithPWAppID
                0x00006e30                s3ePushWooshStopLocationTracking
                0x00006d50                s3ePushWooshNotificationRegister
                0x00006e44                s3ePushWooshScheduleLocalNotification
                0x00006d9c                s3ePushWooshNotificationUnRegister
                0x00006d3c                s3ePushWooshNotificationsAvailable
 .text          0x00006ec8      0x214 debug/s3ePushWoosh_register.os
                0x00006f5c                _Z23s3ePushWooshRegisterExtv
                0x000070d0                RegisterExt
                0x00006f18                s3ePushWooshUnRegister
                0x00006ec8                s3ePushWooshRegister
 .text          0x000070dc        0x0 /Applications/Marmalade.app/Contents/s3e/edk/lib/android/libedk.a(IwDebug.o)
 .text.IwAssertRegisterTextCallback
                0x000070dc       0x1c /Applications/Marmalade.app/Contents/s3e/edk/lib/android/libedk.a(IwDebug.o)
                0x000070dc                IwAssertRegisterTextCallback
 .text.IwAssertRegisterCallback
                0x000070f8       0x1c /Applications/Marmalade.app/Contents/s3e/edk/lib/android/libedk.a(IwDebug.o)
                0x000070f8                IwAssertRegisterCallback
 .text.IwDebugTraceSetTraceChannel
                0x00007114       0x1c /Applications/Marmalade.app/Contents/s3e/edk/lib/android/libedk.a(IwDebug.o)
                0x00007114                IwDebugTraceSetTraceChannel
 .text.IwDebugErrorRegisterCallback
                0x00007130       0x1c /Applications/Marmalade.app/Contents/s3e/edk/lib/android/libedk.a(IwDebug.o)
                0x00007130                IwDebugErrorRegisterCallback
 .text.IwDebugAssertSetUID
                0x0000714c       0x14 /Applications/Marmalade.app/Contents/s3e/edk/lib/android/libedk.a(IwDebug.o)
                0x0000714c                IwDebugAssertSetUID
 .text._GLOBAL__I_E__JenkinsWS_workspace_ReleaseWin32FullBinaries_sdk_modules_iwcore_source_IwDebug.cpp
                0x00007160       0xa4 /Applications/Marmalade.app/Contents/s3e/edk/lib/android/libedk.a(IwDebug.o)
 .text.IwDebugClearConfigCache
                0x00007204       0x80 /Applications/Marmalade.app/Contents/s3e/edk/lib/android/libedk.a(IwDebug.o)
                0x00007204                IwDebugClearConfigCache
 .text.IwDebugErrorShow
                0x00007284       0xec /Applications/Marmalade.app/Contents/s3e/edk/lib/android/libedk.a(IwDebug.o)
                0x00007284                IwDebugErrorShow
 .text.IwDebugTraceLineVPrintf
                0x00007370       0xfc /Applications/Marmalade.app/Contents/s3e/edk/lib/android/libedk.a(IwDebug.o)
                0x00007370                IwDebugTraceLineVPrintf
 .text.IwDebugAssertIsChannelOn
                0x0000746c      0x204 /Applications/Marmalade.app/Contents/s3e/edk/lib/android/libedk.a(IwDebug.o)
                0x0000746c                IwDebugAssertIsChannelOn
 .text.IwDebugTraceDisable
                0x00007670       0x10 /Applications/Marmalade.app/Contents/s3e/edk/lib/android/libedk.a(IwDebug.o)
                0x00007670                IwDebugTraceDisable
 .text.IwDebugAssertSetMessage
                0x00007680       0xfc /Applications/Marmalade.app/Contents/s3e/edk/lib/android/libedk.a(IwDebug.o)
                0x00007680                IwDebugAssertSetMessage
 .text.IwDebugAssertSetSolution
                0x0000777c       0xa0 /Applications/Marmalade.app/Contents/s3e/edk/lib/android/libedk.a(IwDebug.o)
                0x0000777c                IwDebugAssertSetSolution
 .text.IwDebugAssertShow
                0x0000781c      0x2d0 /Applications/Marmalade.app/Contents/s3e/edk/lib/android/libedk.a(IwDebug.o)
                0x0000781c                IwDebugAssertShow
 .text.IwDebugTraceIsChannelOn
                0x00007aec      0x2b8 /Applications/Marmalade.app/Contents/s3e/edk/lib/android/libedk.a(IwDebug.o)
                0x00007aec                IwDebugTraceIsChannelOn
 .text.IwDebugTraceChannelSwitch
                0x00007da4      0x4c4 /Applications/Marmalade.app/Contents/s3e/edk/lib/android/libedk.a(IwDebug.o)
                0x00007da4                IwDebugTraceChannelSwitch
 .text.IwDebugTraceLinePrintf
                0x00008268      0x10c /Applications/Marmalade.app/Contents/s3e/edk/lib/android/libedk.a(IwDebug.o)
                0x00008268                IwDebugTraceLinePrintf
 .text          0x00008374        0x0 /Applications/Marmalade.app/Contents/s3e/edk/lib/android/libedk.a(edk_helpers.o)
 .text.s3eEdkThreadRunOnOSAsync
                0x00008374       0x30 /Applications/Marmalade.app/Contents/s3e/edk/lib/android/libedk.a(edk_helpers.o)
                0x00008374                s3eEdkThreadRunOnOSAsync
 .text.s3eEdkThreadRunOnOS
                0x000083a4       0x30 /Applications/Marmalade.app/Contents/s3e/edk/lib/android/libedk.a(edk_helpers.o)
                0x000083a4                s3eEdkThreadRunOnOS
 .text.s3eEdkErrorSetString
                0x000083d4       0x30 /Applications/Marmalade.app/Contents/s3e/edk/lib/android/libedk.a(edk_helpers.o)
                0x000083d4                s3eEdkErrorSetString
 .text          0x00008404        0x0 /Users/Max/android-ndk-r8e/sources/cxx-stl/gnu-libstdc++/4.4.3/libs/armeabi/libgnustl_static.a(allocator-inst.o)
 .text._ZNSaIcEC2Ev
                0x00008404        0x4 /Users/Max/android-ndk-r8e/sources/cxx-stl/gnu-libstdc++/4.4.3/libs/armeabi/libgnustl_static.a(allocator-inst.o)
                0x00008404                _ZNSaIcEC2Ev
 .text._ZNSaIcEC1Ev
                0x00008408        0x4 /Users/Max/android-ndk-r8e/sources/cxx-stl/gnu-libstdc++/4.4.3/libs/armeabi/libgnustl_static.a(allocator-inst.o)
                0x00008408                _ZNSaIcEC1Ev
 .text._ZNSaIcEC2ERKS_
                0x0000840c        0x4 /Users/Max/android-ndk-r8e/sources/cxx-stl/gnu-libstdc++/4.4.3/libs/armeabi/libgnustl_static.a(allocator-inst.o)
                0x0000840c                _ZNSaIcEC2ERKS_
 .text._ZNSaIcEC1ERKS_
                0x00008410        0x4 /Users/Max/android-ndk-r8e/sources/cxx-stl/gnu-libstdc++/4.4.3/libs/armeabi/libgnustl_static.a(allocator-inst.o)
                0x00008410                _ZNSaIcEC1ERKS_
 .text._ZNSaIcED2Ev
                0x00008414        0x4 /Users/Max/android-ndk-r8e/sources/cxx-stl/gnu-libstdc++/4.4.3/libs/armeabi/libgnustl_static.a(allocator-inst.o)
                0x00008414                _ZNSaIcED2Ev
 .text._ZNSaIcED1Ev
                0x00008418        0x4 /Users/Max/android-ndk-r8e/sources/cxx-stl/gnu-libstdc++/4.4.3/libs/armeabi/libgnustl_static.a(allocator-inst.o)
                0x00008418                _ZNSaIcED1Ev
 .text._ZNSaIwEC2Ev
                0x0000841c        0x4 /Users/Max/android-ndk-r8e/sources/cxx-stl/gnu-libstdc++/4.4.3/libs/armeabi/libgnustl_static.a(allocator-inst.o)
                0x0000841c                _ZNSaIwEC2Ev
 .text._ZNSaIwEC1Ev
                0x00008420        0x4 /Users/Max/android-ndk-r8e/sources/cxx-stl/gnu-libstdc++/4.4.3/libs/armeabi/libgnustl_static.a(allocator-inst.o)
                0x00008420                _ZNSaIwEC1Ev
 .text._ZNSaIwEC2ERKS_
                0x00008424        0x4 /Users/Max/android-ndk-r8e/sources/cxx-stl/gnu-libstdc++/4.4.3/libs/armeabi/libgnustl_static.a(allocator-inst.o)
                0x00008424                _ZNSaIwEC2ERKS_
 .text._ZNSaIwEC1ERKS_
                0x00008428        0x4 /Users/Max/android-ndk-r8e/sources/cxx-stl/gnu-libstdc++/4.4.3/libs/armeabi/libgnustl_static.a(allocator-inst.o)
                0x00008428                _ZNSaIwEC1ERKS_
 .text._ZNSaIwED2Ev
                0x0000842c        0x4 /Users/Max/android-ndk-r8e/sources/cxx-stl/gnu-libstdc++/4.4.3/libs/armeabi/libgnustl_static.a(allocator-inst.o)
                0x0000842c                _ZNSaIwED2Ev
 .text._ZNSaIwED1Ev
                0x00008430        0x4 /Users/Max/android-ndk-r8e/sources/cxx-stl/gnu-libstdc++/4.4.3/libs/armeabi/libgnustl_static.a(allocator-inst.o)
                0x00008430                _ZNSaIwED1Ev
 .text          0x00008434        0x0 /Users/Max/android-ndk-r8e/sources/cxx-stl/gnu-libstdc++/4.4.3/libs/armeabi/libgnustl_static.a(string-inst.o)
 .text._ZNKSs7_M_dataEv
                0x00008434        0x8 /Users/Max/android-ndk-r8e/sources/cxx-stl/gnu-libstdc++/4.4.3/libs/armeabi/libgnustl_static.a(string-inst.o)
                0x00008434                _ZNKSs7_M_dataEv
 .text._ZNSs7_M_dataEPc
                0x0000843c        0xc /Users/Max/android-ndk-r8e/sources/cxx-stl/gnu-libstdc++/4.4.3/libs/armeabi/libgnustl_static.a(string-inst.o)
                0x0000843c                _ZNSs7_M_dataEPc
 .text._ZNKSs6_M_repEv
                0x00008448        0xc /Users/Max/android-ndk-r8e/sources/cxx-stl/gnu-libstdc++/4.4.3/libs/armeabi/libgnustl_static.a(string-inst.o)
                0x00008448                _ZNKSs6_M_repEv
 .text._ZNKSs9_M_ibeginEv
                0x00008454        0x8 /Users/Max/android-ndk-r8e/sources/cxx-stl/gnu-libstdc++/4.4.3/libs/armeabi/libgnustl_static.a(string-inst.o)
                0x00008454                _ZNKSs9_M_ibeginEv
 .text._ZNKSs7_M_iendEv
                0x0000845c       0x10 /Users/Max/android-ndk-r8e/sources/cxx-stl/gnu-libstdc++/4.4.3/libs/armeabi/libgnustl_static.a(string-inst.o)
                0x0000845c                _ZNKSs7_M_iendEv
 .text._ZNKSs8_M_limitEjj
                0x0000846c       0x18 /Users/Max/android-ndk-r8e/sources/cxx-stl/gnu-libstdc++/4.4.3/libs/armeabi/libgnustl_static.a(string-inst.o)
                0x0000846c                _ZNKSs8_M_limitEjj
 .text._ZNKSs11_M_disjunctEPKc
                0x00008484       0x28 /Users/Max/android-ndk-r8e/sources/cxx-stl/gnu-libstdc++/4.4.3/libs/armeabi/libgnustl_static.a(string-inst.o)
                0x00008484                _ZNKSs11_M_disjunctEPKc
 .text._ZNSs10_S_compareEjj
                0x000084ac        0x8 /Users/Max/android-ndk-r8e/sources/cxx-stl/gnu-libstdc++/4.4.3/libs/armeabi/libgnustl_static.a(string-inst.o)
                0x000084ac                _ZNSs10_S_compareEjj
 .text._ZNSs12_S_empty_repEv
                0x000084b4       0x10 /Users/Max/android-ndk-r8e/sources/cxx-stl/gnu-libstdc++/4.4.3/libs/armeabi/libgnustl_static.a(string-inst.o)
                0x000084b4                _ZNSs12_S_empty_repEv
 .text._ZNSsC2Ev
                0x000084c4       0x18 /Users/Max/android-ndk-r8e/sources/cxx-stl/gnu-libstdc++/4.4.3/libs/armeabi/libgnustl_static.a(string-inst.o)
                0x000084c4                _ZNSsC2Ev
 .text._ZNSsC1Ev
                0x000084dc       0x18 /Users/Max/android-ndk-r8e/sources/cxx-stl/gnu-libstdc++/4.4.3/libs/armeabi/libgnustl_static.a(string-inst.o)
                0x000084dc                _ZNSsC1Ev
 .text._ZNKSs5beginEv
                0x000084f4        0x8 /Users/Max/android-ndk-r8e/sources/cxx-stl/gnu-libstdc++/4.4.3/libs/armeabi/libgnustl_static.a(string-inst.o)
                0x000084f4                _ZNKSs5beginEv
 .text._ZNKSs3endEv
                0x000084fc       0x10 /Users/Max/android-ndk-r8e/sources/cxx-stl/gnu-libstdc++/4.4.3/libs/armeabi/libgnustl_static.a(string-inst.o)
                0x000084fc                _ZNKSs3endEv
 .text._ZNKSs6rbeginEv
                0x0000850c       0x14 /Users/Max/android-ndk-r8e/sources/cxx-stl/gnu-libstdc++/4.4.3/libs/armeabi/libgnustl_static.a(string-inst.o)
                0x0000850c                _ZNKSs6rbeginEv
 .text._ZNKSs4rendEv
                0x00008520        0xc /Users/Max/android-ndk-r8e/sources/cxx-stl/gnu-libstdc++/4.4.3/libs/armeabi/libgnustl_static.a(string-inst.o)
                0x00008520                _ZNKSs4rendEv
 .text._ZNKSs4sizeEv
                0x0000852c        0xc /Users/Max/android-ndk-r8e/sources/cxx-stl/gnu-libstdc++/4.4.3/libs/armeabi/libgnustl_static.a(string-inst.o)
                0x0000852c                _ZNKSs4sizeEv
 .text._ZNKSs6lengthEv
                0x00008538        0xc /Users/Max/android-ndk-r8e/sources/cxx-stl/gnu-libstdc++/4.4.3/libs/armeabi/libgnustl_static.a(string-inst.o)
                0x00008538                _ZNKSs6lengthEv
 .text._ZNKSs8max_sizeEv
                0x00008544        0x8 /Users/Max/android-ndk-r8e/sources/cxx-stl/gnu-libstdc++/4.4.3/libs/armeabi/libgnustl_static.a(string-inst.o)
                0x00008544                _ZNKSs8max_sizeEv
 .text._ZNKSs8capacityEv
                0x0000854c        0xc /Users/Max/android-ndk-r8e/sources/cxx-stl/gnu-libstdc++/4.4.3/libs/armeabi/libgnustl_static.a(string-inst.o)
                0x0000854c                _ZNKSs8capacityEv
 .text._ZNKSs5emptyEv
                0x00008558       0x14 /Users/Max/android-ndk-r8e/sources/cxx-stl/gnu-libstdc++/4.4.3/libs/armeabi/libgnustl_static.a(string-inst.o)
                0x00008558                _ZNKSs5emptyEv
 .text._ZNKSsixEj
                0x0000856c        0xc /Users/Max/android-ndk-r8e/sources/cxx-stl/gnu-libstdc++/4.4.3/libs/armeabi/libgnustl_static.a(string-inst.o)
                0x0000856c                _ZNKSsixEj
 .text._ZNSs4swapERSs
                0x00008578       0x44 /Users/Max/android-ndk-r8e/sources/cxx-stl/gnu-libstdc++/4.4.3/libs/armeabi/libgnustl_static.a(string-inst.o)
                0x00008578                _ZNSs4swapERSs
 .text._ZNKSs5c_strEv
                0x000085bc        0x8 /Users/Max/android-ndk-r8e/sources/cxx-stl/gnu-libstdc++/4.4.3/libs/armeabi/libgnustl_static.a(string-inst.o)
                0x000085bc                _ZNKSs5c_strEv
 .text._ZNKSs4dataEv
                0x000085c4        0x8 /Users/Max/android-ndk-r8e/sources/cxx-stl/gnu-libstdc++/4.4.3/libs/armeabi/libgnustl_static.a(string-inst.o)
                0x000085c4                _ZNKSs4dataEv
 .text._ZNKSs13get_allocatorEv
                0x000085cc        0x4 /Users/Max/android-ndk-r8e/sources/cxx-stl/gnu-libstdc++/4.4.3/libs/armeabi/libgnustl_static.a(string-inst.o)
                0x000085cc                _ZNKSs13get_allocatorEv
 .text._ZNKSs5rfindEcj
                0x000085d0       0x4c /Users/Max/android-ndk-r8e/sources/cxx-stl/gnu-libstdc++/4.4.3/libs/armeabi/libgnustl_static.a(string-inst.o)
                0x000085d0                _ZNKSs5rfindEcj
 .text._ZNKSs12find_last_ofEcj
                0x0000861c        0x4 /Users/Max/android-ndk-r8e/sources/cxx-stl/gnu-libstdc++/4.4.3/libs/armeabi/libgnustl_static.a(string-inst.o)
                0x0000861c                _ZNKSs12find_last_ofEcj
 .text._ZNKSs17find_first_not_ofEcj
                0x00008620       0x48 /Users/Max/android-ndk-r8e/sources/cxx-stl/gnu-libstdc++/4.4.3/libs/armeabi/libgnustl_static.a(string-inst.o)
                0x00008620                _ZNKSs17find_first_not_ofEcj
 .text._ZNKSs16find_last_not_ofEcj
                0x00008668       0x44 /Users/Max/android-ndk-r8e/sources/cxx-stl/gnu-libstdc++/4.4.3/libs/armeabi/libgnustl_static.a(string-inst.o)
                0x00008668                _ZNKSs16find_last_not_ofEcj
 .text._ZNSs12_Alloc_hiderC2EPcRKSaIcE
                0x000086ac        0x8 /Users/Max/android-ndk-r8e/sources/cxx-stl/gnu-libstdc++/4.4.3/libs/armeabi/libgnustl_static.a(string-inst.o)
                0x000086ac                _ZNSs12_Alloc_hiderC2EPcRKSaIcE
 .text._ZNSs12_Alloc_hiderC1EPcRKSaIcE
                0x000086b4        0x8 /Users/Max/android-ndk-r8e/sources/cxx-stl/gnu-libstdc++/4.4.3/libs/armeabi/libgnustl_static.a(string-inst.o)
                0x000086b4                _ZNSs12_Alloc_hiderC1EPcRKSaIcE
 .text._ZNSs4_Rep12_S_empty_repEv
                0x000086bc       0x10 /Users/Max/android-ndk-r8e/sources/cxx-stl/gnu-libstdc++/4.4.3/libs/armeabi/libgnustl_static.a(string-inst.o)
                0x000086bc                _ZNSs4_Rep12_S_empty_repEv
 .text._ZNKSs4_Rep12_M_is_leakedEv
                0x000086cc        0xc /Users/Max/android-ndk-r8e/sources/cxx-stl/gnu-libstdc++/4.4.3/libs/armeabi/libgnustl_static.a(string-inst.o)
                0x000086cc                _ZNKSs4_Rep12_M_is_leakedEv
 .text._ZNKSs4_Rep12_M_is_sharedEv
                0x000086d8       0x14 /Users/Max/android-ndk-r8e/sources/cxx-stl/gnu-libstdc++/4.4.3/libs/armeabi/libgnustl_static.a(string-inst.o)
                0x000086d8                _ZNKSs4_Rep12_M_is_sharedEv
 .text._ZNSs4_Rep13_M_set_leakedEv
                0x000086ec        0xc /Users/Max/android-ndk-r8e/sources/cxx-stl/gnu-libstdc++/4.4.3/libs/armeabi/libgnustl_static.a(string-inst.o)
                0x000086ec                _ZNSs4_Rep13_M_set_leakedEv
 .text._ZNSs4_Rep15_M_set_sharableEv
                0x000086f8        0xc /Users/Max/android-ndk-r8e/sources/cxx-stl/gnu-libstdc++/4.4.3/libs/armeabi/libgnustl_static.a(string-inst.o)
                0x000086f8                _ZNSs4_Rep15_M_set_sharableEv
 .text._ZNSs4_Rep26_M_set_length_and_sharableEj
                0x00008704       0x18 /Users/Max/android-ndk-r8e/sources/cxx-stl/gnu-libstdc++/4.4.3/libs/armeabi/libgnustl_static.a(string-inst.o)
                0x00008704                _ZNSs4_Rep26_M_set_length_and_sharableEj
 .text._ZNSs4_Rep10_M_refdataEv
                0x0000871c        0x8 /Users/Max/android-ndk-r8e/sources/cxx-stl/gnu-libstdc++/4.4.3/libs/armeabi/libgnustl_static.a(string-inst.o)
                0x0000871c                _ZNSs4_Rep10_M_refdataEv
 .text._ZN9__gnu_cxxeqIPcSsEEbRKNS_17__normal_iteratorIT_T0_EES7_
                0x00008724       0x18 /Users/Max/android-ndk-r8e/sources/cxx-stl/gnu-libstdc++/4.4.3/libs/armeabi/libgnustl_static.a(string-inst.o)
                0x00008724                _ZN9__gnu_cxxeqIPcSsEEbRKNS_17__normal_iteratorIT_T0_EES7_
 .text._ZN9__gnu_cxxeqIPKcSsEEbRKNS_17__normal_iteratorIT_T0_EES8_
                0x0000873c       0x18 /Users/Max/android-ndk-r8e/sources/cxx-stl/gnu-libstdc++/4.4.3/libs/armeabi/libgnustl_static.a(string-inst.o)
                0x0000873c                _ZN9__gnu_cxxeqIPKcSsEEbRKNS_17__normal_iteratorIT_T0_EES8_
 .text._ZNSs4_Rep10_M_refcopyEv
                0x00008754       0x44 /Users/Max/android-ndk-r8e/sources/cxx-stl/gnu-libstdc++/4.4.3/libs/armeabi/libgnustl_static.a(string-inst.o)
                0x00008754                _ZNSs4_Rep10_M_refcopyEv
 .text._ZNSs4_Rep10_M_destroyERKSaIcE
                0x00008798        0x4 /Users/Max/android-ndk-r8e/sources/cxx-stl/gnu-libstdc++/4.4.3/libs/armeabi/libgnustl_static.a(string-inst.o)
                0x00008798                _ZNSs4_Rep10_M_destroyERKSaIcE
 .text._ZNSs4_Rep10_M_disposeERKSaIcE
                0x0000879c       0x3c /Users/Max/android-ndk-r8e/sources/cxx-stl/gnu-libstdc++/4.4.3/libs/armeabi/libgnustl_static.a(string-inst.o)
                0x0000879c                _ZNSs4_Rep10_M_disposeERKSaIcE
 .text._ZNKSs15_M_check_lengthEjjPKc
                0x000087d8       0x28 /Users/Max/android-ndk-r8e/sources/cxx-stl/gnu-libstdc++/4.4.3/libs/armeabi/libgnustl_static.a(string-inst.o)
                0x000087d8                _ZNKSs15_M_check_lengthEjjPKc
 .text._ZNSs4_Rep9_S_createEjjRKSaIcE
                0x00008800       0x8c /Users/Max/android-ndk-r8e/sources/cxx-stl/gnu-libstdc++/4.4.3/libs/armeabi/libgnustl_static.a(string-inst.o)
                0x00008800                _ZNSs4_Rep9_S_createEjjRKSaIcE
 .text._ZNKSs16find_last_not_ofEPKcjj
                0x0000888c       0x5c /Users/Max/android-ndk-r8e/sources/cxx-stl/gnu-libstdc++/4.4.3/libs/armeabi/libgnustl_static.a(string-inst.o)
                0x0000888c                _ZNKSs16find_last_not_ofEPKcjj
 .text._ZNKSs16find_last_not_ofERKSsj
                0x000088e8        0xc /Users/Max/android-ndk-r8e/sources/cxx-stl/gnu-libstdc++/4.4.3/libs/armeabi/libgnustl_static.a(string-inst.o)
                0x000088e8                _ZNKSs16find_last_not_ofERKSsj
 .text._ZNKSs17find_first_not_ofEPKcjj
                0x000088f4       0x60 /Users/Max/android-ndk-r8e/sources/cxx-stl/gnu-libstdc++/4.4.3/libs/armeabi/libgnustl_static.a(string-inst.o)
                0x000088f4                _ZNKSs17find_first_not_ofEPKcjj
 .text._ZNKSs17find_first_not_ofERKSsj
                0x00008954        0xc /Users/Max/android-ndk-r8e/sources/cxx-stl/gnu-libstdc++/4.4.3/libs/armeabi/libgnustl_static.a(string-inst.o)
                0x00008954                _ZNKSs17find_first_not_ofERKSsj
 .text._ZNKSs12find_last_ofEPKcjj
                0x00008960       0x60 /Users/Max/android-ndk-r8e/sources/cxx-stl/gnu-libstdc++/4.4.3/libs/armeabi/libgnustl_static.a(string-inst.o)
                0x00008960                _ZNKSs12find_last_ofEPKcjj
 .text._ZNKSs12find_last_ofERKSsj
                0x000089c0        0xc /Users/Max/android-ndk-r8e/sources/cxx-stl/gnu-libstdc++/4.4.3/libs/armeabi/libgnustl_static.a(string-inst.o)
                0x000089c0                _ZNKSs12find_last_ofERKSsj
 .text._ZNKSs13find_first_ofEPKcjj
                0x000089cc       0x5c /Users/Max/android-ndk-r8e/sources/cxx-stl/gnu-libstdc++/4.4.3/libs/armeabi/libgnustl_static.a(string-inst.o)
                0x000089cc                _ZNKSs13find_first_ofEPKcjj
 .text._ZNKSs13find_first_ofERKSsj
                0x00008a28        0xc /Users/Max/android-ndk-r8e/sources/cxx-stl/gnu-libstdc++/4.4.3/libs/armeabi/libgnustl_static.a(string-inst.o)
                0x00008a28                _ZNKSs13find_first_ofERKSsj
 .text._ZNKSs4findEcj
                0x00008a34       0x38 /Users/Max/android-ndk-r8e/sources/cxx-stl/gnu-libstdc++/4.4.3/libs/armeabi/libgnustl_static.a(string-inst.o)
                0x00008a34                _ZNKSs4findEcj
 .text._ZNKSs13find_first_ofEcj
                0x00008a6c        0x4 /Users/Max/android-ndk-r8e/sources/cxx-stl/gnu-libstdc++/4.4.3/libs/armeabi/libgnustl_static.a(string-inst.o)
                0x00008a6c                _ZNKSs13find_first_ofEcj
 .text._ZNKSs2atEj
                0x00008a70       0x2c /Users/Max/android-ndk-r8e/sources/cxx-stl/gnu-libstdc++/4.4.3/libs/armeabi/libgnustl_static.a(string-inst.o)
                0x00008a70                _ZNKSs2atEj
 .text._ZNKSs8_M_checkEjPKc
                0x00008a9c       0x24 /Users/Max/android-ndk-r8e/sources/cxx-stl/gnu-libstdc++/4.4.3/libs/armeabi/libgnustl_static.a(string-inst.o)
                0x00008a9c                _ZNKSs8_M_checkEjPKc
 .text._ZNKSs7compareEjjRKSsjj
                0x00008ac0       0x88 /Users/Max/android-ndk-r8e/sources/cxx-stl/gnu-libstdc++/4.4.3/libs/armeabi/libgnustl_static.a(string-inst.o)
                0x00008ac0                _ZNKSs7compareEjjRKSsjj
 .text._ZNSs9_M_assignEPcjc
                0x00008b48       0x1c /Users/Max/android-ndk-r8e/sources/cxx-stl/gnu-libstdc++/4.4.3/libs/armeabi/libgnustl_static.a(string-inst.o)
                0x00008b48                _ZNSs9_M_assignEPcjc
 .text._ZNSs7_M_moveEPcPKcj
                0x00008b64       0x18 /Users/Max/android-ndk-r8e/sources/cxx-stl/gnu-libstdc++/4.4.3/libs/armeabi/libgnustl_static.a(string-inst.o)
                0x00008b64                _ZNSs7_M_moveEPcPKcj
 .text._ZNSs7_M_copyEPcPKcj
                0x00008b7c       0x18 /Users/Max/android-ndk-r8e/sources/cxx-stl/gnu-libstdc++/4.4.3/libs/armeabi/libgnustl_static.a(string-inst.o)
                0x00008b7c                _ZNSs7_M_copyEPcPKcj
 .text._ZNKSs5rfindEPKcjj
                0x00008b94       0x60 /Users/Max/android-ndk-r8e/sources/cxx-stl/gnu-libstdc++/4.4.3/libs/armeabi/libgnustl_static.a(string-inst.o)
                0x00008b94                _ZNKSs5rfindEPKcjj
 .text._ZNKSs5rfindERKSsj
                0x00008bf4        0xc /Users/Max/android-ndk-r8e/sources/cxx-stl/gnu-libstdc++/4.4.3/libs/armeabi/libgnustl_static.a(string-inst.o)
                0x00008bf4                _ZNKSs5rfindERKSsj
 .text._ZNKSs7compareERKSs
                0x00008c00       0x30 /Users/Max/android-ndk-r8e/sources/cxx-stl/gnu-libstdc++/4.4.3/libs/armeabi/libgnustl_static.a(string-inst.o)
                0x00008c00                _ZNKSs7compareERKSs
 .text._ZNKSs7compareEjjPKcj
                0x00008c30       0x58 /Users/Max/android-ndk-r8e/sources/cxx-stl/gnu-libstdc++/4.4.3/libs/armeabi/libgnustl_static.a(string-inst.o)
                0x00008c30                _ZNKSs7compareEjjPKcj
 .text._ZNKSs7compareEjjRKSs
                0x00008c88       0x5c /Users/Max/android-ndk-r8e/sources/cxx-stl/gnu-libstdc++/4.4.3/libs/armeabi/libgnustl_static.a(string-inst.o)
                0x00008c88                _ZNKSs7compareEjjRKSs
 .text._ZNKSs4findEPKcjj
                0x00008ce4       0x8c /Users/Max/android-ndk-r8e/sources/cxx-stl/gnu-libstdc++/4.4.3/libs/armeabi/libgnustl_static.a(string-inst.o)
                0x00008ce4                _ZNKSs4findEPKcjj
 .text._ZNKSs4findERKSsj
                0x00008d70        0xc /Users/Max/android-ndk-r8e/sources/cxx-stl/gnu-libstdc++/4.4.3/libs/armeabi/libgnustl_static.a(string-inst.o)
                0x00008d70                _ZNKSs4findERKSsj
 .text._ZNKSs5rfindEPKcj
                0x00008d7c       0x30 /Users/Max/android-ndk-r8e/sources/cxx-stl/gnu-libstdc++/4.4.3/libs/armeabi/libgnustl_static.a(string-inst.o)
                0x00008d7c                _ZNKSs5rfindEPKcj
 .text._ZNKSs4findEPKcj
                0x00008dac       0x30 /Users/Max/android-ndk-r8e/sources/cxx-stl/gnu-libstdc++/4.4.3/libs/armeabi/libgnustl_static.a(string-inst.o)
                0x00008dac                _ZNKSs4findEPKcj
 .text._ZNKSs16find_last_not_ofEPKcj
                0x00008ddc       0x30 /Users/Max/android-ndk-r8e/sources/cxx-stl/gnu-libstdc++/4.4.3/libs/armeabi/libgnustl_static.a(string-inst.o)
                0x00008ddc                _ZNKSs16find_last_not_ofEPKcj
 .text._ZNKSs17find_first_not_ofEPKcj
                0x00008e0c       0x30 /Users/Max/android-ndk-r8e/sources/cxx-stl/gnu-libstdc++/4.4.3/libs/armeabi/libgnustl_static.a(string-inst.o)
                0x00008e0c                _ZNKSs17find_first_not_ofEPKcj
 .text._ZNKSs13find_first_ofEPKcj
                0x00008e3c       0x30 /Users/Max/android-ndk-r8e/sources/cxx-stl/gnu-libstdc++/4.4.3/libs/armeabi/libgnustl_static.a(string-inst.o)
                0x00008e3c                _ZNKSs13find_first_ofEPKcj
 .text._ZNKSs12find_last_ofEPKcj
                0x00008e6c       0x30 /Users/Max/android-ndk-r8e/sources/cxx-stl/gnu-libstdc++/4.4.3/libs/armeabi/libgnustl_static.a(string-inst.o)
                0x00008e6c                _ZNKSs12find_last_ofEPKcj
 .text._ZNKSs7compareEPKc
                0x00008e9c       0x40 /Users/Max/android-ndk-r8e/sources/cxx-stl/gnu-libstdc++/4.4.3/libs/armeabi/libgnustl_static.a(string-inst.o)
                0x00008e9c                _ZNKSs7compareEPKc
 .text._ZNKSs7compareEjjPKc
                0x00008edc       0x68 /Users/Max/android-ndk-r8e/sources/cxx-stl/gnu-libstdc++/4.4.3/libs/armeabi/libgnustl_static.a(string-inst.o)
                0x00008edc                _ZNKSs7compareEjjPKc
 .text._ZNSs13_S_copy_charsEPcPKcS1_
                0x00008f44       0x1c /Users/Max/android-ndk-r8e/sources/cxx-stl/gnu-libstdc++/4.4.3/libs/armeabi/libgnustl_static.a(string-inst.o)
                0x00008f44                _ZNSs13_S_copy_charsEPcPKcS1_
 .text._ZNSs13_S_copy_charsEPcN9__gnu_cxx17__normal_iteratorIPKcSsEES4_
                0x00008f60       0x1c /Users/Max/android-ndk-r8e/sources/cxx-stl/gnu-libstdc++/4.4.3/libs/armeabi/libgnustl_static.a(string-inst.o)
                0x00008f60                _ZNSs13_S_copy_charsEPcN9__gnu_cxx17__normal_iteratorIPKcSsEES4_
 .text._ZNSs13_S_copy_charsEPcS_S_
                0x00008f7c       0x1c /Users/Max/android-ndk-r8e/sources/cxx-stl/gnu-libstdc++/4.4.3/libs/armeabi/libgnustl_static.a(string-inst.o)
                0x00008f7c                _ZNSs13_S_copy_charsEPcS_S_
 .text._ZNSs13_S_copy_charsEPcN9__gnu_cxx17__normal_iteratorIS_SsEES2_
                0x00008f98       0x1c /Users/Max/android-ndk-r8e/sources/cxx-stl/gnu-libstdc++/4.4.3/libs/armeabi/libgnustl_static.a(string-inst.o)
                0x00008f98                _ZNSs13_S_copy_charsEPcN9__gnu_cxx17__normal_iteratorIS_SsEES2_
 .text._ZNSs12_S_constructIPKcEEPcT_S3_RKSaIcESt20forward_iterator_tag
                0x00008fb4       0xb4 /Users/Max/android-ndk-r8e/sources/cxx-stl/gnu-libstdc++/4.4.3/libs/armeabi/libgnustl_static.a(string-inst.o)
                0x00008fb4                _ZNSs12_S_constructIPKcEEPcT_S3_RKSaIcESt20forward_iterator_tag
 .text._ZNSsC1IPKcEET_S2_RKSaIcE
                0x00009068       0x28 /Users/Max/android-ndk-r8e/sources/cxx-stl/gnu-libstdc++/4.4.3/libs/armeabi/libgnustl_static.a(string-inst.o)
                0x00009068                _ZNSsC1IPKcEET_S2_RKSaIcE
 .text._ZNSsC2IPKcEET_S2_RKSaIcE
                0x00009090       0x28 /Users/Max/android-ndk-r8e/sources/cxx-stl/gnu-libstdc++/4.4.3/libs/armeabi/libgnustl_static.a(string-inst.o)
                0x00009090                _ZNSsC2IPKcEET_S2_RKSaIcE
 .text._ZNSsC1ESt16initializer_listIcERKSaIcE
                0x000090b8       0x3c /Users/Max/android-ndk-r8e/sources/cxx-stl/gnu-libstdc++/4.4.3/libs/armeabi/libgnustl_static.a(string-inst.o)
                0x000090b8                _ZNSsC1ESt16initializer_listIcERKSaIcE
 .text._ZNSsC2ESt16initializer_listIcERKSaIcE
                0x000090f4       0x3c /Users/Max/android-ndk-r8e/sources/cxx-stl/gnu-libstdc++/4.4.3/libs/armeabi/libgnustl_static.a(string-inst.o)
                0x000090f4                _ZNSsC2ESt16initializer_listIcERKSaIcE
 .text._ZNSsC1EPKcRKSaIcE
                0x00009130       0x40 /Users/Max/android-ndk-r8e/sources/cxx-stl/gnu-libstdc++/4.4.3/libs/armeabi/libgnustl_static.a(string-inst.o)
                0x00009130                _ZNSsC1EPKcRKSaIcE
 .text._ZNSsC2EPKcRKSaIcE
                0x00009170       0x40 /Users/Max/android-ndk-r8e/sources/cxx-stl/gnu-libstdc++/4.4.3/libs/armeabi/libgnustl_static.a(string-inst.o)
                0x00009170                _ZNSsC2EPKcRKSaIcE
 .text._ZNSsC1EPKcjRKSaIcE
                0x000091b0       0x28 /Users/Max/android-ndk-r8e/sources/cxx-stl/gnu-libstdc++/4.4.3/libs/armeabi/libgnustl_static.a(string-inst.o)
                0x000091b0                _ZNSsC1EPKcjRKSaIcE
 .text._ZNSsC2EPKcjRKSaIcE
                0x000091d8       0x28 /Users/Max/android-ndk-r8e/sources/cxx-stl/gnu-libstdc++/4.4.3/libs/armeabi/libgnustl_static.a(string-inst.o)
                0x000091d8                _ZNSsC2EPKcjRKSaIcE
 .text._ZNSs12_S_constructIPcEES0_T_S1_RKSaIcESt20forward_iterator_tag
                0x00009200       0xb4 /Users/Max/android-ndk-r8e/sources/cxx-stl/gnu-libstdc++/4.4.3/libs/armeabi/libgnustl_static.a(string-inst.o)
                0x00009200                _ZNSs12_S_constructIPcEES0_T_S1_RKSaIcESt20forward_iterator_tag
 .text._ZNSsC1IPcEET_S1_RKSaIcE
                0x000092b4       0x28 /Users/Max/android-ndk-r8e/sources/cxx-stl/gnu-libstdc++/4.4.3/libs/armeabi/libgnustl_static.a(string-inst.o)
                0x000092b4                _ZNSsC1IPcEET_S1_RKSaIcE
 .text._ZNSsC2IPcEET_S1_RKSaIcE
                0x000092dc       0x28 /Users/Max/android-ndk-r8e/sources/cxx-stl/gnu-libstdc++/4.4.3/libs/armeabi/libgnustl_static.a(string-inst.o)
                0x000092dc                _ZNSsC2IPcEET_S1_RKSaIcE
 .text._ZNSsC1ERKSsjjRKSaIcE
                0x00009304       0x58 /Users/Max/android-ndk-r8e/sources/cxx-stl/gnu-libstdc++/4.4.3/libs/armeabi/libgnustl_static.a(string-inst.o)
                0x00009304                _ZNSsC1ERKSsjjRKSaIcE
 .text._ZNSsC2ERKSsjjRKSaIcE
                0x0000935c       0x58 /Users/Max/android-ndk-r8e/sources/cxx-stl/gnu-libstdc++/4.4.3/libs/armeabi/libgnustl_static.a(string-inst.o)
                0x0000935c                _ZNSsC2ERKSsjjRKSaIcE
 .text._ZNSsC1ERKSsjj
                0x000093b4       0x64 /Users/Max/android-ndk-r8e/sources/cxx-stl/gnu-libstdc++/4.4.3/libs/armeabi/libgnustl_static.a(string-inst.o)
                0x000093b4                _ZNSsC1ERKSsjj
 .text._ZNKSs6substrEjj
                0x00009418       0x34 /Users/Max/android-ndk-r8e/sources/cxx-stl/gnu-libstdc++/4.4.3/libs/armeabi/libgnustl_static.a(string-inst.o)
                0x00009418                _ZNKSs6substrEjj
 .text._ZNSsC2ERKSsjj
                0x0000944c       0x64 /Users/Max/android-ndk-r8e/sources/cxx-stl/gnu-libstdc++/4.4.3/libs/armeabi/libgnustl_static.a(string-inst.o)
                0x0000944c                _ZNSsC2ERKSsjj
 .text._ZNSsD1Ev
                0x000094b0       0x50 /Users/Max/android-ndk-r8e/sources/cxx-stl/gnu-libstdc++/4.4.3/libs/armeabi/libgnustl_static.a(string-inst.o)
                0x000094b0                _ZNSsD1Ev
 .text._ZNSsD2Ev
                0x00009500       0x50 /Users/Max/android-ndk-r8e/sources/cxx-stl/gnu-libstdc++/4.4.3/libs/armeabi/libgnustl_static.a(string-inst.o)
                0x00009500                _ZNSsD2Ev
 .text._ZNSs12_S_constructIN9__gnu_cxx17__normal_iteratorIPcSsEEEES2_T_S4_RKSaIcESt20forward_iterator_tag
                0x00009550       0x7c /Users/Max/android-ndk-r8e/sources/cxx-stl/gnu-libstdc++/4.4.3/libs/armeabi/libgnustl_static.a(string-inst.o)
                0x00009550                _ZNSs12_S_constructIN9__gnu_cxx17__normal_iteratorIPcSsEEEES2_T_S4_RKSaIcESt20forward_iterator_tag
 .text._ZNSsC1IN9__gnu_cxx17__normal_iteratorIPcSsEEEET_S4_RKSaIcE
                0x000095cc       0x28 /Users/Max/android-ndk-r8e/sources/cxx-stl/gnu-libstdc++/4.4.3/libs/armeabi/libgnustl_static.a(string-inst.o)
                0x000095cc                _ZNSsC1IN9__gnu_cxx17__normal_iteratorIPcSsEEEET_S4_RKSaIcE
 .text._ZNSsC2IN9__gnu_cxx17__normal_iteratorIPcSsEEEET_S4_RKSaIcE
                0x000095f4       0x28 /Users/Max/android-ndk-r8e/sources/cxx-stl/gnu-libstdc++/4.4.3/libs/armeabi/libgnustl_static.a(string-inst.o)
                0x000095f4                _ZNSsC2IN9__gnu_cxx17__normal_iteratorIPcSsEEEET_S4_RKSaIcE
 .text._ZNKSs4copyEPcjj
                0x0000961c       0x74 /Users/Max/android-ndk-r8e/sources/cxx-stl/gnu-libstdc++/4.4.3/libs/armeabi/libgnustl_static.a(string-inst.o)
                0x0000961c                _ZNKSs4copyEPcjj
 .text._ZNSs4_Rep8_M_cloneERKSaIcEj
                0x00009690       0xa0 /Users/Max/android-ndk-r8e/sources/cxx-stl/gnu-libstdc++/4.4.3/libs/armeabi/libgnustl_static.a(string-inst.o)
                0x00009690                _ZNSs4_Rep8_M_cloneERKSaIcEj
 .text._ZNSs7reserveEj
                0x00009730       0x98 /Users/Max/android-ndk-r8e/sources/cxx-stl/gnu-libstdc++/4.4.3/libs/armeabi/libgnustl_static.a(string-inst.o)
                0x00009730                _ZNSs7reserveEj
 .text._ZNSs9push_backEc
                0x000097c8       0x70 /Users/Max/android-ndk-r8e/sources/cxx-stl/gnu-libstdc++/4.4.3/libs/armeabi/libgnustl_static.a(string-inst.o)
                0x000097c8                _ZNSs9push_backEc
 .text._ZNSs6appendEjc
                0x00009838       0xc0 /Users/Max/android-ndk-r8e/sources/cxx-stl/gnu-libstdc++/4.4.3/libs/armeabi/libgnustl_static.a(string-inst.o)
                0x00009838                _ZNSs6appendEjc
 .text._ZNSs6appendEPKcj
                0x000098f8       0xf4 /Users/Max/android-ndk-r8e/sources/cxx-stl/gnu-libstdc++/4.4.3/libs/armeabi/libgnustl_static.a(string-inst.o)
                0x000098f8                _ZNSs6appendEPKcj
 .text._ZNSs6appendEPKc
                0x000099ec       0x28 /Users/Max/android-ndk-r8e/sources/cxx-stl/gnu-libstdc++/4.4.3/libs/armeabi/libgnustl_static.a(string-inst.o)
                0x000099ec                _ZNSs6appendEPKc
 .text._ZNSspLEPKc
                0x00009a14       0x28 /Users/Max/android-ndk-r8e/sources/cxx-stl/gnu-libstdc++/4.4.3/libs/armeabi/libgnustl_static.a(string-inst.o)
                0x00009a14                _ZNSspLEPKc
 .text._ZNSs6appendERKSsjj
                0x00009a3c       0xcc /Users/Max/android-ndk-r8e/sources/cxx-stl/gnu-libstdc++/4.4.3/libs/armeabi/libgnustl_static.a(string-inst.o)
                0x00009a3c                _ZNSs6appendERKSsjj
 .text._ZNSs6appendERKSs
                0x00009b08       0xa0 /Users/Max/android-ndk-r8e/sources/cxx-stl/gnu-libstdc++/4.4.3/libs/armeabi/libgnustl_static.a(string-inst.o)
                0x00009b08                _ZNSs6appendERKSs
 .text._ZNSspLERKSs
                0x00009ba8        0x4 /Users/Max/android-ndk-r8e/sources/cxx-stl/gnu-libstdc++/4.4.3/libs/armeabi/libgnustl_static.a(string-inst.o)
                0x00009ba8                _ZNSspLERKSs
 .text._ZStplIcSt11char_traitsIcESaIcEESbIT_T0_T1_ES3_RKS6_
                0x00009bac       0x6c /Users/Max/android-ndk-r8e/sources/cxx-stl/gnu-libstdc++/4.4.3/libs/armeabi/libgnustl_static.a(string-inst.o)
                0x00009bac                _ZStplIcSt11char_traitsIcESaIcEESbIT_T0_T1_ES3_RKS6_
 .text._ZStplIcSt11char_traitsIcESaIcEESbIT_T0_T1_EPKS3_RKS6_
                0x00009c18       0x7c /Users/Max/android-ndk-r8e/sources/cxx-stl/gnu-libstdc++/4.4.3/libs/armeabi/libgnustl_static.a(string-inst.o)
                0x00009c18                _ZStplIcSt11char_traitsIcESaIcEESbIT_T0_T1_EPKS3_RKS6_
 .text._ZNSspLEc
                0x00009c94       0x70 /Users/Max/android-ndk-r8e/sources/cxx-stl/gnu-libstdc++/4.4.3/libs/armeabi/libgnustl_static.a(string-inst.o)
                0x00009c94                _ZNSspLEc
 .text._ZNSsC2ERKSs
                0x00009d04       0x88 /Users/Max/android-ndk-r8e/sources/cxx-stl/gnu-libstdc++/4.4.3/libs/armeabi/libgnustl_static.a(string-inst.o)
                0x00009d04                _ZNSsC2ERKSs
 .text._ZNSs4_Rep7_M_grabERKSaIcES2_
                0x00009d8c       0x5c /Users/Max/android-ndk-r8e/sources/cxx-stl/gnu-libstdc++/4.4.3/libs/armeabi/libgnustl_static.a(string-inst.o)
                0x00009d8c                _ZNSs4_Rep7_M_grabERKSaIcES2_
 .text._ZNSsC1ERKSs
                0x00009de8       0x88 /Users/Max/android-ndk-r8e/sources/cxx-stl/gnu-libstdc++/4.4.3/libs/armeabi/libgnustl_static.a(string-inst.o)
                0x00009de8                _ZNSsC1ERKSs
 .text._ZStplIcSt11char_traitsIcESaIcEESbIT_T0_T1_ERKS6_S8_
                0x00009e70       0x38 /Users/Max/android-ndk-r8e/sources/cxx-stl/gnu-libstdc++/4.4.3/libs/armeabi/libgnustl_static.a(string-inst.o)
                0x00009e70                _ZStplIcSt11char_traitsIcESaIcEESbIT_T0_T1_ERKS6_S8_
 .text._ZNSs6assignERKSs
                0x00009ea8       0xe0 /Users/Max/android-ndk-r8e/sources/cxx-stl/gnu-libstdc++/4.4.3/libs/armeabi/libgnustl_static.a(string-inst.o)
                0x00009ea8                _ZNSs6assignERKSs
 .text._ZNSsaSERKSs
                0x00009f88        0x4 /Users/Max/android-ndk-r8e/sources/cxx-stl/gnu-libstdc++/4.4.3/libs/armeabi/libgnustl_static.a(string-inst.o)
                0x00009f88                _ZNSsaSERKSs
 .text._ZNSs9_M_mutateEjjj
                0x00009f8c      0x16c /Users/Max/android-ndk-r8e/sources/cxx-stl/gnu-libstdc++/4.4.3/libs/armeabi/libgnustl_static.a(string-inst.o)
                0x00009f8c                _ZNSs9_M_mutateEjjj
 .text._ZNSs14_M_replace_auxEjjjc
                0x0000a0f8       0x7c /Users/Max/android-ndk-r8e/sources/cxx-stl/gnu-libstdc++/4.4.3/libs/armeabi/libgnustl_static.a(string-inst.o)
                0x0000a0f8                _ZNSs14_M_replace_auxEjjjc
 .text._ZNSs7replaceEN9__gnu_cxx17__normal_iteratorIPcSsEES2_jc
                0x0000a174       0x18 /Users/Max/android-ndk-r8e/sources/cxx-stl/gnu-libstdc++/4.4.3/libs/armeabi/libgnustl_static.a(string-inst.o)
                0x0000a174                _ZNSs7replaceEN9__gnu_cxx17__normal_iteratorIPcSsEES2_jc
 .text._ZNSs7replaceEjjjc
                0x0000a18c       0x40 /Users/Max/android-ndk-r8e/sources/cxx-stl/gnu-libstdc++/4.4.3/libs/armeabi/libgnustl_static.a(string-inst.o)
                0x0000a18c                _ZNSs7replaceEjjjc
 .text._ZNSs6insertEN9__gnu_cxx17__normal_iteratorIPcSsEEc
                0x0000a1cc       0x40 /Users/Max/android-ndk-r8e/sources/cxx-stl/gnu-libstdc++/4.4.3/libs/armeabi/libgnustl_static.a(string-inst.o)
                0x0000a1cc                _ZNSs6insertEN9__gnu_cxx17__normal_iteratorIPcSsEEc
 .text._ZNSs6insertEjjc
                0x0000a20c       0x44 /Users/Max/android-ndk-r8e/sources/cxx-stl/gnu-libstdc++/4.4.3/libs/armeabi/libgnustl_static.a(string-inst.o)
                0x0000a20c                _ZNSs6insertEjjc
 .text._ZNSs6assignEjc
                0x0000a250       0x2c /Users/Max/android-ndk-r8e/sources/cxx-stl/gnu-libstdc++/4.4.3/libs/armeabi/libgnustl_static.a(string-inst.o)
                0x0000a250                _ZNSs6assignEjc
 .text._ZNSs6insertEN9__gnu_cxx17__normal_iteratorIPcSsEEjc
                0x0000a27c       0x28 /Users/Max/android-ndk-r8e/sources/cxx-stl/gnu-libstdc++/4.4.3/libs/armeabi/libgnustl_static.a(string-inst.o)
                0x0000a27c                _ZNSs6insertEN9__gnu_cxx17__normal_iteratorIPcSsEEjc
 .text._ZNSsaSEc
                0x0000a2a4       0x30 /Users/Max/android-ndk-r8e/sources/cxx-stl/gnu-libstdc++/4.4.3/libs/armeabi/libgnustl_static.a(string-inst.o)
                0x0000a2a4                _ZNSsaSEc
 .text._ZNSs5eraseEN9__gnu_cxx17__normal_iteratorIPcSsEES2_
                0x0000a2d4       0x34 /Users/Max/android-ndk-r8e/sources/cxx-stl/gnu-libstdc++/4.4.3/libs/armeabi/libgnustl_static.a(string-inst.o)
                0x0000a2d4                _ZNSs5eraseEN9__gnu_cxx17__normal_iteratorIPcSsEES2_
 .text._ZNSs5eraseEN9__gnu_cxx17__normal_iteratorIPcSsEE
                0x0000a308       0x34 /Users/Max/android-ndk-r8e/sources/cxx-stl/gnu-libstdc++/4.4.3/libs/armeabi/libgnustl_static.a(string-inst.o)
                0x0000a308                _ZNSs5eraseEN9__gnu_cxx17__normal_iteratorIPcSsEE
 .text._ZNSs5eraseEjj
                0x0000a33c       0x44 /Users/Max/android-ndk-r8e/sources/cxx-stl/gnu-libstdc++/4.4.3/libs/armeabi/libgnustl_static.a(string-inst.o)
                0x0000a33c                _ZNSs5eraseEjj
 .text._ZNSs5clearEv
                0x0000a380       0x14 /Users/Max/android-ndk-r8e/sources/cxx-stl/gnu-libstdc++/4.4.3/libs/armeabi/libgnustl_static.a(string-inst.o)
                0x0000a380                _ZNSs5clearEv
 .text._ZNSs12_M_leak_hardEv
                0x0000a394       0x54 /Users/Max/android-ndk-r8e/sources/cxx-stl/gnu-libstdc++/4.4.3/libs/armeabi/libgnustl_static.a(string-inst.o)
                0x0000a394                _ZNSs12_M_leak_hardEv
 .text._ZNSs7_M_leakEv
                0x0000a3e8       0x14 /Users/Max/android-ndk-r8e/sources/cxx-stl/gnu-libstdc++/4.4.3/libs/armeabi/libgnustl_static.a(string-inst.o)
                0x0000a3e8                _ZNSs7_M_leakEv
 .text._ZNSsixEj
                0x0000a3fc       0x2c /Users/Max/android-ndk-r8e/sources/cxx-stl/gnu-libstdc++/4.4.3/libs/armeabi/libgnustl_static.a(string-inst.o)
                0x0000a3fc                _ZNSsixEj
 .text._ZNSs5beginEv
                0x0000a428       0x28 /Users/Max/android-ndk-r8e/sources/cxx-stl/gnu-libstdc++/4.4.3/libs/armeabi/libgnustl_static.a(string-inst.o)
                0x0000a428                _ZNSs5beginEv
 .text._ZNSs4rendEv
                0x0000a450       0x34 /Users/Max/android-ndk-r8e/sources/cxx-stl/gnu-libstdc++/4.4.3/libs/armeabi/libgnustl_static.a(string-inst.o)
                0x0000a450                _ZNSs4rendEv
 .text._ZNSs3endEv
                0x0000a484       0x34 /Users/Max/android-ndk-r8e/sources/cxx-stl/gnu-libstdc++/4.4.3/libs/armeabi/libgnustl_static.a(string-inst.o)
                0x0000a484                _ZNSs3endEv
 .text._ZNSs2atEj
                0x0000a4b8       0x4c /Users/Max/android-ndk-r8e/sources/cxx-stl/gnu-libstdc++/4.4.3/libs/armeabi/libgnustl_static.a(string-inst.o)
                0x0000a4b8                _ZNSs2atEj
 .text._ZNSs6rbeginEv
                0x0000a504       0x44 /Users/Max/android-ndk-r8e/sources/cxx-stl/gnu-libstdc++/4.4.3/libs/armeabi/libgnustl_static.a(string-inst.o)
                0x0000a504                _ZNSs6rbeginEv
 .text._ZNSs15_M_replace_safeEjjPKcj
                0x0000a548       0x60 /Users/Max/android-ndk-r8e/sources/cxx-stl/gnu-libstdc++/4.4.3/libs/armeabi/libgnustl_static.a(string-inst.o)
                0x0000a548                _ZNSs15_M_replace_safeEjjPKcj
 .text._ZNSs6assignEPKcj
                0x0000a5a8       0xec /Users/Max/android-ndk-r8e/sources/cxx-stl/gnu-libstdc++/4.4.3/libs/armeabi/libgnustl_static.a(string-inst.o)
                0x0000a5a8                _ZNSs6assignEPKcj
 .text._ZNSs6assignEPKc
                0x0000a694       0x28 /Users/Max/android-ndk-r8e/sources/cxx-stl/gnu-libstdc++/4.4.3/libs/armeabi/libgnustl_static.a(string-inst.o)
                0x0000a694                _ZNSs6assignEPKc
 .text._ZNSs6assignERKSsjj
                0x0000a6bc       0x40 /Users/Max/android-ndk-r8e/sources/cxx-stl/gnu-libstdc++/4.4.3/libs/armeabi/libgnustl_static.a(string-inst.o)
                0x0000a6bc                _ZNSs6assignERKSsjj
 .text._ZNSsaSEPKc
                0x0000a6fc       0x28 /Users/Max/android-ndk-r8e/sources/cxx-stl/gnu-libstdc++/4.4.3/libs/armeabi/libgnustl_static.a(string-inst.o)
                0x0000a6fc                _ZNSsaSEPKc
 .text._ZNSs6insertEjPKcj
                0x0000a724      0x168 /Users/Max/android-ndk-r8e/sources/cxx-stl/gnu-libstdc++/4.4.3/libs/armeabi/libgnustl_static.a(string-inst.o)
                0x0000a724                _ZNSs6insertEjPKcj
 .text._ZNSs6insertEjPKc
                0x0000a88c       0x30 /Users/Max/android-ndk-r8e/sources/cxx-stl/gnu-libstdc++/4.4.3/libs/armeabi/libgnustl_static.a(string-inst.o)
                0x0000a88c                _ZNSs6insertEjPKc
 .text._ZNSs6insertEjRKSsjj
                0x0000a8bc       0x44 /Users/Max/android-ndk-r8e/sources/cxx-stl/gnu-libstdc++/4.4.3/libs/armeabi/libgnustl_static.a(string-inst.o)
                0x0000a8bc                _ZNSs6insertEjRKSsjj
 .text._ZNSs6insertEjRKSs
                0x0000a900        0xc /Users/Max/android-ndk-r8e/sources/cxx-stl/gnu-libstdc++/4.4.3/libs/armeabi/libgnustl_static.a(string-inst.o)
                0x0000a900                _ZNSs6insertEjRKSs
 .text._ZNSs6resizeEjc
                0x0000a90c       0x4c /Users/Max/android-ndk-r8e/sources/cxx-stl/gnu-libstdc++/4.4.3/libs/armeabi/libgnustl_static.a(string-inst.o)
                0x0000a90c                _ZNSs6resizeEjc
 .text._ZNSs6resizeEj
                0x0000a958        0x8 /Users/Max/android-ndk-r8e/sources/cxx-stl/gnu-libstdc++/4.4.3/libs/armeabi/libgnustl_static.a(string-inst.o)
                0x0000a958                _ZNSs6resizeEj
 .text._ZNSs12_S_constructEjcRKSaIcE
                0x0000a960       0x70 /Users/Max/android-ndk-r8e/sources/cxx-stl/gnu-libstdc++/4.4.3/libs/armeabi/libgnustl_static.a(string-inst.o)
                0x0000a960                _ZNSs12_S_constructEjcRKSaIcE
 .text._ZNSsC1EjcRKSaIcE
                0x0000a9d0       0x24 /Users/Max/android-ndk-r8e/sources/cxx-stl/gnu-libstdc++/4.4.3/libs/armeabi/libgnustl_static.a(string-inst.o)
                0x0000a9d0                _ZNSsC1EjcRKSaIcE
 .text._ZNSsC2EjcRKSaIcE
                0x0000a9f4       0x24 /Users/Max/android-ndk-r8e/sources/cxx-stl/gnu-libstdc++/4.4.3/libs/armeabi/libgnustl_static.a(string-inst.o)
                0x0000a9f4                _ZNSsC2EjcRKSaIcE
 .text._ZNSsC1ERKSaIcE
                0x0000aa18       0x24 /Users/Max/android-ndk-r8e/sources/cxx-stl/gnu-libstdc++/4.4.3/libs/armeabi/libgnustl_static.a(string-inst.o)
                0x0000aa18                _ZNSsC1ERKSaIcE
 .text._ZNSsC2ERKSaIcE
                0x0000aa3c       0x24 /Users/Max/android-ndk-r8e/sources/cxx-stl/gnu-libstdc++/4.4.3/libs/armeabi/libgnustl_static.a(string-inst.o)
                0x0000aa3c                _ZNSsC2ERKSaIcE
 .text._ZNSs7replaceEjjPKcj
                0x0000aa60      0x1a8 /Users/Max/android-ndk-r8e/sources/cxx-stl/gnu-libstdc++/4.4.3/libs/armeabi/libgnustl_static.a(string-inst.o)
                0x0000aa60                _ZNSs7replaceEjjPKcj
 .text._ZNSs7replaceEN9__gnu_cxx17__normal_iteratorIPcSsEES2_NS0_IPKcSsEES5_
                0x0000ac08       0x24 /Users/Max/android-ndk-r8e/sources/cxx-stl/gnu-libstdc++/4.4.3/libs/armeabi/libgnustl_static.a(string-inst.o)
                0x0000ac08                _ZNSs7replaceEN9__gnu_cxx17__normal_iteratorIPcSsEES2_NS0_IPKcSsEES5_
 .text._ZNSs7replaceEN9__gnu_cxx17__normal_iteratorIPcSsEES2_S2_S2_
                0x0000ac2c       0x24 /Users/Max/android-ndk-r8e/sources/cxx-stl/gnu-libstdc++/4.4.3/libs/armeabi/libgnustl_static.a(string-inst.o)
                0x0000ac2c                _ZNSs7replaceEN9__gnu_cxx17__normal_iteratorIPcSsEES2_S2_S2_
 .text._ZNSs7replaceEN9__gnu_cxx17__normal_iteratorIPcSsEES2_PKcS4_
                0x0000ac50       0x24 /Users/Max/android-ndk-r8e/sources/cxx-stl/gnu-libstdc++/4.4.3/libs/armeabi/libgnustl_static.a(string-inst.o)
                0x0000ac50                _ZNSs7replaceEN9__gnu_cxx17__normal_iteratorIPcSsEES2_PKcS4_
 .text._ZNSs7replaceEN9__gnu_cxx17__normal_iteratorIPcSsEES2_S1_S1_
                0x0000ac74       0x24 /Users/Max/android-ndk-r8e/sources/cxx-stl/gnu-libstdc++/4.4.3/libs/armeabi/libgnustl_static.a(string-inst.o)
                0x0000ac74                _ZNSs7replaceEN9__gnu_cxx17__normal_iteratorIPcSsEES2_S1_S1_
 .text._ZNSs7replaceEN9__gnu_cxx17__normal_iteratorIPcSsEES2_PKcj
                0x0000ac98       0x10 /Users/Max/android-ndk-r8e/sources/cxx-stl/gnu-libstdc++/4.4.3/libs/armeabi/libgnustl_static.a(string-inst.o)
                0x0000ac98                _ZNSs7replaceEN9__gnu_cxx17__normal_iteratorIPcSsEES2_PKcj
 .text._ZNSs7replaceEjjPKc
                0x0000aca8       0x40 /Users/Max/android-ndk-r8e/sources/cxx-stl/gnu-libstdc++/4.4.3/libs/armeabi/libgnustl_static.a(string-inst.o)
                0x0000aca8                _ZNSs7replaceEjjPKc
 .text._ZNSs7replaceEjjRKSsjj
                0x0000ace8       0x48 /Users/Max/android-ndk-r8e/sources/cxx-stl/gnu-libstdc++/4.4.3/libs/armeabi/libgnustl_static.a(string-inst.o)
                0x0000ace8                _ZNSs7replaceEjjRKSsjj
 .text._ZNSs7replaceEjjRKSs
                0x0000ad30       0x24 /Users/Max/android-ndk-r8e/sources/cxx-stl/gnu-libstdc++/4.4.3/libs/armeabi/libgnustl_static.a(string-inst.o)
                0x0000ad30                _ZNSs7replaceEjjRKSs
 .text._ZNSs7replaceEN9__gnu_cxx17__normal_iteratorIPcSsEES2_RKSs
                0x0000ad54       0x30 /Users/Max/android-ndk-r8e/sources/cxx-stl/gnu-libstdc++/4.4.3/libs/armeabi/libgnustl_static.a(string-inst.o)
                0x0000ad54                _ZNSs7replaceEN9__gnu_cxx17__normal_iteratorIPcSsEES2_RKSs
 .text._ZNSs7replaceEN9__gnu_cxx17__normal_iteratorIPcSsEES2_PKc
                0x0000ad84       0x44 /Users/Max/android-ndk-r8e/sources/cxx-stl/gnu-libstdc++/4.4.3/libs/armeabi/libgnustl_static.a(string-inst.o)
                0x0000ad84                _ZNSs7replaceEN9__gnu_cxx17__normal_iteratorIPcSsEES2_PKc
 .text._ZNSs7replaceEN9__gnu_cxx17__normal_iteratorIPcSsEES2_St16initializer_listIcE
                0x0000adc8       0x1c /Users/Max/android-ndk-r8e/sources/cxx-stl/gnu-libstdc++/4.4.3/libs/armeabi/libgnustl_static.a(string-inst.o)
                0x0000adc8                _ZNSs7replaceEN9__gnu_cxx17__normal_iteratorIPcSsEES2_St16initializer_listIcE
 .text._ZNSs6insertEN9__gnu_cxx17__normal_iteratorIPcSsEESt16initializer_listIcE
                0x0000ade4       0x34 /Users/Max/android-ndk-r8e/sources/cxx-stl/gnu-libstdc++/4.4.3/libs/armeabi/libgnustl_static.a(string-inst.o)
                0x0000ade4                _ZNSs6insertEN9__gnu_cxx17__normal_iteratorIPcSsEESt16initializer_listIcE
 .text._ZNSs6assignESt16initializer_listIcE
                0x0000ae18       0x34 /Users/Max/android-ndk-r8e/sources/cxx-stl/gnu-libstdc++/4.4.3/libs/armeabi/libgnustl_static.a(string-inst.o)
                0x0000ae18                _ZNSs6assignESt16initializer_listIcE
 .text._ZNSsaSESt16initializer_listIcE
                0x0000ae4c       0x3c /Users/Max/android-ndk-r8e/sources/cxx-stl/gnu-libstdc++/4.4.3/libs/armeabi/libgnustl_static.a(string-inst.o)
                0x0000ae4c                _ZNSsaSESt16initializer_listIcE
 .text._ZNSs6appendESt16initializer_listIcE
                0x0000ae88       0x34 /Users/Max/android-ndk-r8e/sources/cxx-stl/gnu-libstdc++/4.4.3/libs/armeabi/libgnustl_static.a(string-inst.o)
                0x0000ae88                _ZNSs6appendESt16initializer_listIcE
 .text._ZNSspLESt16initializer_listIcE
                0x0000aebc       0x34 /Users/Max/android-ndk-r8e/sources/cxx-stl/gnu-libstdc++/4.4.3/libs/armeabi/libgnustl_static.a(string-inst.o)
                0x0000aebc                _ZNSspLESt16initializer_listIcE
 .text          0x0000aef0        0x0 /Users/Max/android-ndk-r8e/sources/cxx-stl/gnu-libstdc++/4.4.3/libs/armeabi/libgnustl_static.a(atomicity.o)
 .text._ZNK9__gnu_cxx24__concurrence_lock_error4whatEv
                0x0000aef0       0x10 /Users/Max/android-ndk-r8e/sources/cxx-stl/gnu-libstdc++/4.4.3/libs/armeabi/libgnustl_static.a(atomicity.o)
                0x0000aef0                _ZNK9__gnu_cxx24__concurrence_lock_error4whatEv
 .text._ZNK9__gnu_cxx26__concurrence_unlock_error4whatEv
                0x0000af00       0x10 /Users/Max/android-ndk-r8e/sources/cxx-stl/gnu-libstdc++/4.4.3/libs/armeabi/libgnustl_static.a(atomicity.o)
                0x0000af00                _ZNK9__gnu_cxx26__concurrence_unlock_error4whatEv
 .text._ZN9__gnu_cxx24__concurrence_lock_errorD1Ev
                0x0000af10       0x28 /Users/Max/android-ndk-r8e/sources/cxx-stl/gnu-libstdc++/4.4.3/libs/armeabi/libgnustl_static.a(atomicity.o)
                0x0000af10                _ZN9__gnu_cxx24__concurrence_lock_errorD1Ev
 .text._ZN9__gnu_cxx26__concurrence_unlock_errorD1Ev
                0x0000af38       0x28 /Users/Max/android-ndk-r8e/sources/cxx-stl/gnu-libstdc++/4.4.3/libs/armeabi/libgnustl_static.a(atomicity.o)
                0x0000af38                _ZN9__gnu_cxx26__concurrence_unlock_errorD1Ev
 .text._ZN9__gnu_cxx18__exchange_and_addEPVii
                0x0000af60      0x124 /Users/Max/android-ndk-r8e/sources/cxx-stl/gnu-libstdc++/4.4.3/libs/armeabi/libgnustl_static.a(atomicity.o)
                0x0000af60                _ZN9__gnu_cxx18__exchange_and_addEPVii
 .text._ZN9__gnu_cxx12__atomic_addEPVii
                0x0000b084        0x4 /Users/Max/android-ndk-r8e/sources/cxx-stl/gnu-libstdc++/4.4.3/libs/armeabi/libgnustl_static.a(atomicity.o)
                0x0000b084                _ZN9__gnu_cxx12__atomic_addEPVii
 .text._ZN9__gnu_cxx26__concurrence_unlock_errorD0Ev
                0x0000b088       0x30 /Users/Max/android-ndk-r8e/sources/cxx-stl/gnu-libstdc++/4.4.3/libs/armeabi/libgnustl_static.a(atomicity.o)
                0x0000b088                _ZN9__gnu_cxx26__concurrence_unlock_errorD0Ev
 .text._ZN9__gnu_cxx24__concurrence_lock_errorD0Ev
                0x0000b0b8       0x30 /Users/Max/android-ndk-r8e/sources/cxx-stl/gnu-libstdc++/4.4.3/libs/armeabi/libgnustl_static.a(atomicity.o)
                0x0000b0b8                _ZN9__gnu_cxx24__concurrence_lock_errorD0Ev
 .text          0x0000b0e8        0x0 /Users/Max/android-ndk-r8e/sources/cxx-stl/gnu-libstdc++/4.4.3/libs/armeabi/libgnustl_static.a(atexit_arm.o)
 .text.__aeabi_atexit
                0x0000b0e8       0x10 /Users/Max/android-ndk-r8e/sources/cxx-stl/gnu-libstdc++/4.4.3/libs/armeabi/libgnustl_static.a(atexit_arm.o)
                0x0000b0e8                __aeabi_atexit
 .text          0x0000b0f8        0x0 /Users/Max/android-ndk-r8e/sources/cxx-stl/gnu-libstdc++/4.4.3/libs/armeabi/libgnustl_static.a(del_op.o)
 .text._ZdlPv   0x0000b0f8        0xc /Users/Max/android-ndk-r8e/sources/cxx-stl/gnu-libstdc++/4.4.3/libs/armeabi/libgnustl_static.a(del_op.o)
                0x0000b0f8                _ZdlPv
 .text          0x0000b104        0x0 /Users/Max/android-ndk-r8e/sources/cxx-stl/gnu-libstdc++/4.4.3/libs/armeabi/libgnustl_static.a(eh_alloc.o)
 .text._GLOBAL__I_eh_alloc.cc
                0x0000b104       0x28 /Users/Max/android-ndk-r8e/sources/cxx-stl/gnu-libstdc++/4.4.3/libs/armeabi/libgnustl_static.a(eh_alloc.o)
 .text._ZN9__gnu_cxx13__scoped_lockD1Ev
                0x0000b12c       0x68 /Users/Max/android-ndk-r8e/sources/cxx-stl/gnu-libstdc++/4.4.3/libs/armeabi/libgnustl_static.a(eh_alloc.o)
                0x0000b12c                _ZN9__gnu_cxx13__scoped_lockD1Ev
 .text.__cxa_free_dependent_exception
                0x0000b194      0x124 /Users/Max/android-ndk-r8e/sources/cxx-stl/gnu-libstdc++/4.4.3/libs/armeabi/libgnustl_static.a(eh_alloc.o)
                0x0000b194                __cxa_free_dependent_exception
 .text.__cxa_free_exception
                0x0000b2b8      0x11c /Users/Max/android-ndk-r8e/sources/cxx-stl/gnu-libstdc++/4.4.3/libs/armeabi/libgnustl_static.a(eh_alloc.o)
                0x0000b2b8                __cxa_free_exception
 .text.__cxa_allocate_dependent_exception
                0x0000b3d4      0x18c /Users/Max/android-ndk-r8e/sources/cxx-stl/gnu-libstdc++/4.4.3/libs/armeabi/libgnustl_static.a(eh_alloc.o)
                0x0000b3d4                __cxa_allocate_dependent_exception
 .text.__cxa_allocate_exception
                0x0000b560      0x18c /Users/Max/android-ndk-r8e/sources/cxx-stl/gnu-libstdc++/4.4.3/libs/armeabi/libgnustl_static.a(eh_alloc.o)
                0x0000b560                __cxa_allocate_exception
 .text          0x0000b6ec       0x10 /Users/Max/android-ndk-r8e/sources/cxx-stl/gnu-libstdc++/4.4.3/libs/armeabi/libgnustl_static.a(eh_arm.o)
                0x0000b6ec                __cxa_end_cleanup
 .text.__cxa_type_match
                0x0000b6fc      0x1ac /Users/Max/android-ndk-r8e/sources/cxx-stl/gnu-libstdc++/4.4.3/libs/armeabi/libgnustl_static.a(eh_arm.o)
                0x0000b6fc                __cxa_type_match
 .text.__cxa_begin_cleanup
                0x0000b8a8       0xb4 /Users/Max/android-ndk-r8e/sources/cxx-stl/gnu-libstdc++/4.4.3/libs/armeabi/libgnustl_static.a(eh_arm.o)
                0x0000b8a8                __cxa_begin_cleanup
 .text.__gnu_end_cleanup
                0x0000b95c       0xb4 /Users/Max/android-ndk-r8e/sources/cxx-stl/gnu-libstdc++/4.4.3/libs/armeabi/libgnustl_static.a(eh_arm.o)
                0x0000b95c                __gnu_end_cleanup
 .text          0x0000ba10        0x0 /Users/Max/android-ndk-r8e/sources/cxx-stl/gnu-libstdc++/4.4.3/libs/armeabi/libgnustl_static.a(eh_aux_runtime.o)
 .text.__cxa_bad_typeid
                0x0000ba10       0x48 /Users/Max/android-ndk-r8e/sources/cxx-stl/gnu-libstdc++/4.4.3/libs/armeabi/libgnustl_static.a(eh_aux_runtime.o)
                0x0000ba10                __cxa_bad_typeid
 .text.__cxa_bad_cast
                0x0000ba58       0x48 /Users/Max/android-ndk-r8e/sources/cxx-stl/gnu-libstdc++/4.4.3/libs/armeabi/libgnustl_static.a(eh_aux_runtime.o)
                0x0000ba58                __cxa_bad_cast
 .text          0x0000baa0        0x0 /Users/Max/android-ndk-r8e/sources/cxx-stl/gnu-libstdc++/4.4.3/libs/armeabi/libgnustl_static.a(eh_call.o)
 .text.__cxa_call_terminate
                0x0000baa0       0x7c /Users/Max/android-ndk-r8e/sources/cxx-stl/gnu-libstdc++/4.4.3/libs/armeabi/libgnustl_static.a(eh_call.o)
                0x0000baa0                __cxa_call_terminate
 .text.__cxa_call_unexpected
                0x0000bb1c      0x1d0 /Users/Max/android-ndk-r8e/sources/cxx-stl/gnu-libstdc++/4.4.3/libs/armeabi/libgnustl_static.a(eh_call.o)
                0x0000bb1c                __cxa_call_unexpected
 .text          0x0000bcec        0x0 /Users/Max/android-ndk-r8e/sources/cxx-stl/gnu-libstdc++/4.4.3/libs/armeabi/libgnustl_static.a(eh_catch.o)
 .text.__cxa_get_exception_ptr
                0x0000bcec        0x8 /Users/Max/android-ndk-r8e/sources/cxx-stl/gnu-libstdc++/4.4.3/libs/armeabi/libgnustl_static.a(eh_catch.o)
                0x0000bcec                __cxa_get_exception_ptr
 .text._ZSt18uncaught_exceptionv
                0x0000bcf4       0x18 /Users/Max/android-ndk-r8e/sources/cxx-stl/gnu-libstdc++/4.4.3/libs/armeabi/libgnustl_static.a(eh_catch.o)
                0x0000bcf4                _ZSt18uncaught_exceptionv
 .text.__cxa_end_catch
                0x0000bd0c       0xdc /Users/Max/android-ndk-r8e/sources/cxx-stl/gnu-libstdc++/4.4.3/libs/armeabi/libgnustl_static.a(eh_catch.o)
                0x0000bd0c                __cxa_end_catch
 .text.__cxa_begin_catch
                0x0000bde8       0xdc /Users/Max/android-ndk-r8e/sources/cxx-stl/gnu-libstdc++/4.4.3/libs/armeabi/libgnustl_static.a(eh_catch.o)
                0x0000bde8                __cxa_begin_catch
 .text          0x0000bec4        0x0 /Users/Max/android-ndk-r8e/sources/cxx-stl/gnu-libstdc++/4.4.3/libs/armeabi/libgnustl_static.a(eh_exception.o)
 .text._ZNSt9exceptionD2Ev
                0x0000bec4        0x4 /Users/Max/android-ndk-r8e/sources/cxx-stl/gnu-libstdc++/4.4.3/libs/armeabi/libgnustl_static.a(eh_exception.o)
                0x0000bec4                _ZNSt9exceptionD2Ev
 .text._ZNSt9exceptionD1Ev
                0x0000bec8        0x4 /Users/Max/android-ndk-r8e/sources/cxx-stl/gnu-libstdc++/4.4.3/libs/armeabi/libgnustl_static.a(eh_exception.o)
                0x0000bec8                _ZNSt9exceptionD1Ev
 .text._ZNSt13bad_exceptionD2Ev
                0x0000becc       0x34 /Users/Max/android-ndk-r8e/sources/cxx-stl/gnu-libstdc++/4.4.3/libs/armeabi/libgnustl_static.a(eh_exception.o)
                0x0000becc                _ZNSt13bad_exceptionD2Ev
 .text._ZNSt13bad_exceptionD1Ev
                0x0000bf00       0x34 /Users/Max/android-ndk-r8e/sources/cxx-stl/gnu-libstdc++/4.4.3/libs/armeabi/libgnustl_static.a(eh_exception.o)
                0x0000bf00                _ZNSt13bad_exceptionD1Ev
 .text._ZN10__cxxabiv115__forced_unwindD2Ev
                0x0000bf34        0x4 /Users/Max/android-ndk-r8e/sources/cxx-stl/gnu-libstdc++/4.4.3/libs/armeabi/libgnustl_static.a(eh_exception.o)
                0x0000bf34                _ZN10__cxxabiv115__forced_unwindD2Ev
 .text._ZN10__cxxabiv115__forced_unwindD1Ev
                0x0000bf38        0x4 /Users/Max/android-ndk-r8e/sources/cxx-stl/gnu-libstdc++/4.4.3/libs/armeabi/libgnustl_static.a(eh_exception.o)
                0x0000bf38                _ZN10__cxxabiv115__forced_unwindD1Ev
 .text._ZN10__cxxabiv119__foreign_exceptionD2Ev
                0x0000bf3c        0x4 /Users/Max/android-ndk-r8e/sources/cxx-stl/gnu-libstdc++/4.4.3/libs/armeabi/libgnustl_static.a(eh_exception.o)
                0x0000bf3c                _ZN10__cxxabiv119__foreign_exceptionD2Ev
 .text._ZN10__cxxabiv119__foreign_exceptionD1Ev
                0x0000bf40        0x4 /Users/Max/android-ndk-r8e/sources/cxx-stl/gnu-libstdc++/4.4.3/libs/armeabi/libgnustl_static.a(eh_exception.o)
                0x0000bf40                _ZN10__cxxabiv119__foreign_exceptionD1Ev
 .text._ZNKSt9exception4whatEv
                0x0000bf44       0x10 /Users/Max/android-ndk-r8e/sources/cxx-stl/gnu-libstdc++/4.4.3/libs/armeabi/libgnustl_static.a(eh_exception.o)
                0x0000bf44                _ZNKSt9exception4whatEv
 .text._ZNKSt13bad_exception4whatEv
                0x0000bf54       0x10 /Users/Max/android-ndk-r8e/sources/cxx-stl/gnu-libstdc++/4.4.3/libs/armeabi/libgnustl_static.a(eh_exception.o)
                0x0000bf54                _ZNKSt13bad_exception4whatEv
 .text._ZN10__cxxabiv119__foreign_exceptionD0Ev
                0x0000bf64       0x1c /Users/Max/android-ndk-r8e/sources/cxx-stl/gnu-libstdc++/4.4.3/libs/armeabi/libgnustl_static.a(eh_exception.o)
                0x0000bf64                _ZN10__cxxabiv119__foreign_exceptionD0Ev
 .text._ZN10__cxxabiv115__forced_unwindD0Ev
                0x0000bf80       0x1c /Users/Max/android-ndk-r8e/sources/cxx-stl/gnu-libstdc++/4.4.3/libs/armeabi/libgnustl_static.a(eh_exception.o)
                0x0000bf80                _ZN10__cxxabiv115__forced_unwindD0Ev
 .text._ZNSt9exceptionD0Ev
                0x0000bf9c       0x1c /Users/Max/android-ndk-r8e/sources/cxx-stl/gnu-libstdc++/4.4.3/libs/armeabi/libgnustl_static.a(eh_exception.o)
                0x0000bf9c                _ZNSt9exceptionD0Ev
 .text._ZNSt13bad_exceptionD0Ev
                0x0000bfb8       0x1c /Users/Max/android-ndk-r8e/sources/cxx-stl/gnu-libstdc++/4.4.3/libs/armeabi/libgnustl_static.a(eh_exception.o)
                0x0000bfb8                _ZNSt13bad_exceptionD0Ev
 .text          0x0000bfd4        0x0 /Users/Max/android-ndk-r8e/sources/cxx-stl/gnu-libstdc++/4.4.3/libs/armeabi/libgnustl_static.a(eh_globals.o)
 .text._GLOBAL__I_eh_globals.cc